# База стража check-selftest-honest-count.py.
# literal = сколько самотестов печатают число случаев ЛИТЕРАЛОМ в итоговой строке
# (`ok: 8/8`), а не счётчиком. Такое число расходится с телом на первом же
# добавленном случае и не краснеет никогда.
#
# ЗАСЕВ 2026-09-04 (окно 274), сразу НОЛЬ — класс закрыт той же волной, а не
# записан в долг. Носителей было двенадцать, все переведены на счётчик `$CASES`,
# и перевод сразу показал, у скольких число разошлось:
#   arch-class-proofs   12 -> 13
#   arch-invariants      3 -> 4
#   deps                 9 -> 10
#   guard-registry      «8 случаев» -> 18
#   frontend-shape       8 -> 6   (ЗАЯВЛЯЛ БОЛЬШЕ, чем имел — худшее направление)
#   остальные семь совпали.
# Класс найден интегратором у себя (`7/7` при девяти свойствах) в тот же вечер.
# Рост над нулём — красный: новый самотест пишет счётчик с первой строки.
literal=0
