# База стража check-selftest-honest-count.py.
# literal = сколько самотестов печатают число случаев ЛИТЕРАЛОМ в итоговой строке
# (`ok: 8/8`), а не счётчиком. Такое число расходится с телом на первом же
# добавленном случае и не краснеет никогда.
#
# ЗАСЕВ 2026-09-04 (окно 274), сразу НОЛЬ — класс закрыт той же волной, а не
# записан в долг. Носителей было двенадцать, все переведены на счётчик `$CASES`,
# и перевод сразу показал, у скольких число разошлось:
#   arch-class-proofs   12 -> 13
#   arch-invariants      3 -> 4
#   deps                 9 -> 10
#   guard-registry      «8 случаев» -> 18
#   frontend-shape       8 -> 6   (ЗАЯВЛЯЛ БОЛЬШЕ, чем имел — худшее направление)
#   остальные семь совпали.
# Класс найден интегратором у себя (`7/7` при девяти свойствах) в тот же вечер.
# Рост над нулём — красный: новый самотест пишет счётчик с первой строки.
#
# 2026-09-06, БАЗА ПОДНЯТА 0 -> 21, И ЭТО НЕ РЕГРЕСС, А ПЕРВЫЙ ЗАМЕР.
# Ноль выше был не состоянием дерева, а слепотой стража: его `RE_OK_LINE` требовал
# `echo` В НАЧАЛЕ СТРОКИ, а весь корпус печатает итог так:
#     if [ "$FAILED" -eq 0 ]; then echo "селфтест X: 7/7 ok"; exit 0; fi
# Совпадение было НУЛЕВЫМ. Замер после починки шаблона: 22 из 192.
#
# ПОЧЕМУ СЛЕПОТА ЖИЛА ДВА ДНЯ. Страж уже правился за ТОТ ЖЕ класс (его
# шапка: первая редакция знала одну форму вердикта и пропускала семь самотестов),
# но исправлена была СЕРЕДИНА шаблона, а начало осталось. И главное — его
# СОБСТВЕННАЯ ПРОБА строила фикстуры с `echo` с начала строки, то есть проверяла
# форму, КОТОРОЙ В КОРПУСЕ НЕТ НИ РАЗУ. Зелёная проба на несуществующей форме
# доказывает ровно ничего. Строка реестра 221.1 №989.
#
# ПОЧЕМУ 21, А НЕ 22: свой самотест (check-merge-discipline) переведён на
# счётчик тем же слиянием — нашёл класс, чинишь хотя бы своё.
# Храповик ВНИЗ: каждый следующий переведённый опускает базу тем же слиянием.
literal=21
