# База храповика накопления — scripts/guards/check-no-accumulation.sh
#
# Считается ветка, ПЕРЕСТАВШАЯ двигаться и не влитая: коммиты вне main плюс
# последний коммит старше порога (по умолчанию 14 дней). Рост запрещён;
# снижение — свободно, база опускается той же правкой.
#
# ЛЕТОПИСЬ
# 2026-08-08 — база заведена значением 1.
#   Замер до уборки: 118 локальных веток, 46 полностью влитых, 71 несведённая
#   на 7850 коммитов, из них 48 замерших. Требование владельца дословно:
#   «разберись с ветками, старые удали + git gc, делай это каждый день по
#   крону». Уборка scripts/tools/repo-hygiene.sh --purge-stale: удалено 49
#   замерших веток (вершины записаны в d:/Sources/nv-lang/.repo-hygiene.log,
#   поднимаются по SHA пока жив reflog), плюс влитые по всем 13 репозиториям.
#   Итог: 118 -> 71 ветка, замерших 48 -> 1. Остаток 1 — ветка, замершая ровно
#   на границе порога; уйдёт следующим суточным прогоном.
stale_branches=1
