# База храповика накопления — scripts/guards/check-no-accumulation.sh
#
# Считается ветка, ПЕРЕСТАВШАЯ двигаться и не влитая: коммиты вне main плюс
# последний коммит старше порога (по умолчанию 14 дней). Рост запрещён;
# снижение — свободно, база опускается той же правкой.
#
# ЛЕТОПИСЬ
# 2026-08-08 — база заведена значением 1.
#   Замер до уборки: 118 локальных веток, 46 полностью влитых, 71 несведённая
#   на 7850 коммитов, из них 48 замерших. Требование владельца дословно:
#   «разберись с ветками, старые удали + git gc, делай это каждый день по
#   крону». Уборка scripts/tools/repo-hygiene.sh --purge-stale: удалено 49
#   замерших веток (вершины записаны в d:/Sources/nv-lang/.repo-hygiene.log,
#   поднимаются по SHA пока жив reflog), плюс влитые по всем 13 репозиториям.
#   Итог: 118 -> 71 ветка, замерших 48 -> 1. Остаток 1 — ветка, замершая ровно
#   на границе порога; уйдёт следующим суточным прогоном.
# БАМП 2026-08-12 (интегратор, в разгар работы над D458 — не своя работа, честно ПРИПАРКОВАНА, не разобрана):
#   aq3-isolate (1 коммит, 14 дн) — изолирующий тест a_q3_println_debug_record;
#   тема закрыта переквалификацией 2026-07-29, похоже на устаревший диагностический
#   черновик, но не проверено содержательно.
#   p235-bigint (2 коммита, 14 дн) — Plan 235 Ф.1, core BigInt module; РЕАЛЬНАЯ
#   фича-работа, план 196 явно ссылается на неё как отложенную («BigInt-кортежи
#   … ждёт №247»), НЕ мусор.
#   p-fix-n38-workertls (119 коммитов, 20 дн) — хвост несёт "hardcode-audit.sh"
#   влитым в main, но по ДРУГОМУ пути (план 231 переструктурировал scripts/, файл
#   сегодня живёт в scripts/guards/); похоже, что содержимое УЖЕ поглощено, но
#   119 коммитов не читаны — удалять на догадке нельзя. Реестр 221.1 №629 заведён,
#   чтобы разбор не потерялся.
# СНИЖЕНИЕ 2026-08-13: 3 -> 2. Пять исследовательских веток РАЗОБРАНЫ, а не
# припаркованы ещё раз: aq3-isolate, p150-race-repro, vrec-claims-repro,
# modconst-repro, p196-gs-spike. Их содержимое (документы находок и репро)
# перенесено в docs/plans/wip/ — коммиты 8784a56d7 и 14848637d, вершины веток
# записаны в сообщениях для восстановления из reflog. Файлы лежали в КОРНЕ
# репозитория, поэтому не слиты как есть: корень — витрина (№607).
#
# Остаток 2 — НЕ мусор, а работа, названная поимённо: p235-bigint (план 235
# Ф.1, 547 строк) и p-fix-n38-workertls (119 коммитов, 142 файла рантайма и
# компилятора — требует чтения, не приговора).
# СНИЖЕНИЕ 2026-08-13 (второе за день): 2 -> 0. Остаток разобран ТЕМ ЖЕ
# приёмом — сперва факты, потом приговор, и обе оказались не работой, а
# древними черновиками работы, вошедшей в дерево ДРУГИМ путём.
#
#   p-fix-n38-workertls — фикс №38 УЖЕ в main: `nova_scope_init_container`
#     живёт в compiler-codegen/nova_rt/fibers.h:983 и вызывается из
#     runtime.c:1910. Трёхточечный дифф вводил в заблуждение («multiple
#     merge bases, using db6dd4f71») и показывал поглощённое как
#     отсутствующее; двухточечный вскрыл правду: ветка отстаёт от main на
#     2965 файлов и 172435 удалённых строк. Её держало брошенное рабочее
#     дерево nova-n38 — то самое сцепление, ради которого заведена база
#     worktree-count (№595).
#   p235-bigint — работа ушла в ОТДЕЛЬНЫЙ репозиторий `nova-bignum`. План
#     235: «V1 РЕАЛИЗОВАН 2026-07-30 — репа nova-bignum». В std/src/math/
#     bigint её и не должно быть, я искал не там.
#
# Вершины для reflog: adb1f3d26 (n38), 85f9a3594 (bigint).
#
# Урок, который дороже самой уборки: обе ветки ДВАЖДЫ пережили разбор с
# формулировкой «настоящая работа, удалять на догадке нельзя». Осторожность
# была верной, но проверялась не тем инструментом — трёхточечный дифф при
# нескольких базах слияния врёт систематически. Сверять поглощение надо по
# ПРИСУТСТВИЮ символа в main, а не по диффу ветки.
stale_branches=0
