# База храповика накопления — scripts/guards/check-no-accumulation.sh
#
# Считается ветка, ПЕРЕСТАВШАЯ двигаться и не влитая: коммиты вне main плюс
# последний коммит старше порога (по умолчанию 14 дней). Рост запрещён;
# снижение — свободно, база опускается той же правкой.
#
# ЛЕТОПИСЬ
# 2026-08-08 — база заведена значением 1.
#   Замер до уборки: 118 локальных веток, 46 полностью влитых, 71 несведённая
#   на 7850 коммитов, из них 48 замерших. Требование владельца дословно:
#   «разберись с ветками, старые удали + git gc, делай это каждый день по
#   крону». Уборка scripts/tools/repo-hygiene.sh --purge-stale: удалено 49
#   замерших веток (вершины записаны в d:/Sources/nv-lang/.repo-hygiene.log,
#   поднимаются по SHA пока жив reflog), плюс влитые по всем 13 репозиториям.
#   Итог: 118 -> 71 ветка, замерших 48 -> 1. Остаток 1 — ветка, замершая ровно
#   на границе порога; уйдёт следующим суточным прогоном.
# БАМП 2026-08-12 (интегратор, в разгар работы над D458 — не своя работа, честно ПРИПАРКОВАНА, не разобрана):
#   aq3-isolate (1 коммит, 14 дн) — изолирующий тест a_q3_println_debug_record;
#   тема закрыта переквалификацией 2026-07-29, похоже на устаревший диагностический
#   черновик, но не проверено содержательно.
#   p235-bigint (2 коммита, 14 дн) — Plan 235 Ф.1, core BigInt module; РЕАЛЬНАЯ
#   фича-работа, план 196 явно ссылается на неё как отложенную («BigInt-кортежи
#   … ждёт №247»), НЕ мусор.
#   p-fix-n38-workertls (119 коммитов, 20 дн) — хвост несёт "hardcode-audit.sh"
#   влитым в main, но по ДРУГОМУ пути (план 231 переструктурировал scripts/, файл
#   сегодня живёт в scripts/guards/); похоже, что содержимое УЖЕ поглощено, но
#   119 коммитов не читаны — удалять на догадке нельзя. Реестр 221.1 №629 заведён,
#   чтобы разбор не потерялся.
stale_branches=3
