# База храповика для scripts/guards/check-cli-output-language.sh — реестр 221.1 №823.
#
# ДВА ЧИСЛА, И ОНИ МЕРЯЮТ РАЗНОЕ, не половинки одного:
#   cli_output       — строки кириллицы в том, что бинарь ПЕЧАТАЕТ: `nova --help`,
#                      `nova <подкоманда> --help` по всем подкомандам, и
#                      `nova doc --json-schema`. Судится вывод, а не исходник,
#                      потому что по исходнику `///` внутри `#[derive(Parser)]`
#                      (печатается) и `///` рядом (не печатается) не отличить
#                      иначе как по раскладке файла.
#   cli_error_texts  — строки кириллицы в `nova-cli/src/**/*.rs`, НЕ начинающиеся
#                      с `//`: литералы в bail!/anyhow!/usage_err/eprintln!.
#                      Запуском их не перечислить — надо вызвать каждую ошибку.
#
# Пересечения между числами нет: help и схема живут в `///`, который фильтр
# комментариев отбрасывает, и попадают в первое число через вывод.
#
# ЧИСЛА ХОДЯТ ТОЛЬКО ВНИЗ. Страж краснеет лишь на РОСТ; падение он пропускает
# молча — значит база, оставленная высокой, разрешает откатиться ровно на
# столько, на сколько продвинулись, и никто не заметит. Опустил число —
# опусти базу ТЕМ ЖЕ слиянием, строкой-летописью, как ниже.
#
# 2026-09-04: заведено. Замер на 1043d6bce, бинарь release.
#   cli_output=163: 12 строк в верхнем `--help` плюс 140 по девятнадцати
#   подкомандам (больше всего у `doc` — 17, у `add` — 13, у `bench` — 12)
#   плюс 11 в JSON-схеме. Строка реестра №823 называла «12 строк» — это был
#   верхний уровень, а полный замер дал в тринадцать раз больше.
#   cli_error_texts=98.
#   НОЛЬ НЕ СТАВИТСЯ СРАЗУ СОЗНАТЕЛЬНО: приёмка строки прямо просит «базу-
#   храповик на остаток», и причина не в лени — 163 строки помощи нельзя
#   перевести без вычитки каждой, а правка без вычитки даёт английский текст,
#   который врёт. Это хуже русского, который честен.

# 2026-09-04: cli_output 163 -> 152. JSON-схема переведена целиком — в ней
#   было 11 строк, стало 0. Взята первой не по лёгкости: у неё внешний
#   `"$id": "https://nova-lang.org/schemas/nova-doc-v1.json"`, то есть её
#   тянут инструменты чужих людей, не читая наш репозиторий.
#   ЧТО ВЫЯСНИЛОСЬ ПРИ ПЕРЕВОДЕ: у шести строк из одиннадцати кириллица была
#   ОДНА БУКВА — «Ф» из ссылки `Plan 45 Ф.28.3`. То есть счётчик строк
#   завышает объём работы: строка с одной буквой и строка с абзацем русского
#   текста весят в нём одинаково. Это не повод менять единицу счёта (строка
#   устойчивее слова и её видно грепом), но знать при планировании — стоит.
#   Комментарии Rust в schema.rs НЕ тронуты сознательно: их никто не
#   поставляет, а правка ради числа раздула бы дифф без пользы.

# 2026-09-04: cli_output 152 -> 0. Помощь переведена целиком: верхний `--help`
#   и справка всех девятнадцати подкоманд. Ноль здесь — не «пока ноль», а
#   конец работы по этой половине: всё, что бинарь ПЕЧАТАЕТ, по-английски.
#   Дальше страж работает как обычная проверка на ноль, и первая же русская
#   строка в help или в схеме покраснеет сразу, а не через полгода.
#   Перевод сделан двумя агентами на sonnet по строгой форме «строка была ->
#   строка стала», применён скриптом с точной сверкой содержимого; отступ
#   брался ИЗ ФАЙЛА, а не из выдачи агента, — первая попытка сверять побайтово
#   отвергла треть троек из-за одного потерянного пробела.
#   ПОПУТНО НАЙДЕН И ПОЧИНЕН испорченный doc-комментарий у `--contracts`:
#   дублированный фрагмент «for `--mode release`)» на двух строках подряд с
#   оборванной фразой, плюс `verified` описан как живое значение, хотя
#   value_parser принимает только checked|optimized. Это печаталось в
#   `nova build --help`.

cli_output=0
# 2026-09-04: cli_error_texts 98 -> 0. Тексты ошибок и вывод `nova info`
#   переведены (89 строк в 13 файлах). Обе половины теперь ноль, и это
#   означает простую вещь: страж перестал быть храповиком по остатку и стал
#   обычной проверкой на ноль. Первая же русская строка — в help, в схеме
#   или в тексте ошибки — покраснеет сразу.
#   СЧЁТЧИК ИСХОДНИКА ПРИШЛОСЬ ПЕРЕПИСАТЬ, и это не украшение. Прежний
#   отбрасывал комментарии шаблоном `^\s*//` и не видел ХВОСТОВОГО
#   комментария: девять таких строк остались бы вечным полом, до которого
#   не дойти, а хуже — любой НОВЫЙ русский комментарий в конце строки красил
#   бы гейт, хотя правило языка комментариев не касается. Страж, который
#   краснеет на законном, отключают первым же окном, и тогда он не ловит
#   уже ничего. Теперь комментарий отделяется разбором кавычек — иначе
#   `"https://..."` внутри литерала принимался бы за начало комментария.

cli_error_texts=0
