# База стража scripts/guards/check-commit-refs.sh.
# Правило: docs/dev/doc-conventions.md, раздел «Ссылки наружу».
#
# ЛЕТОПИСЬ (менять число можно только ВНИЗ и с записью строки сюда):
#
# 2026-08-14 — заведение. Замер по всему `docs/**`, `spec/**`, `AGENTS.md`,
#   `CLAUDE.md`, `README.md`: голых хешей в обратных кавычках — 2769, из них
#   недостижимы из `main` — 828 (тридцать процентов). Это последствие вычистки
#   истории 2026-08-13: она сменила хеши всего, что лежало после первого
#   затронутого коммита, а страховочная метка держит старые объекты только в
#   моём клоне. Чинить поштучно 828 ссылок в 60 файлах плана — работа на день
#   без выгоды для релиза: это записи прошедших смен, читаются как летопись.
#   Поэтому храповик, а не долг к погашению.
#   Ссылок на коммит в вебе (`github.com/nv-lang/*/commit/…`) в доке нет вовсе
#   — база 0 достаётся даром и стоит того, чтобы держать её строгой.
#   Ссылок на зеркала вне таблицы зеркал в README нет — база 0.
# 2026-08-14 — поднятие +1, законное: спасение чекпоинта 222.3 Ф.0 —
#   документ от 31 июля, ДО вычистки истории; его хеш умер самой вычисткой,
#   не новым письмом. Класс: спасение до-вычисточных летописей поднимает
#   базу строкой с причиной; новое письмо мёртвыми хешами — никогда.
# 2026-09-05: dead_hash_refs 829 -> 803 (-26). НЕ уборка ссылок — ПОЧИНКА СТРАЖА.
#   Достижимость считалась по трём именам (`main`, `origin/main`, `HEAD`), и хеш
#   на ветке соседнего окна в эти три не попадал. Поймано на живом носителе:
#   строка реестра №894 ссылается на `d95730898` — коммит окна 274, УЖЕ
#   запушенный в `origin/p274-novac`; страж назвал мёртвым хеш, который лежит в
#   этой самой репе и достижим из двух её веток, и уронил гейт (831 > 829).
#   Это противоречило правилу, которое сам страж объявляет своими словами:
#   «тревога остаётся ровно на „нет нигде“». Ошибка была не в замысле, а в
#   ПЕРЕЧИСЛЕНИИ — три имени вместо «всех ссылок»; стало `rev-list --all` плюс
#   `HEAD` (detached может не покрываться ни одной ссылкой).
#   26 из 831 «мёртвых» оказались живыми. Иначе говоря, каждая тридцатая
#   тревога этого стража была ложной, и база хранила её как долг.
#   Самотест получил случай на это: хеш, живущий ТОЛЬКО на боковой ветке
#   (пустой коммит через `commit-tree`, без переключения HEAD), не должен
#   считаться мёртвым. Проверено обеими сторонами на одном дереве: со старой
#   логикой самотест даёт 9 ok / 3 FAIL, с новой — 12 ok / 0 FAIL.
# 2026-09-05, ПОПРАВКА В ТОТ ЖЕ ДЕНЬ: 803 -> 828. Я поставил 803 по ЛОКАЛЬНОМУ
#   замеру, и авторитетный гейт покраснел на этом же пуше: `R2 ВЫРОСЛО — 828 > базы
#   803`. Число оказалось СРЕДО-ЗАВИСИМЫМ, и это прямое следствие того же дня:
#   достижимость считается `rev-list --all`, а `--all` локально видит ветки соседних
#   окон (`p274-novac` и прочие), которых на CI-чекауте нет — actions/checkout берёт
#   только запушенную ссылку. Локально живых на 25 больше, чем на CI.
#
#   ЧИСЛО В ЭТОЙ БАЗЕ — ЧИСЛО CI, И ОПУСКАТЬ ЕГО ПО ЛОКАЛЬНОМУ ПРОГОНУ НЕЛЬЗЯ.
#   Локально страж будет говорить «R2 долг СНИЗИЛСЯ (803 < базы 828) — опусти базу»;
#   ЭТО ПРИГЛАШЕНИЕ В ЛОВУШКУ, а не задача. Послушавшись его, следующее окно снова
#   уронит CI ровно так, как уронил я. Опускать базу можно только по числу из
#   зелёного прогона CI (`gh run view <id> --log-failed` печатает обе стороны).
#
#   Сама правка `--all` при этом остаётся верной и на CI: там было 829, стало 828 —
#   один хеш и в чужой среде числился мёртвым, будучи живым.
dead_hash_refs=828
commit_url_no_context=0
mirror_links=0
