# База стража scripts/guards/check-commit-refs.sh.
# Правило: docs/dev/doc-conventions.md, раздел «Ссылки наружу».
#
# ЛЕТОПИСЬ (менять число можно только ВНИЗ и с записью строки сюда):
#
# 2026-08-14 — заведение. Замер по всему `docs/**`, `spec/**`, `AGENTS.md`,
#   `CLAUDE.md`, `README.md`: голых хешей в обратных кавычках — 2769, из них
#   недостижимы из `main` — 828 (тридцать процентов). Это последствие вычистки
#   истории 2026-08-13: она сменила хеши всего, что лежало после первого
#   затронутого коммита, а страховочная метка держит старые объекты только в
#   моём клоне. Чинить поштучно 828 ссылок в 60 файлах плана — работа на день
#   без выгоды для релиза: это записи прошедших смен, читаются как летопись.
#   Поэтому храповик, а не долг к погашению.
#   Ссылок на коммит в вебе (`github.com/nv-lang/*/commit/…`) в доке нет вовсе
#   — база 0 достаётся даром и стоит того, чтобы держать её строгой.
#   Ссылок на зеркала вне таблицы зеркал в README нет — база 0.
dead_hash_refs=828
commit_url_no_context=0
mirror_links=0
