# Потолки ПОСТОЯННОГО СЛОЯ КОНТЕКСТА, В БАЙТАХ. Две половины — два числа.
# Судья — scripts/guards/check-context-layer-budget.py.
#
# ЭТО ПОТОЛКИ С ЗАПАСОМ, А НЕ РЕКОРДЫ — та же форма, что у gate-budget.baseline.
# Храповик здесь краснел бы на каждой правке прозы во flow.md, и его правили бы
# не глядя; потолок молчит, пока слой не вырос по существу.
#
# ── half 1: after-compact ────────────────────────────────────────────────────
# Что считается: сумма ТЕЛ файлов из .claude/after-compact.list (YAML-шапка
# снимается, ровно как её снимает scripts/claude-hooks/inject-after-compact.py).
#
# ЗАМЕР 2026-08-26, в час слияния ветки 274, откуда хук и пришёл:
#   .claude/commands/flow.md        2891
#   .claude/commands/delegate.md    5465
#   .claude/commands/explain.md     4326
#   итого                          12682  при трёх файлах
# Перемерено 2026-08-29 расширенным стражем: 12682 — не изменилось.
#
# ── half 2: session-start (заведена 2026-08-29, план 276 шаг 1) ──────────────
# Что считается: транзитивное замыкание `@`-импортов корневого CLAUDE.md,
# ВКЛЮЧАЯ сам CLAUDE.md, и файлы берутся ЦЕЛИКОМ — при импорте YAML-шапка
# приезжает как текст (это записано в самом CLAUDE.md), в отличие от впрыска
# после сжатия, где инжектор её снимает. Отсюда и два разных числа на
# пересекающемся множестве файлов: три файла команд входят в ОБЕ половины.
#
# ЗАМЕР 2026-08-29:
#   CLAUDE.md                       4276
#   AGENTS.md                      16804
#   .claude/commands/flow.md        3194
#   .claude/commands/delegate.md    5759
#   .claude/commands/explain.md     4482
#   итого                          34515  при пяти файлах
#
# ЭТА ПОЛОВИНА ВДВОЕ ДОРОЖЕ ПЕРВОЙ, и до 2026-08-29 её не мерил никто: страж
# судил только впрыск после сжатия и был бы зелёным, сколько бы ни весил
# AGENTS.md. Один AGENTS.md тяжелее всего списка после сжатия.
#
# Весь слой: 47197 байт в КАЖДОМ окне.
#
# Потолки — +29% к замеру каждой половины: хватает, чтобы правила дописывались,
# и мало, чтобы новый крупный файл прошёл незамеченным. Поднимать можно, но ТЕМ
# ЖЕ диффом и со строкой сюда: что именно понадобилось и почему это стоит места
# в каждом окне.

# ── 2026-09-08 (интегратор): after-compact 16384 -> 17000. ───────────────────
# ЧТО ПОНАДОБИЛОСЬ: владелец приказал новое правило — каждый доклад ему
# начинается со ВРЕМЕНИ, взятого командой `date`, а не из головы (у окна нет
# часов, и «примерно сейчас» в долгой сессии врёт на часы). Правило живёт в
# `flow.md`, то есть едет в каждое окно; иначе оно держалось бы на памяти
# сессии, а это ровно то, что здесь везде заменяется механизмом.
#
# СНАЧАЛА СОКРАЩАЛ, ПОТОМ ПОДНИМАЛ, и порядок именно такой: первая редакция
# правила весила 690 байт, ужата до 347 без потери сути (замер: flow.md
# 3943 -> 3600). После этого половина `after-compact` = 16731 при потолке
# 16384. Новый потолок 17000 оставляет 269 байт — НАРОЧНО МАЛО: следующая
# правка обязана будет сокращать, а не поднимать.
#
# ЧЕГО ЭТО НЕ ОТМЕНЯЕТ — НАЗЫВАЮ ДОЛГОМ, А НЕ НОРМОЙ. Слой был на 99.6%
# потолка ДО этой правки: 16325 из 16384. Значит дело не в одной строке —
# половина `after-compact` выросла с 12682 (замер 2026-08-29) до 16731 за
# десять дней, то есть на треть, и каждая правка теперь упирается в стену.
# Настоящий шаг — не потолок, а РАЗБОР слоя: в `explain.md` есть раздел про
# коммит и пуш, который объявляет, что процедуру не повторяет, и тут же
# перечисляет её (`git add` по именам, `--only`, греп маркеров, гейт до пуша),
# при том что те же правила приезжают из AGENTS.md второй половиной слоя.
# Это ровно нарушение «одного дома», и стоит оно места в КАЖДОМ окне.
# Не сделано сегодня сознательно: два окна стоят замороженными на пуше, и
# резать чужие выстраданные формулировки в спешке — худший из возможных
# моментов. Маркер [M-context-layer-trim] в docs/plans/backlog-followups.md.
after-compact = 16900
# 2026-09-21 (помощник, позже тем же ходом): 16384 -> 16900. ЧТО ПОНАДОБИЛОСЬ:
#   владелец приказал ПРЯМО в ходе сессии — окно не вправе само решать, что
#   останавливается, останавливает только он («ты не можешь сам остановиться,
#   только я могу остановить»). Правило дописано в flow.md сразу после стоп-кодов
#   (дом стоп-кодов), сжато до минимума ДО поднятия потолка — сначала пробовал
#   уложиться без подъёма, не хватило места дважды подряд (сокращал текст между
#   попытками). НЕ отменяет предупреждение ниже про третий подряд подъём молча:
#   это ВТОРОЙ подряд подъём ПОСЛЕ закрытия №1042 в этом же ходе, но причина
#   названа и это прямой приказ владельца, а не рост прозы явочным порядком.
# 2026-09-21 (помощник): [M-context-layer-trim] ЗАКРЫТ, реестр 221.1 №1042
#   ЗАКРЫТ. Потолок ВОЗВРАЩЁН 17000 -> 16384 (прежний, до подъёма 2026-09-08),
#   ТЕМ ЖЕ диффом, что снял разбор — не отдельно, чтобы разбор не остался
#   только объявленным.
#
#   РАЗБОР, СНЯВШИЙ ДОЛГ: два реальных дубля в этих же пяти файлах, не
#   переписывая тон и примеры. (1) AGENTS.md сам себе противоречил
#   структурой: раздел «Contribution rules» внизу заново формулировал три
#   правила из раздела «Rules» вверху того же файла (git add по именам,
#   запрет Co-Authored-By, английский коммитов) — одна строка даже
#   заканчивалась словами «см. Rules выше», тут же повторяя правило перед
#   этим. Сжато до ссылки, уникальные факты (имя стража, дата отсечки,
#   что хук сам режет трейлер) сохранены. (2) flow.md — три буллета почти
#   дословно повторяли раздел «Время» из AGENTS.md, на который сам flow.md
#   уже ссылался двумя абзацами выше для смежного довода. Свёрнуто в одну
#   строку-ссылку. Дубль в explain.md (раздел «Коммит, пуш, синхронизация»)
#   был снят раньше, 2026-09-16, до этой находки.
#
#   ЗАМЕР: after-compact 16992 -> 15660 (три файла: flow.md 6250 -> 4942,
#   delegate.md 6990 -> 6966 попутной правкой интегратора того же дня,
#   explain.md без изменений). Запас при потолке 16384 — 724 байта.
#
#   ПРОБА В ОБЕ СТОРОНЫ (приёмка строки №1042, пункт 4): временно вернул
#   старую (додублированную) редакцию flow.md поверх этого же потолка —
#   `check-context-layer-budget.py` дал `FAIL — после сжатия 16968/16384`,
#   назвал именно эту половину. Вернул дедуп-редакцию — снова `ok: 15660/16384`.
#   Значит потолок ловит именно этот регресс, а не молчит на нём.
#
#   ЧЕГО ЭТО НЕ ОТМЕНЯЕТ: слой растёт при каждом новом правиле, и следующий
#   разбор снова понадобится ВЫНОСОМ, а не поднятием потолка — тот же урок,
#   что был записан здесь раньше.
# 2026-09-20 (integrator): after-compact 17000 OSTAYOTSYA, session-start
#   44544 -> 45200. DVE POLOVINY LECHILIS PO-RAZNOMU, i eto namerenno.
#
#   AFTER-COMPACT ulozhen VYNOSOM, bez podnyatiya: 20295 -> 16640. Dva razdela
#   pro agentov (chitatel i ohotnik) pereehali v
#   docs/dev/delegation-agent-briefs.md, v sloe ostalis svyazyvayushchie stroki
#   i ssylka. Ni odno slovo ne udaleno -- oni nuzhny TOMU, KTO SOSTAVLYAET BRIF,
#   a ne kazhdomu oknu kazhdyy raz. Eto i yest [M-context-layer-trim], nazvannyy
#   v letopisi vyshe i otlozhennyy odin raz; otkladyvat vtoroy raz s tem zhe
#   dovodom znachilo by prevratit ego v pravilo bez mehanizma.
#
#   SESSION-START podnyat na 656 bayt, i prichina nazvana tochno: norma
#   vladelca pro vremya (`date` pered KAZHDYM soobshcheniem, ne raz za hod)
#   zapisana v AGENTS.md i flow.md 2026-09-20. AGENTS.md -- 23289 iz 45122,
#   to yest polovina sloya; rezat v nyom prishlos by OBOSNOVANIYA pravil, a etot
#   fayl pryamo govorit, chto pravilo bez prichiny ne derzhitsya. Norma stoit
#   svoih bayt: bez neyo doklady ne sopostavlyayutsya s progonami gejta.
#
#   CHEGO ETA PRAVKA NE UTVERZHDAET: chto sloy bolshe ne rastyot. On rastyot
#   pri kazhdom novom pravile, i sleduyushchiy perebor nado lechit VYNOSOM
#   snova -- podnyatie dvazhdy podryad prevratit potolok v letopis rosta.
# 2026-09-20/21, integrator: session-start 45200 -> 49600.
# Eto VTOROY podryad podyom etoy poloviny (pervyy byl 44544 -> 45200,
# kommit 749c92d5c) -- preduprezhdenie vyshe skazano ne dlya galochki:
# vtoroy podryad podyom uzhe est priznak, chto potolok stanovitsya
# letopisyu rosta. No prichina zdes NAZVANA i PROVERENA, a ne prosto
# 'stalo bolshe': AGENTS.md vyros na 3807 bayt odnim slitym kommitom
# (Technology stack, Security considerations, nedostayushchie stroki
# struktury repozitoriya) -- eto ne moy tekst i ne padding, fakty
# svereny pered sliyaniem (nova-lsp/, z3-backend, nova.toml members,
# SECURITY.md, bench.toml -- vse suschestvuyut).
#
# Uslovie na sleduyushchiy raz: tretiy podryad podyom etoy zhe poloviny
# NE podnimat molcha -- snachala smotret, chto v sloye mozhno VYNESTI
# (naprimer, chast AGENTS.md v otdelnyy docs/-fayl so ssylkoy), a ne
# prosto sdvigat chislo.
session-start = 49600
