# Потолки ПОСТОЯННОГО СЛОЯ КОНТЕКСТА, В БАЙТАХ. Две половины — два числа.
# Судья — scripts/guards/check-context-layer-budget.py.
#
# ЭТО ПОТОЛКИ С ЗАПАСОМ, А НЕ РЕКОРДЫ — та же форма, что у gate-budget.baseline.
# Храповик здесь краснел бы на каждой правке прозы во flow.md, и его правили бы
# не глядя; потолок молчит, пока слой не вырос по существу.
#
# ── half 1: after-compact ────────────────────────────────────────────────────
# Что считается: сумма ТЕЛ файлов из .claude/after-compact.list (YAML-шапка
# снимается, ровно как её снимает scripts/claude-hooks/inject-after-compact.py).
#
# ЗАМЕР 2026-08-26, в час слияния ветки 274, откуда хук и пришёл:
#   .claude/commands/flow.md        2891
#   .claude/commands/delegate.md    5465
#   .claude/commands/explain.md     4326
#   итого                          12682  при трёх файлах
# Перемерено 2026-08-29 расширенным стражем: 12682 — не изменилось.
#
# ── half 2: session-start (заведена 2026-08-29, план 276 шаг 1) ──────────────
# Что считается: транзитивное замыкание `@`-импортов корневого CLAUDE.md,
# ВКЛЮЧАЯ сам CLAUDE.md, и файлы берутся ЦЕЛИКОМ — при импорте YAML-шапка
# приезжает как текст (это записано в самом CLAUDE.md), в отличие от впрыска
# после сжатия, где инжектор её снимает. Отсюда и два разных числа на
# пересекающемся множестве файлов: три файла команд входят в ОБЕ половины.
#
# ЗАМЕР 2026-08-29:
#   CLAUDE.md                       4276
#   AGENTS.md                      16804
#   .claude/commands/flow.md        3194
#   .claude/commands/delegate.md    5759
#   .claude/commands/explain.md     4482
#   итого                          34515  при пяти файлах
#
# ЭТА ПОЛОВИНА ВДВОЕ ДОРОЖЕ ПЕРВОЙ, и до 2026-08-29 её не мерил никто: страж
# судил только впрыск после сжатия и был бы зелёным, сколько бы ни весил
# AGENTS.md. Один AGENTS.md тяжелее всего списка после сжатия.
#
# Весь слой: 47197 байт в КАЖДОМ окне.
#
# Потолки — +29% к замеру каждой половины: хватает, чтобы правила дописывались,
# и мало, чтобы новый крупный файл прошёл незамеченным. Поднимать можно, но ТЕМ
# ЖЕ диффом и со строкой сюда: что именно понадобилось и почему это стоит места
# в каждом окне.

after-compact = 16384
session-start = 44544
