# baseline 2026-08-02 (Plan 242, окно p242, sonnet) — первый ввод стража
# check-doc-conventions.sh. Числа сняты ГРЕПОМ с реального дерева main на
# момент введения (не переписаны из плана — план 242 предполагал dev_links
# «старт=35, факт 2026-08-02», но фактический подсчёт по определению стража
# (\.\./dev/ + \.\./docs/dev/ + docs/dev/, docs/guide/** + spec/** включая
# spec/decisions/) даёт 113 — расхождение зафиксировано в отчёте окна,
# решение по методике счёта — за интегратором, если 113 покажется неверным
# охватом; храповик работает с ЛЮБЫМ стартовым числом одинаково.
#
# plan_missing_status=458: docs/plans/NNN-*.md (тот же фильтр имён, что
# scripts/tools/gen-plan-status.sh: без README.md/STATUS.md, без суффиксов
# -notes/-progress/-execution-plan/-session*, только с ведущей цифрой) без
# строки `**Статус:**`. Это ИСТОРИЧЕСКИЙ долг — 458 из 599 таких файлов
# старше самой конвенции «Статус — пофайлово» (conventions-governance.md);
# gen-plan-status.sh уже терпимо печатает «— (нет Статус-строки)» для них.
# Ретрофит 458 старых планов — не эта волна; храповик не даёт добавить
# ДЕВЯТЫЙ файл без статуса, старый долг заморожен.
#
# dev_links=113: упоминания `docs/dev/` (relative ../dev/, ../docs/dev/ и
# явный docs/dev/) в docs/guide/** + spec/** (включая spec/decisions/,
# 56 из 113 — почти половина). docs/dev/ никогда не публикуется
# (doc-conventions.md #publishing) — каждая такая ссылка это потенциально
# битая ссылка на сайте, если когда-то попадёт в синкуемый текст без
# санитизации. Известный долг зафиксирован явно (не 35 из плана — снят
# заново грепом по требованию задания «стартовое число снять грепом с
# текущего дерева», см. запись выше).
#
# code_block_mismatch_pairs=3: ВСЕ ТРИ существующих guide-пары (channels,
# contracts, nova-cli) переводят КОММЕНТАРИИ ВНУТРИ ```-код-блоков на
# русский (пример: `// 1. Record destructure (Plan 53, most idiomatic)` в
# channels.md vs `// 1. Record-destructure (Plan 53, наиболее идиоматично)`
# в channels.ru.md) — это нарушает УЖЕ действующую норму
# doc-conventions.md #translation-drift («код-примеры переносятся
# байт-в-байт») ещё ДО введения самого стража 242. НЕ ретрофичено этой
# волной (перевод существующих пар — контентная работа, не инфраструктура
# стража; см. отчёт окна p242) — заморожено храповиком, рост запрещён:
# ЛЮБАЯ НОВАЯ пара (или правка кода в существующей паре) обязана держать
# байт-идентичность код-блоков с первого коммита.
plan_missing_status=458
dev_links=113
code_block_mismatch_pairs=3
