cyrillic_doc=598
internal_doc=645
# 2026-08-09 — cyrillic_lint 1292 -> 54 (реестр 221.1 №490). Не волна понижения:
#   страж считал КАЖДУЮ строку файла с кириллицей, тогда как его шапка заявляет
#   «user-facing строки». Русские комментарии в компиляторе — норма проекта, и
#   счётчик рос от любой содержательной правки (волна №463 подняла 1292 -> 1383 и
#   уронила гейт). Теперь считается кириллица ВНУТРИ строковых литералов — то,
#   что и заявлено. 54 — фактическое число на день правки.
cyrillic_lint=54