# База стража check-doc-guide-names: имена, названные в `docs/guide/**` со
# скобками, которых НЕТ среди объявлений `fn` в `std/src` и ключевых слов
# лексера, и это ЗАКОННО. Одно имя в строке; после `#` — причина.
#
# ПОЧЕМУ СПИСОК, А НЕ ЧИСЛО: предмет здесь — само имя. Счётчик разрешил бы
# заменить одно чужое имя другим молча, а именно имя и читает пользователь.
#
# ПОЧЕМУ СПЕКА НЕ СЛУЖИТ ИСТОЧНИКОМ ИСТИНЫ — замер 2026-09-17, и он решил
# устройство стража: если добавить объявления `fn` из `spec/**`, множество
# известных имён растёт на 362 и туда попадает `debug_assert` — потому что блок
# D81 ДОКУМЕНТИРУЕТ его ретракцию и приводит объявление. То есть источник,
# выглядящий самым авторитетным, СНЯЛ БЫ ровно тот дефект, ради которого страж
# заведён. Спека говорит, что форма ОБСУЖДАЛАСЬ; существует она или нет —
# знают лексер и `std/src`.
#
# КАК ПОПОЛНЯТЬ: имя попадает сюда, только если оно ЧУЖОЕ (функция C,
# внутренность CLI, интринсик компилятора) либо объявлено у ВСТРОЕННОГО типа
# вне `std/src`. Если имя — настоящая форма Nova, которой нет, то чинится ДОКА,
# а не база.
#
# База снята 2026-09-17 замером; каждое имя проверено по файлу, где названо.

# --- функции C и FFI-примеры (чужой язык по построению) ---
_alloc            # C-API в ffi-cookbook: пример чужой библиотеки
_close            # то же
_destroy          # то же
_free             # то же
_init             # то же
ffi_write         # C-сторона примера в typed-pointers
uv_hrtime         # libuv, вызывается через FFI (time.md)
nova_chan_reader_close_after_ns  # C-функция рантайма каналов

# --- интринсики компилятора: живут строковыми литералами в кодогене ---
size_of           # emit_c.rs:37338, не объявление `fn`
align_of          # там же
addr_of           # интринсик указателей
addr_of_mut       # интринсик указателей
embed             # директива компилятора (embed.md)
embed_dir         # то же
embed_str         # то же
old               # оператор контрактов внутри `ensures`, не функция
struct            # слово C в прозе про раскладку (field-visibility-guide)
main              # точка входа, не объявление в std

# --- методы ВСТРОЕННЫХ типов: объявлены в спеке, реализованы в компиляторе ---
as_bytes          # str: `fn str @as_bytes() -> ro []u8` (02-types.md:3656)
as_chars          # str, та же семья
as_graphemes      # str
as_sentences      # str
as_words          # str
from_utf16        # str
parse_int         # str
nth               # str
from              # конструктор-«из», у встроенных типов
to_vec            # у представлений
step              # ленивые представления (vec-lazy)
zcollect_into     # ленивые представления
max_value         # предел типа (datetime)
timestamp         # время
monotonic         # время
from_nanos        # длительность
tick_every        # каналы
close_at          # каналы
mem_fs            # файловая система в памяти (io-fs)

# --- внутренности CLI на Rust: названы в доке инструмента, не формы языка ---
compile_c_to_exe  # nova-cli.md
detect_toolchain  # nova-cli.md
detect_or_build_libuv  # nova-cli.md
detect_boehm      # linux-build.md
get_item          # nova-cli.md
list_modules      # nova-cli.md
query_items       # nova-cli.md

# ======================================================================
# ВТОРОЙ ПРЕДМЕТ: снятые ФОРМЫ без скобок, судятся РОСТОМ.
#
# Строка — клетка «файл|форма=N», где N — число упоминаний В ПРОЗЕ (вне
# ```-блоков). Красным становится ПРИБАВЛЕНИЕ: новая страница, назвавшая
# снятую форму, или новое упоминание в старой. Убавление — повод опустить
# базу, страж об этом говорит вслух.
#
# ПОЧЕМУ ЗДЕСЬ ВООБЩЕ ЕСТЬ ЗАКОННЫЕ УПОМИНАНИЯ: дока обязана объяснять
# ретракцию — «планы 118.6/118.7 сняли `addr_of()` в пользу `&x`», «`*ro …`
# больше не токен, см. `E_REDUNDANT_POINTER_RO`». Отличить объяснение от
# обучения машина не может, поэтому судится не смысл, а рост.
#
# База снята замером 2026-09-17 ПОСЛЕ починки трёх настоящих дефектов
# (`external fn` в обзоре языка ×2 и `let` в доке CLI ×2): то, что осталось,
# проверено глазами и законно.

# --- FFI-поваренная книга: исторический раздел «Plan 115 V1 setup» и
#     объяснения ретракций указателей ---
ffi-cookbook.md|external-fn=1     # запись о плане 115, история своего времени
ffi-cookbook.md|addr-of=2         # объясняет замену на `&x`
ffi-cookbook.md|ptr-ro=1          # объясняет, что `*ro T` снят
ffi-cookbook.md|ptr-unsafe=1      # объясняет переименование в `*uninit T`
ffi-cookbook.ru.md|external-fn=1  # то же, русская пара
ffi-cookbook.ru.md|addr-of=2      # то же
ffi-cookbook.ru.md|ptr-ro=1       # то же
ffi-cookbook.ru.md|ptr-unsafe=1   # то же

# --- дока по указателям: целый раздел про снятые формы и их диагностики ---
typed-pointers.md|let-binding=1   # описывает RUST (`*const T`, `let mut p`), не Nova
typed-pointers.md|addr-of=6       # перечень снятых форм с кодами диагностик
typed-pointers.md|ptr-ro=4        # то же
typed-pointers.md|ptr-unsafe=4    # то же
typed-pointers.ru.md|let-binding=1  # то же, русская пара
typed-pointers.ru.md|addr-of=6    # то же
typed-pointers.ru.md|ptr-ro=4     # то же
typed-pointers.ru.md|ptr-unsafe=4 # то же
