# baseline 2026-08-02 (Plan 242, окно p242, sonnet) — первый ввод стража
# check-doc-conventions.sh. Числа сняты ГРЕПОМ с реального дерева main на
# момент введения (не переписаны из плана — план 242 предполагал dev_links
# «старт=35, факт 2026-08-02», но фактический подсчёт по определению стража
# (\.\./dev/ + \.\./docs/dev/ + docs/dev/, docs/guide/** + spec/** включая
# spec/decisions/) даёт 113 — расхождение зафиксировано в отчёте окна,
# решение по методике счёта — за интегратором, если 113 покажется неверным
# охватом; храповик работает с ЛЮБЫМ стартовым числом одинаково.
#
# #
# --- ЛЕТОПИСЬ ---
# 2026-08-03 (интегратор, приёмка 241-Ф.1b): dev_links 113 -> 140.
# Причина: волна p241-guide создала 23 ru-пары к guide-файлам; каждая пара
# ЗЕРКАЛИТ ссылки своего en-оригинала, включая уже учтённые ссылки на
# docs/dev/ — долг не «новый», а удвоенный механически (правило #en-ru-sync
# требует структурного соответствия сторон пары; чинить только ru-сторону
# нельзя — стороны разойдутся). Настоящая чистка — вынести ссылаемые
# материалы из docs/dev/ в docs/guide/ либо снять ссылки С ОБЕИХ сторон;
# заведено отдельной задачей, храповик держит новое число.
# 2026-08-03 (интегратор, приёмка 241-Ф.2c): code_block_mismatch_pairs 3 -> 0.
# Волна Ф.2c вернула код-блоки трёх доконвенционных пар (channels, contracts,
# nova-cli) к байт-идентичности с en-оригиналами; долг, замороженный при вводе
# стража, ПОГАШЕН ПОЛНОСТЬЮ. Правило «код-примеры переносятся байт-в-байт»
# (doc-conventions #translation-drift) теперь абсолютное: любая пара с
# расхождением = красный, послаблений нет.
# plan_missing_status=458: docs/plans/NNN-*.md (тот же фильтр имён, что
# scripts/tools/gen-plan-status.sh: без README.md/STATUS.md, без суффиксов
# -notes/-progress/-execution-plan/-session*, только с ведущей цифрой) без
# строки `**Статус:**`. Это ИСТОРИЧЕСКИЙ долг — 458 из 599 таких файлов
# старше самой конвенции «Статус — пофайлово» (conventions-governance.md);
# gen-plan-status.sh уже терпимо печатает «— (нет Статус-строки)» для них.
# Ретрофит 458 старых планов — не эта волна; храповик не даёт добавить
# ДЕВЯТЫЙ файл без статуса, старый долг заморожен.
#
# dev_links=113: упоминания `docs/dev/` (relative ../dev/, ../docs/dev/ и
# явный docs/dev/) в docs/guide/** + spec/** (включая spec/decisions/,
# 56 из 113 — почти половина). docs/dev/ никогда не публикуется
# (doc-conventions.md #publishing) — каждая такая ссылка это потенциально
# битая ссылка на сайте, если когда-то попадёт в синкуемый текст без
# санитизации. Известный долг зафиксирован явно (не 35 из плана — снят
# заново грепом по требованию задания «стартовое число снять грепом с
# текущего дерева», см. запись выше).
#
# code_block_mismatch_pairs=3: ВСЕ ТРИ существующих guide-пары (channels,
# contracts, nova-cli) переводят КОММЕНТАРИИ ВНУТРИ ```-код-блоков на
# русский (пример: `// 1. Record destructure (Plan 53, most idiomatic)` в
# channels.md vs `// 1. Record-destructure (Plan 53, наиболее идиоматично)`
# в channels.ru.md) — это нарушает УЖЕ действующую норму
# doc-conventions.md #translation-drift («код-примеры переносятся
# байт-в-байт») ещё ДО введения самого стража 242. НЕ ретрофичено этой
# волной (перевод существующих пар — контентная работа, не инфраструктура
# стража; см. отчёт окна p242) — заморожено храповиком, рост запрещён:
# ЛЮБАЯ НОВАЯ пара (или правка кода в существующей паре) обязана держать
# байт-идентичность код-блоков с первого коммита.
#
# --- ЛЕТОПИСЬ ---
# Причина: волна p241-guide создала 23 ru-пары к guide-файлам; каждая пара
# ЗЕРКАЛИТ ссылки своего en-оригинала, включая уже учтённые ссылки на
# docs/dev/ — долг не «новый», а удвоенный механически (правило #en-ru-sync
# требует структурного соответствия сторон пары; чинить только ru-сторону
# нельзя — стороны разойдутся). Настоящая чистка — вынести ссылаемые
# материалы из docs/dev/ в docs/guide/ либо снять ссылки С ОБЕИХ сторон;
# заведено отдельной задачей, храповик держит новое число.
# Волна Ф.2c вернула код-блоки трёх доконвенционных пар (channels, contracts,
# nova-cli) к байт-идентичности с en-оригиналами; долг, замороженный при вводе
# стража, ПОГАШЕН ПОЛНОСТЬЮ. Правило «код-примеры переносятся байт-в-байт»
# (doc-conventions #translation-drift) теперь абсолютное: любая пара с
# расхождением = красный, послаблений нет.
# 2026-08-03 (владелец, решение по методике): dev_links 140 -> 84.
# Периметр СУЖЕН: spec/decisions/** исключён из подсчёта (56 из прежних 113
# приходились на D-блоки — внутренний рабочий норматив, не публикуемая
# поверхность; держать их в ратчете значило вечно возить чужой долг).
# Считаются docs/guide/** и читательские spec/*.md. Число снято грепом
# после сужения.
plan_missing_status=458
dev_links=84
code_block_mismatch_pairs=0
# 2026-08-03 (интегратор, находка стража): mixed_language_files=0 -> 27.
# Новая проверка «кириллица в английских файлах» (совет консультанта) сразу
# вскрыла НЕ опечатки, а системный долг: у части пар guide английская сторона
# фактически написана по-русски (embed.md — 259 кириллических строк из 422,
# time.md — 156 из 259, ffi-cookbook.md — 83, typed-pointers.md — 56). То есть
# «двуязычность» этих страниц мнимая: обе стороны русские. Долг заморожен
# храповиком (рост запрещён), погашение — отдельной волной перевода
# английской стороны. README.md nova в этой ветке уже вычищен (была 71 строка).
# 2026-08-04 (интегратор, план 247 батч 1 + уточнение метрики):
# mixed_language_files 27 -> 15. Две причины: (а) переведены embed/time/
# authoring-a-module/datetime/auto-derive-guide (план 247); (б) метрика
# уточнена — не считаются строка переключателя языка и строки со ссылками
# (кириллица там = якоря русских планов и D-блоков, они законны), а
# байтовый диапазон вернулся к Ð-Ñ (был случайно записан буквальными
# символами и завышал счёт втрое). Остаток долга: cleanup-cookbook 76,
# ffi-cookbook 73, typed-pointers 49, size-of-align-of 48, parameters 46
# и мелочь по 2-7 строк — гасится батчами плана 247.
# 2026-08-04 (интегратор, план 247 батчи 1-2 + дочистка):
# mixed_language_files 15 -> 7. Переведены cleanup-cookbook, ffi-cookbook,
# typed-pointers, size-of-align-of, parameters; дочищены полупереведённые
# фразы (consume-types, field-cache-optimization, field-visibility-guide,
# tutorial-cleanup) — у них остаток 0. У оставшихся 7 файлов кириллица —
# ТОЛЬКО пометки фаз планов вида «Ф.6а»/«Ф.32.1» и поисковая строка
# «D412-амендмент»: это адреса русских документов, а не проза. Дальнейшее
# опускание базы возможно, если метрика научится их пропускать (кандидат —
# исключить /Ф\.[0-9]/ и кавычки-цитаты русских якорей).
mixed_language_files=7
