# База стража check-gate-timeout-word.py — механизм правила Г16 конвенций гейта
# (docs/dev/gate-guard-conventions.md, «Г16. „Убит“ и „красный“ — РАЗНЫЕ СЛОВА
# в сводке»). Аудит стража — план docs/plans/274-novac-self-hosted-compiler.md
# §10.3а; реестр 221.1 №TBD.
#
# undistinguished = сколько вызовов с ПРЕДЕЛОМ ВРЕМЕНИ (`timeout <предел> …`
# либо `with-deadline.sh <предел> …`) в файлах scripts/gate.sh,
# scripts/gate-novac.sh, scripts/guards/*.sh, scripts/tools/*.sh не имеют В ОКНЕ
# (сама строка + 12 строк ниже) НИ ОДНОГО признака различения снятия: `124`,
# `СНЯТ ПРЕДЕЛОМ`, `снят пределом`, `timed out`, `по таймауту`. У такого вызова
# «предмет проверен и плох» и «про предмет не узнали ничего» выходят наружу
# одним словом. Храповик ВНИЗ: рост красный сразу, цель — 0.
#
# ЗАСЕВ 2026-09-04 (окно 274, повод — три случая того же дня: `crate-tests`
# напечатал «тесты Rust красные» при 1891 зелёном тесте, будучи снят собственным
# пределом на 601-й секунде; шаг примеров, снятый дедлайном, прочитан как
# «примеры сломаны»; пачечная самопроверка novac, оборванная на середине, дала
# «178 в 20 файлах» вместо честных «1465 в 60»).
#
# ЗАМЕР ТОГО ЖЕ ДНЯ: подсудных файлов 140, вызовов с пределом 23 (`timeout` 16,
# `with-deadline.sh` 7), из них РАЗЛИЧАЮТ снятие 4:
#   guards/check-examples-strict-effects.sh:129   («не успел» и «не собирается» —
#                                                  отдельные счётчики slow_/fail_);
#   guards/check-novac-selftest-proves-red.sh:121 (124 → «доказательство не получено»);
#   guards/check-process-exit-under-pool.sh:86    (124 → счётчик HANGS);
#   tools/with-deadline.sh:111                    (сама обёртка: 124/137 → свой 124).
#
# ОСТАТОК — 19. Пять примеров, по одному на вид долга:
#   gate.sh:217              цикл стражей: `rc` возвращается наружу как есть, и
#                            снятый пределом страж попадает в сводку тем же
#                            словом, что и страж, реально нашедший беду
#                            (строка обёртки уходит в лог, но НЕ в вердикт шага);
#   gate-novac.sh:146        то же место в гейте novac — класс, не карьер;
#   guards/check-ci-status.sh:70   `timeout 10 curl` в подстановке: пустой ответ
#                            снятого curl неотличим от «githubstatus молчит»;
#   tools/novac-diff-corpus.sh:180 `timeout 10 novac check` в цикле по файлам:
#                            снятый файл засчитывается ОТВЕРГНУТЫМ, и счёт корпуса
#                            врёт ровно тем же способом, что пачечная самопроверка;
#   tools/push-after-gate.sh:111   `timeout 500 git push`: снятый пуш читается как
#                            отказ пуша, а сеть при этом не судилась вовсе.
# Ниже — только с новым замером, записанным здесь же.
undistinguished=19
