# Бюджет ЯРУСА гейта в секундах на ЭТАЛОННОЙ машине (CAL=1).
#
# ЗАЧЕМ. Гейт, который идёт девять минут, не гоняют — а правило, которое не
# гоняют, не правило. 2026-08-19 полный прогон стоил 558с, и виноваты были не
# проверки: 198 процессов на чтение очереди из 33 стражей, 40 стартов
# интерпретатора по 73мс, пересборка компилятора на каждом прогоне. Всё это
# вернётся молча, если цену никто не мерит; здесь она мерится.
#
# КАК ЧИТАТЬ. Предел = число ниже, умноженное на калибровку машины (cal-factor).
# Гейт меряет СЕБЯ и краснеет при превышении. Число — не рекорд, а потолок: под
# ним есть запас на шум и на честный рост работы. Опускать его следует
# сознательно и замером, а не «раз получилось быстрее».
#
# ЗАМЕРЕНО 2026-08-19 (Windows, Git Bash, CAL=1):
#   loop  9с со свежим бинарём, 13с сразу после правки исходника
#   push  158с, 201с и 290с в трёх прогонах — разброс машинный (поведение
#         83с, тяжёлые 110с); потолок берётся с запасом на этот разброс,
#         иначе страж краснеет на загруженной машине, а не на медленном гейте
#   full  не мерился на этой машине — судить нечем, и потому не судится
#
# Строка `full` намеренно отсутствует: записать сюда угаданное число значило бы
# судить по памяти, а не по замеру (§9.1а).

loop 20
push 400
