# Потолок времени яруса гейта — секунды (конвенция гейтов, Г1..Г7, Г14).
#
# Число здесь НЕ рекорд и не цель, а ПОТОЛОК с запасом: гейт меряет себя сам и
# краснеет при превышении. Предел домножается на калибровку машины
# (`NOVA_CAL_FACTOR`, scripts/tools/cal-factor.sh) — без неё потолок краснеет на
# медленной машине при здоровом дереве и не ловит ничего на быстрой.
#
# Ярус, для которого строки нет, гейт называет ВСЛУХ («не судится»). Молчаливо
# несудимый ярус — вечнозелёная дыра (класс №519), поэтому строки заведены на
# все три.
#
# ПРАВИЛО ДВИЖЕНИЯ: число может опускаться свободно, поднимать его — только
# вместе с разбором, ПОЧЕМУ ярус подорожал, и почему это не чинится ценой шага.
# «Ярус, который перестал быть дешёвым, перестаёт зваться» — ровно та болезнь,
# ради которой заведён весь план 275.
#
# ── ОТКУДА ЧИСЛА, И ЧЕМ ОНИ РАЗНЫЕ ПО НАДЁЖНОСТИ ────────────────────────────
#
# loop — ПРЯМОЙ ЗАМЕР этого яруса, 2026-08-23, d:/Sources/nv-lang/nova-p275ci:
#        два прогона подряд, 194с и 151с (первый нёс шесть красных шагов, они
#        делают лишнюю работу на печать улик). Взято 200 — 151с плюс запас на
#        разброс. Шагов 59, и время размазано: самый дорогой 15с, дальше 12,
#        11, 10, 8; ни одного носителя, снятие которого дало бы обвал.
#
# push и full — ВЫВЕДЕНЫ, а не замерены ярусом целиком, и это сказано прямо,
#        потому что Г14 запрещает выдавать одно за другое. Слагаемые — прямой
#        пошаговый профиль 2026-08-21 (docs/plans/275-gate-cost.md, раздел 0,
#        67 шагов / 1401с):
#           push = loop(151, замер) + поведение(648: conformance --full 224,
#                  мега-CU 210, nova test std/src 60, флагманы --strict-effects
#                  59, crate-tests 56, process-exit-under-pool 39) ≈ 800
#           full = push(800) + только-full(428: самотесты стражей 365,
#                  флагман на чистом дереве 63) ≈ 1230
#        Потолки поставлены выше суммы: push 1000, full 1500.
#
#        ЭТИ ДВА ЧИСЛА ОБЯЗАНЫ БЫТЬ ЗАМЕНЕНЫ ПРЯМЫМ ЗАМЕРОМ ЯРУСА, как только
#        CI прогонит их на своём железе: сумма слагаемых не равна прогону —
#        в ней нет ни общей преамбулы, ни сборки, ни разброса машины. До тех
#        пор они судят грубо, но судят, и это лучше, чем не судить вовсе.
#
#        Профиль снят ДО Ф.1 (стражи 148с → 15с, retired-names 56с → 5.8с),
#        поэтому вывод для push/full завышен — запас в ту же сторону, что и
#        осторожность.
# ПОТОЛОК loop ВЫШЕ ПОСЛЕДНЕГО ЗАМЕРА НА ТРЕТЬ, И ЭТО НАМЕРЕННО: чистый прогон
# 2026-08-23 дал 177с, а два до него — 151с и 194с. Потолок в 200 краснел бы от
# разброса, а не от подорожания, и первый же ложный красный научил бы читать его
# как шум. 240 отделяет шум от роста.
#
# Цель плана — 60с — это НЕ потолок, и здесь она не живёт: она в
# docs/plans/275-gate-cost.md. Смешивать цель с потолком значит либо красить
# здоровое дерево, либо тихо отказаться от цели в день, когда потолок достигнут.
loop 240
# push: 1000 -> 1300, И ЭТО ЗАМЕНА ВЫВОДА ЗАМЕРОМ, А НЕ УСТУПКА.
# 2026-08-23, первый полный прогон яруса на раннере CI: 1120с. Вывод из
# пошагового профиля давал ~800, то есть недооценил на 40% — ровно потому, что
# в сумме слагаемых нет ни преамбулы, ни сборки, ни разброса машины. Об этом
# было сказано выше заранее, и вот оно.
#
# Потолок 1300 = 1120 плюс шестая часть. Поднят ОДИН раз, по первому замеру, и
# дальше двигается только вниз: следующий рост обязан объясняться подорожавшим
# шагом, а не новым числом.
#
# ЗАМЕЧЕНО В ТОМ ЖЕ ПРОГОНЕ и НЕ учтено в потолке: 1120с сняты с прогона, где
# флагман aggregator падал (старый пин polaris в замке). Провал стоит времени
# сам по себе, так что честный потолок скорее НИЖЕ 1300 — уточнить первым
# зелёным прогоном.
push 1300
# full: 1500 -> 1900, вынужденно и арифметически. Ярусы НАКОПИТЕЛЬНЫЕ, значит
# full ≥ push плюс только-full шаги (профиль: самотесты стражей 365с + флагман
# на чистом дереве 63с ≈ 428с). При push=1120 это ≈ 1550, и прежние 1500
# краснели бы на здоровом дереве — потолок, противоречащий собственной модели
# ярусов. 1900 = 1550 плюс запас той же доли, что у push.
#
# Это по-прежнему ВЫВОД, а не замер: ярус full на CI не гонялся ни разу
# (в workflow его нет — там loop и push). Заменить первым же прогоном.
full 1900
