# Стражи БЕЗ внешнего вызывающего — храповик на убывание (конвенция гейтов, Г8).
#
# Внешний вызывающий — тот, кого нельзя забыть: рабочий поток CI или git-хук.
# Гейт засчитывается, только если CI его ЗАПУСКАЕТ; упоминание в комментарии не
# считается (на этом первая проба правила и попалась).
#
# ЗАМЕР 2026-08-19: стражей-файлов 120, под внешним судьёй 72, без внешнего
# вызывающего 48 — из них 45 названы только в `scripts/gate.sh`, который CI не
# запускает, и три не зовёт вообще никто:
#   check-lsp-launch-path.sh
#   check-no-manual-status-table.sh
#   check-checker-entrypoints.sh
#
# Число может ТОЛЬКО УБЫВАТЬ. Рост — красный; убывание требует опустить базу тем
# же слиянием, иначе следующий рост до прежней цифры пройдёт молча.
#
# Как убывает: либо страж переезжает в поток CI, либо gate.sh (или другой гейт,
# который его зовёт) запускается из CI. Второе закрывает сразу сорок пять и
# упирается в его время — то есть в Г1..Г7.

#
# 2026-08-19, ПЕРЕНОС В MAIN: 48 -> 56, и это НЕ регресс, а первый замер на
#   ЭТОМ дереве. Число 48 снято на ветке `p274-novac`; main несёт стражей,
#   которых там нет (пять построены здесь в тот же день), и не несёт её
#   собственной обвязки гейта. Два числа никогда не измерялись на одном
#   дереве, поэтому сравнивать их значило бы сравнивать разные множества.
#
#   ЧТО ЭТОТ ЗАМЕР ВСКРЫЛ СВЕРХ СЧЁТА. Из стражей без внешнего вызывающего
#   64 не нуждаются в собранном бинаре — текстовые. Прогнаны все: 57
#   зелёных и ПЯТЬ КРАСНЫХ прямо сейчас — `check-no-accumulation`
#   (замерших веток 7 при базе 1), `check-nova-expect-ratchet` (559 при
#   базе 551 — долг той же смены, погашен до 551), `check-rules-page-complete`,
#   `hardcode-audit`, `lint-no-silent-int-fallback` (21 при базе 7).
#   То есть Г8 доказано не доводом, а состоянием дерева: механизм, которого
#   никто не зовёт, тихо краснеет и об этом никто не узнаёт.
#
#   ЧИСЛО ОБЯЗАНО УБЫВАТЬ. Ближайший шаг — шаг CI, зовущий текстовых
#   стражей: он один снимет 64 имени. Он не сделан здесь сознательно —
#   красный шаг CI останавливает отправки всем, а из пяти красных ни один
#   не чинится строкой; сперва разбор каждого, потом обвязка.
#
# 2026-08-23, ПЛАН 275 Ф.3: 56 -> 0. Закрыто тем, что было названо
#   ближайшим шагом выше: CI теперь ЗАПУСКАЕТ `scripts/gate.sh` — ярусом
#   `loop` (текст, без компилятора) и ярусом `push` (поведение), два
#   отдельных job в nova-gate.yml. Это сняло 53 имени разом.
#
#   ОСТАВШИЕСЯ ТРОЕ — те самые, что перечислены в шапке этого файла
#   с 19 августа как «не зовёт вообще никто», — получили шаг в `loop`
#   тем же слиянием: 6+1+0 секунд на троих.
#
#   ЦЕНА ИХ МОЛЧАНИЯ, предъявленная ПЕРВЫМ ЖЕ прогоном:
#   `check-lsp-launch-path` вернул красное. Он сравнивал НАПИСАНИЕ пути,
#   а не путь (`cd && pwd -P` нормализует только СУЩЕСТВУЮЩИЙ каталог),
#   и ложно краснел на любом дереве без `target/` — то есть был бы
#   красным НА КАЖДОМ чекауте CI. Починен тем же слиянием, с
#   четвёртым случаем самопроверки (POS2 — несобранное дерево
#   обязано быть зелёным), чтобы та же форма не вернулась.
#
#   НОЛЬ — ЭТО НЕ КОНЕЦ. Ноль значит лишь, что у каждого стража ЕСТЬ
#   вызывающий; что его вердикт читают — отдельное утверждение, и его
#   держат другие храповики. Рост выше нуля теперь красный всегда:
#   новый страж без шага в гейте не пройдёт молча.
without-external-caller 0
