# База стража долга охоты (план 278 Ф.5, страж check-hunter-debt.sh).
# budget_<трек> = сколько added-строк поверхности трека можно накопить с
# последней охоты, прежде чем гейт покраснеет. ЧИСЛО ВЛАДЕЛЬЦА: правится только
# его словом, с хроникой здесь. anchor = часы трека, у которого ещё нет ни
# одного отчёта охоты (когда отчёт появится, часы выводятся из git и якорь
# для этого трека перестаёт использоваться).
#
# ЗАСЕВ 2026-08-30 (интегратор, ОЖИДАЕТ слова владельца — вопрос в плане 278):
# budget_novac=1500 — novac растёт ~1200 строк/день, порог заставляет охоту
# примерно раз в день-полтора активной работы; budget_oracle=3000 — оракул
# заморожен до тега (только блокеры), долг копится медленно, и это правильно:
# нет нового кода — нет принуждения. Якорь = HEAD дня заведения механизма.
budget_novac=1500
budget_oracle=3000
anchor=dcb67cc23b3f178f2923a62dcfefbb4030caa7fb
