# База храповика сетки охотника (план 278 Ф.3, страж check-hunter-coverage.py).
# never_hunted = число клеток (модуль novac x класс К1..К7), где не охотились
# НИ РАЗУ. Ходит только ВНИЗ; рост законен только с хроникой здесь (обычно —
# когда в таблицу рёбер §3 добавили модуль, и ось выросла).
#
# ЗАСЕВ 2026-08-30: 14 модулей x 7 классов = 98 клеток, охот ещё не было —
# never_hunted = 98, СЕГОДНЯШНИМ числом, а не нулём: страж, натравленный на
# историю, покраснел бы на всём написанном до него и был бы снят первым же
# окном (урок перепроверки планов 2026-08-29).
# 2026-08-30: 98 -> 97. Первая охота (parse × К3,
# docs/dev/hunts/2026-08-30-parse-k3.md) закрыла клетку parse×К3, дав №807-809.
# 2026-08-30: 97 -> 96. Вторая охота (lex × К2, docs/dev/hunts/2026-08-30-lex-k2.md), №810.
# 2026-08-30: 96 -> 95. Третья охота (check × К1, docs/dev/hunts/2026-08-30-check-k1.md), №811-812 — три клетки, Ф.4 плана 278 закрыта.
# 2026-08-30: отчёты переехали в docs/dev/hunts/novac/ (Ф.6, регламент
# владельца: треки novac/oracle). Пути в строках хроники выше — исторические;
# клетки и число не менялись. Свёрнутые охоты держат клетки через LEDGER.md.
#
# 2026-08-30, ключ modules_at_seed (реестр №816). Ось выводится из таблицы
# рёбер §3 novac-architecture.md, а тот документ РАЗНЫЙ В ВЕТКАХ: на `main`
# сегодня 14 модулей, на `p274-novac` — 15 (там заведён `resolve`). База при
# этом одна на обе ветки, поэтому расхождение выглядело как ошибка числа, и
# окно 274 потратило на это расследование. Число здесь и ключ ниже относятся
# к `main`; при слиянии ветки 274 приедут ОБА — её документ и её число, и
# правку ключа надо будет отразить строкой хроники здесь же.
# 2026-08-30 (окно 274): 95 -> 101 на ВЕТКЕ p274-novac. Ось модулей берётся из
# таблицы рёбер §3 docs/dev/novac-architecture.md, и она ВЕТКО-ЗАВИСИМА: на main
# модулей 14, на этой ветке 15 — лишний `resolve`, который ветка и завела
# (подплан 274.4). Засев 98 = 14 x 7 был ВЕРЕН для main в день засева.
#
# ПЕРВАЯ РЕДАКЦИЯ ЭТОЙ СТРОКИ БЫЛА НЕВЕРНА, и это записано здесь, а не стёрто:
# окно 274 объявило засев ошибкой счёта, сославшись на дату коммита 1829df492 —
# но тот коммит ВЕТКОВЫЙ, а не на main, и вывод «все числа хроники на семь
# меньше правды» к main не относится. Урок в одну фразу: сверяя число с
# документом, сперва проверь, ТУ ЛИ ВЕТКУ судишь.
#
# Настоящий дефект был у самого стража — он не называл ось, с которой сравнивает,
# поэтому расхождение читалось как ошибка числа (реестр №816, починен
# интегратором: база несёт modules_at_seed=N, и страж говорит «ось выросла с N
# до M — это новый модуль, а не ошибка числа»).
#
# Арифметика для этой ветки: 15 x 7 = 105 клеток; охот четыре — parse×К3,
# lex×К2, check×К1 и parse×К2 (2026-08-30-parse-k2-required-tokens.md, 13
# расхождений из 16 проб); 105 - 4 = 101. Замерено обеими сторонами: без отчёта
# этой волны страж говорит 102, с ним 101.
#
# СИНК 2026-08-30 (окно 274): ключ `modules_at_seed` приехал с main вместе с
# починкой стража, и здесь он выставлен ПО ЭТОЙ ВЕТКЕ — 15, а не 14. Это и есть
# то, о чём просил интегратор при слиянии: иначе страж покраснеет его же новым
# сообщением «ось выросла с 14 до 15», сказанным про здоровое дерево.
#
#   2026-09-03 (окно 274), 101 -> 96: пять клеток охочены за день —
#   sem x К4 (утро) и три параллельные вечером: check x К6, emit_c x К4,
#   types x К2. Отчёты и пробы в docs/dev/hunts/novac/. Число падает только
#   охотой: клетка считается охоченной по строке «КЛЕТКА | <модуль> | К<n>»
#   в открытом отчёте или в строке свёртки леджера.
never_hunted=96
modules_at_seed=15
