# База храповика МАШИННЫХ ПУТЕЙ в отслеживаемых файлах
# (страж scripts/guards/check-no-machine-paths.sh, ярус 3).
#
# ЧТО СЧИТАЕТСЯ: `d:/Sources`, `D:\Sources`, `/d/Sources`, `/mnt/d/Sources`,
# `C:\Users\` — ВО ВСЕХ отслеживаемых файлах, а не только в скриптах и не
# только вне комментариев. Ярус 1 того же стража судит скрипты строго (ноль);
# этот ярус — про ПУБЛИКАЦИЮ раскладки, и предмет у него шире.
#
# ЧИСЛО СЧИТАЕТСЯ САМИМ СТРАЖЕМ той же командой `git grep -oIE`, что стоит в
# нём, с теми же исключениями. Пересчитать можно в любой момент — и это
# намеренно: копия числа, которую нечем сверить, протухает молча (урок
# AGENTS.md 2026-09-11, где пара 148/188 разошлась с фактом за четыре дня).
#
# ЗАСЕВ 2026-09-12 (интегратор, по решению владельца расширить область стража
# вместо переписывания истории). Замер на день засева: 1024 вхождения в ~345
# файлах, почти все — проза в `docs/**`. Засевается СЕГОДНЯШНИМ числом, а не
# нулём: страж, натравленный на историю, покраснел бы на всём написанном до
# него и был бы снят первым же окном (тот же урок, что у сетки охоты и
# храповика закрытых записей реестра).
#
# ПОПРАВКА ТОГО ЖЕ ВЕЧЕРА: первый засев (1023) снят прогоном, после которого
# работа продолжилась — вычищены восемь ссылок за корень, заведён второй страж
# с самотестом. Число не пересчитали, и база оказалась фотографией момента, от
# которого работа ушла: страж покраснел на собственной правке (1028 > 1023).
# Урок ровно тот, ради которого база и считается КОМАНДОЙ: засев в середине
# работы — это замер того, чего уже нет. Число ниже снято ПОСЛЕ всех правок.
#
# ХОДИТ ТОЛЬКО ВНИЗ. Новый путь краснеет сразу; убрал упоминания — опусти
# число здесь той же правкой, строкой-хроникой.
#
# ЧЕГО ЭТОТ ХРАПОВИК НЕ ДЕРЖИТ: имя пользователя и каталог сессии — у них
# ЯРУС 2 с НУЛЁМ и без базы, потому что они вычищены полностью 2026-09-12
# (13 вхождений в 9 файлах) и возвращаться им незачем.
# ГДЕ СНЯТ ЗАСЕВ — поле, которого здесь НЕ БЫЛО, и его отсутствие стоило
# трёх суток красного CI (реестр №1088). Записано ЧТО считано и КОГДА; не
# записано ГДЕ, а среда оказалась переменной: 1028 снято 2026-09-12 локальным
# прогоном на машине, где `.vscode/settings.json` несёт бит `skip-worktree`.
# Страж тогда грепал ДИСК, локальная копия файла была вычищена, а блоб нёс два
# пути — и число вышло на две единицы НИЖЕ опубликованной правды. С рождения.
# Храповик после этого работал честно и охранял неверное число: последующая
# дисциплина такого не показывает НИКОГДА.
#
# ПРАВИЛО, которое из этого следует и которое шире этой базы: у всякого
# засева пишется СРЕДА — где снято, в каком состоянии дерева и чем именно.
# База без этого не может быть пересеяна осознанно: пересевающий не знает,
# воспроизводит он замер или ставит новый.
#
# ЗАСЕВ ЭТОГО ЧИСЛА ПО НОВОМУ ПРАВИЛУ: 1028, снято 2026-09-13 на машине
# владельца (win32), дерево чистое, ярусом 3 самого стража — который теперь
# считает МАКСИМУМ из рабочей копии и индекса, то есть число больше не зависит
# от того, что лежит на диске у снимающего.

# 2026-09-20 — база стала ИМЕННОЙ: к счёту добавлены НОСИТЕЛИ
#   (`paths_file=<число> <путь>`, по строке на файл) и ЗНАМЕНАТЕЛЬ осмотра
#   (`scanned_files=`).
#   ПОВОД. Счёт в тысячу вхождений прячет ЗАМЕНУ: вычистить сорок путей в одном
#   файле и написать сорок в другом — итог тот же, храповик молчит, а носителей
#   334, и разглядеть среди них подмену по одному числу нельзя в принципе.
#   ВТОРОЕ, и оно про этот страж особенно: счёт берётся `git grep` по списку
#   файлов, поэтому ЛЮБОЕ сужение списка (новое исключение, переезд каталога,
#   сломанный pathspec) роняет число, и падение читается как погашенный долг.
#   Знаменатель — сколько файлов вообще попало под pathspec — единственное,
#   что отличает сужение от уборки; он может только расти.
#   ПОЧЕМУ НЕ РАЗБИРАТЬ ИСЧЕЗНОВЕНИЕ ПОФАЙЛОВО, как у стража проводки: там
#   исчезнувшее имя проверялось существованием файла, здесь предмет — ЧИСЛО
#   ВХОЖДЕНИЙ, и «файл ушёл из набора» равно «вхождений ноль», то есть
#   неотличимо от починки ПО ПОСТРОЕНИЮ. Выдуманный признак был бы хуже
#   честного знаменателя.
#   ЗАМЕР ЗАСЕВА (слитое дерево, ветка measure/1186-check-vs-test): вхождений
#   1027, носителей 334, осмотрено файлов 6244.
#   СЧЁТ ОПУЩЕН 1028 -> 1027 той же правкой. ПРИЧИНА НАЗВАНА ИНТЕГРАТОРОМ
#   (2026-09-20, коммит 77d6a06f8): он убрал абсолютный путь из шапок двух проб
#   охоты (`docs/dev/hunts/novac/probes/2026-09-20-unit-door/*/cmd.sh`), заменив
#   литерал на `$NOVA`, а корень стал выводиться от `AGENTS.md` в `env.sh`.
#   ЭТА ЗАПИСЬ ЗАМЕНИЛА прежнюю «причина не устанавливалась»: две формулировки в
#   одном файле разошлись бы, и следующее окно прочло бы первую.
#   И ЭТО ЖЕ ДОВОД ЗА ИМЕНА: по ЧИСЛУ уборку двух путей нельзя отличить от
#   сужения предиката — обе роняют счёт одинаково.
# 2026-09-20, интегратор: 1027 -> 1026, носителей 334 -> 333.
# Сняты пути из ДВУХ ролевых записок (помощника и Карины): они
# называли своё дерево абсолютным путём. ИМЯ каталога осталось,
# раскладка машины ушла: корень worktree ВЫВОДИТСЯ (родитель
# главной копии), и записывать его незачем.
#
# ЗАПИСАНО РАДИ СЛЕДУЮЩЕГО ОКНА: сначала я взял ДВА
# исключения из ШЕСТИ и починил 19 проб в `docs/plans/repro` —
# каталоге, который страж НЕ СУДИТ вовсе (строка 115).
# Счёт не сдвинулся — и это было ЕДИНСТВЕННЫМ признаком
# ошибки: своя формула вместо формулы стража даёт
# правдоподобный ответ на ДРУГОЙ вопрос.
paths=1026
scanned_files=6296
paths_file=.claude/commands/carina.md 1
paths_file=.claude/commands/whoami.md 3
paths_file=NOTES.md 2
paths_file=compiler-codegen/tests/doc_lints_scope.rs 1
paths_file=docs/dev/bench-conventions.md 1
paths_file=docs/dev/debugging-races.md 2
paths_file=docs/dev/dev-workflow.md 1
paths_file=docs/dev/gate-guard-conventions.md 1
paths_file=docs/dev/hunts/guards/2026-09-05-ratchets-k5.md 1
paths_file=docs/dev/hunts/guards/2026-09-07-verdict-vs-subject.md 1
paths_file=docs/dev/hunts/guards/probes/2026-09-05-ratchets-k5/p_arch-ratchet_missing-target/verdict.txt 2
paths_file=docs/dev/hunts/guards/probes/2026-09-07-verdict-vs-subject/B-machine-path-inline-comment/cmd.sh 10
paths_file=docs/dev/hunts/guards/probes/2026-09-07-verdict-vs-subject/B-machine-path-inline-comment/live-carrier.sh 3
paths_file=docs/dev/hunts/guards/probes/2026-09-07-verdict-vs-subject/B-machine-path-inline-comment/output-live-carrier.txt 2
paths_file=docs/dev/hunts/guards/probes/2026-09-07-verdict-vs-subject/B-machine-path-inline-comment/output.txt 3
paths_file=docs/dev/hunts/novac/2026-09-03-check-k6.md 1
paths_file=docs/dev/hunts/novac/2026-09-03-emitc-k4.md 1
paths_file=docs/dev/hunts/novac/2026-09-03-types-k2.md 1
paths_file=docs/dev/opencode-runbook.md 5
paths_file=docs/dev/prompts/agent-274-handoff.md 1
paths_file=docs/dev/prompts/controller-handoff.md 1
paths_file=docs/dev/prompts/integrator-handoff.md 6
paths_file=docs/dev/prompts/opencode-brief-template.md 5
paths_file=docs/dev/prompts/window-283-handoff.md 1
paths_file=docs/dev/prompts/window-292-queue-snapshot.md 1
paths_file=docs/dev/prompts/window-brief-template.md 6
paths_file=docs/dev/prompts/window-guards-handoff.md 1
paths_file=docs/dev/read-project.md 1
paths_file=docs/dev/repro/lint_dot_slash_path/README.md 1
paths_file=docs/dev/research/2026-07-13-module-naming-two-segment-review.md 1
paths_file=docs/dev/rules-for-agents.md 7
paths_file=docs/dev/simplifications.md 4
paths_file=docs/history/simplifications-closed.md 7
paths_file=docs/plans/100-remaining-impl-roadmap.md 2
paths_file=docs/plans/100.1-impl-playbook.md 8
paths_file=docs/plans/103.1-memory-ordering-api.md 10
paths_file=docs/plans/103.2-atomics-full-suite.md 10
paths_file=docs/plans/103.3-mutex-family.md 9
paths_file=docs/plans/103.4-coordination-primitives.md 13
paths_file=docs/plans/103.5-once-lazy-oncecell.md 9
paths_file=docs/plans/103.6-realtime-blocking-integration.md 9
paths_file=docs/plans/103.7-spec-d-blocks.md 9
paths_file=docs/plans/103.8-conformance-and-close.md 9
paths_file=docs/plans/104.7-tree-sitter-grammar-playbook.md 21
paths_file=docs/plans/104.7-tree-sitter-grammar.md 13
paths_file=docs/plans/107-prelude-attribute-syntax.md 2
paths_file=docs/plans/108.1-params-readonly-default.md 1
paths_file=docs/plans/108.2-locals-readonly-default.md 1
paths_file=docs/plans/108.3-loop-pattern-mut-residual.md 1
paths_file=docs/plans/108.4-protocol-method-receiver-mut.md 1
paths_file=docs/plans/110-scoped-resources-radical-simplification.md 3
paths_file=docs/plans/110.8-docs-close.md 1
paths_file=docs/plans/110.9-v1.1-production-grade-closure.md 1
paths_file=docs/plans/114-keyword-refresh-ro-mut-no-let.md 4
paths_file=docs/plans/114.4-const-narrow-generalize-fn.md 2
paths_file=docs/plans/114.4.1-associated-constants.md 2
paths_file=docs/plans/114.4.2-const-fn.md 2
paths_file=docs/plans/114.4.3-const-fn-v2-extensions.md 3
paths_file=docs/plans/114.4.4-const-fn-v3-completion.md 3
paths_file=docs/plans/114.4.4.3-runtime-hof.md 1
paths_file=docs/plans/114.4.4.4-closure-from-const-fn.md 1
paths_file=docs/plans/114.4.4.5-mono-specialization.md 1
paths_file=docs/plans/114.4.4.6-v4-followups.md 1
paths_file=docs/plans/114.4.4.7-v4-6-final-followups.md 1
paths_file=docs/plans/115-ptr-type-and-tuple-ffi.md 5
paths_file=docs/plans/118-typed-pointers-and-unsafe.md 3
paths_file=docs/plans/118.5-right-binding-rule-migration.md 1
paths_file=docs/plans/120-named-tuples-and-allocation-contract.md 4
paths_file=docs/plans/123-receiver-field-cse.md 6
paths_file=docs/plans/123.1-core-cse.md 2
paths_file=docs/plans/124-priv-field-visibility.md 4
paths_file=docs/plans/124.2-pattern-literal-edges.md 2
paths_file=docs/plans/124.3-generics-uniform.md 1
paths_file=docs/plans/124.8-tuple-value-refine.md 2
paths_file=docs/plans/124.9-nested-struct-literal-codegen.md 1
paths_file=docs/plans/125-divergence-aware-inference.md 2
paths_file=docs/plans/126.2-codegen-method-table.md 1
paths_file=docs/plans/127.1-codegen-promoted-field-access.md 1
paths_file=docs/plans/128-mut-receiver-abi.md 1
paths_file=docs/plans/128.1-v1-limitations-fix.md 1
paths_file=docs/plans/128.2-ro-binding-mut-chain.md 2
paths_file=docs/plans/131-vec-in-nova.md 2
paths_file=docs/plans/138.2-vec-in-prelude-novarray-retirement.md 1
paths_file=docs/plans/139-str-as-nova-value-type.md 1
paths_file=docs/plans/139.2-str-methods-full-nova-migration.md 6
paths_file=docs/plans/140.2-vec-bounds-as-contract.md 6
paths_file=docs/plans/140.4-overflow-check-elision.md 2
paths_file=docs/plans/143.2-leaf-preempt-entry-elision.md 3
paths_file=docs/plans/144.0-may-gc-effect-analysis.md 1
paths_file=docs/plans/145-msvc-codegen-portability.md 1
paths_file=docs/plans/148-independent-cleanups.md 6
paths_file=docs/plans/152-gate-verification.md 1
paths_file=docs/plans/159.1-method-reachability-dce.md 1
paths_file=docs/plans/162.1-resolver-split-lazy-bodies.md 1
paths_file=docs/plans/162.2-sig-table-wiring.md 2
paths_file=docs/plans/164-method-resolution-blanket-and-impl-attr.md 1
paths_file=docs/plans/169.1.2-consolidate-tests.md 1
paths_file=docs/plans/172.1-p67-execution-plan.md 7
paths_file=docs/plans/172.1-unified-type-engine.md 1
paths_file=docs/plans/173.0-concurrency-runtime-substrate.md 1
paths_file=docs/plans/187-docker-progress.md 1
paths_file=docs/plans/196.9-primitive-concrete-overload.md 1
paths_file=docs/plans/197-examples-revision.md 1
paths_file=docs/plans/203-http-out-of-std.md 1
paths_file=docs/plans/213-nova-lsp-performance.md 3
paths_file=docs/plans/221.1-bug-sweep.md 37
paths_file=docs/plans/222.20-design-note.md 1
paths_file=docs/plans/222.20-effects-inventory.md 1
paths_file=docs/plans/224-vela-runtime-naming.md 2
paths_file=docs/plans/225-blank-line-between-decls.md 2
paths_file=docs/plans/249-socks5-http-bridge-example.md 1
paths_file=docs/plans/250-vela-state-consolidation.md 2
paths_file=docs/plans/261-package-repos-under-gate.md 1
paths_file=docs/plans/274.3-review-findings-classes.md 4
paths_file=docs/plans/274.7-subset-to-spec.md 1
paths_file=docs/plans/277-string-literals.md 1
paths_file=docs/plans/291-two-windows-infrastructure.md 1
paths_file=docs/plans/292-stop-requires-proof.md 1
paths_file=docs/plans/33.6-contracts-production-hardening.md 9
paths_file=docs/plans/45-nova-doc.md 1
paths_file=docs/plans/59-tuple-monomorphization.md 3
paths_file=docs/plans/59.1-generic-anon-tuple-mono.md 2
paths_file=docs/plans/62.A.bis-sum-schema-registry.md 9
paths_file=docs/plans/62.D.bis-opaque-types-and-external-type-d-block.md 6
paths_file=docs/plans/64-nova-lang-website.md 1
paths_file=docs/plans/73.1-consume-binding-syntax.md 1
paths_file=docs/plans/82.1-linux-arena-dealloc-investigation.md 7
paths_file=docs/plans/82.2-linux-arena-dealloc-fix.md 2
paths_file=docs/plans/83-study-go-c-mn.md 1
paths_file=docs/plans/83.10.1-autoarm-directive-sweep.md 15
paths_file=docs/plans/83.10.2-armed-cancel-timer-hang.md 29
paths_file=docs/plans/83.10.3-nested-armed-routing.md 11
paths_file=docs/plans/83.10.4-armed-mn-remaining-races.md 2
paths_file=docs/plans/83.10.4-audit-report.md 1
paths_file=docs/plans/83.10.5-iso-cancel-startup-race-fix.md 42
paths_file=docs/plans/83.11-centralized-io-driver.md 2
paths_file=docs/plans/83.11-design.md 1
paths_file=docs/plans/83.11-next-session.md 5
paths_file=docs/plans/83.12-async-net-stdlib.md 3
paths_file=docs/plans/83.13-precise-gc-roadmap.md 8
paths_file=docs/plans/83.4.5.11-test-races-cleanup.md 16
paths_file=docs/plans/83.4.5.12-supervised-nested-fiber-slot-race.md 1
paths_file=docs/plans/83.5-boehm-thread-local-alloc.md 3
paths_file=docs/plans/90.1-array-extend-family.md 3
paths_file=docs/plans/91-stdlib-mvp-for-0.1.md 3
paths_file=docs/plans/91.12-net-effect-and-hardening.md 1
paths_file=docs/plans/91.13-dns-multi-address.md 1
paths_file=docs/plans/91.18-str-unicode-api.md 1
paths_file=docs/plans/91.7-array-methods-and-default-new.md 2
paths_file=docs/plans/91.8a.2-default-body-codegen-and-from-blanket.md 1
paths_file=docs/plans/91.8c-generic-array-api.md 1
paths_file=docs/plans/STATUS.md 1
paths_file=docs/plans/backlog-followups.md 2
paths_file=docs/plans/wip/152.7.2-format-context-notes.md 1
paths_file=docs/plans/wip/159.1-f1-progress.md 1
paths_file=docs/plans/wip/172.14-f2-probes/sum-census.py 1
paths_file=docs/plans/wip/172.15-f1-sret-probes/check.sh 3
paths_file=docs/plans/wip/174.2-scalar-to-str-notes.md 1
paths_file=docs/plans/wip/187-wedge-notes.md 1
paths_file=docs/plans/wip/196-builtin-notes.md 1
paths_file=docs/plans/wip/196-op-channel-progress.md 1
paths_file=docs/plans/wip/196-probes-notes.md 2
paths_file=docs/plans/wip/196-q2-notes.md 1
paths_file=docs/plans/wip/196-ret-notes.md 3
paths_file=docs/plans/wip/196.2-progress.md 1
paths_file=docs/plans/wip/196.5-perd-d30-verification.md 1
paths_file=docs/plans/wip/196.5-perd-d52-verification.md 4
paths_file=docs/plans/wip/196.5-perd-verification.md 2
paths_file=docs/plans/wip/196.5-stage-c-notes.md 1
paths_file=docs/plans/wip/196.5-stage-d-census.md 1
paths_file=docs/plans/wip/196.6-race-state-dump-notes.md 5
paths_file=docs/plans/wip/196.6-runtime-flake-diag-notes.md 6
paths_file=docs/plans/wip/196.wave2-progress.md 3
paths_file=docs/plans/wip/197-audit-progress.md 1
paths_file=docs/plans/wip/198-redo-notes.md 4
paths_file=docs/plans/wip/200-p14-progress.md 1
paths_file=docs/plans/wip/208-f1-notes.md 1
paths_file=docs/plans/wip/208-f4r3-notes.md 1
paths_file=docs/plans/wip/208-impl-progress.md 1
paths_file=docs/plans/wip/208-progress.md 1
paths_file=docs/plans/wip/208-sh4-notes.md 1
paths_file=docs/plans/wip/209-f4-measures.md 1
paths_file=docs/plans/wip/211-spawnctx-notes.md 2
paths_file=docs/plans/wip/217-impl-notes.md 1
paths_file=docs/plans/wip/221-version-notes.md 1
paths_file=docs/plans/wip/268-269-link-prep-PROGRESS.md 2
paths_file=docs/plans/wip/BRANCH-INVENTORY.md 9
paths_file=docs/plans/wip/FINDINGS-modconst.md 8
paths_file=docs/plans/wip/ITOG-238.md 1
paths_file=docs/plans/wip/PROGRESS-doc-consult.md 1
paths_file=docs/plans/wip/PROGRESS-gc269.md 6
paths_file=docs/plans/wip/PROGRESS-identity.md 4
paths_file=docs/plans/wip/PROGRESS-p-bignum-tuple.md 1
paths_file=docs/plans/wip/PROGRESS-p-ptr.md 1
paths_file=docs/plans/wip/PROGRESS-p109f.md 2
paths_file=docs/plans/wip/PROGRESS-p122-permit.md 2
paths_file=docs/plans/wip/PROGRESS-p172-lit.md 2
paths_file=docs/plans/wip/PROGRESS-p238-f1.md 1
paths_file=docs/plans/wip/PROGRESS-p238-f2.md 1
paths_file=docs/plans/wip/PROGRESS-p238-f3.md 1
paths_file=docs/plans/wip/PROGRESS-p238-paths.md 2
paths_file=docs/plans/wip/PROGRESS-p238-review.md 1
paths_file=docs/plans/wip/PROGRESS-p240-detach.md 1
paths_file=docs/plans/wip/PROGRESS-p244.md 1
paths_file=docs/plans/wip/PROGRESS-p248-mech.md 3
paths_file=docs/plans/wip/PROGRESS-p248-nocopy2.md 4
paths_file=docs/plans/wip/PROGRESS-p248-sharedcell.md 3
paths_file=docs/plans/wip/PROGRESS-p248-w2.md 3
paths_file=docs/plans/wip/PROGRESS-p248-w3.md 2
paths_file=docs/plans/wip/PROGRESS-p248tup.md 2
paths_file=docs/plans/wip/PROGRESS-p249-socks.md 2
paths_file=docs/plans/wip/PROGRESS-p271-mangle.md 1
paths_file=docs/plans/wip/PROGRESS-p274.md 1
paths_file=docs/plans/wip/PROGRESS-p354-355.md 3
paths_file=docs/plans/wip/PROGRESS-p356-compound.md 1
paths_file=docs/plans/wip/PROGRESS-p361-crossfile.md 3
paths_file=docs/plans/wip/PROGRESS-p362-advice.md 1
paths_file=docs/plans/wip/PROGRESS-p363-operand.md 1
paths_file=docs/plans/wip/PROGRESS-p364-linear.md 1
paths_file=docs/plans/wip/PROGRESS-p375-ptr2.md 1
paths_file=docs/plans/wip/PROGRESS-p378-destructure.md 1
paths_file=docs/plans/wip/PROGRESS-p379-defer.md 1
paths_file=docs/plans/wip/PROGRESS-p379-multivar.md 1
paths_file=docs/plans/wip/PROGRESS-p383-bounds.md 1
paths_file=docs/plans/wip/PROGRESS-p386.md 2
paths_file=docs/plans/wip/PROGRESS-p390-read-hang.md 2
paths_file=docs/plans/wip/PROGRESS-p398.md 3
paths_file=docs/plans/wip/PROGRESS-p399.md 5
paths_file=docs/plans/wip/PROGRESS-p401.md 1
paths_file=docs/plans/wip/PROGRESS-p401b.md 1
paths_file=docs/plans/wip/PROGRESS-p403.md 1
paths_file=docs/plans/wip/PROGRESS-p409.md 1
paths_file=docs/plans/wip/PROGRESS-p416.md 3
paths_file=docs/plans/wip/PROGRESS-p416b.md 1
paths_file=docs/plans/wip/PROGRESS-p418.md 2
paths_file=docs/plans/wip/PROGRESS-p424.md 1
paths_file=docs/plans/wip/PROGRESS-p427.md 3
paths_file=docs/plans/wip/PROGRESS-p428.md 1
paths_file=docs/plans/wip/PROGRESS-p431.md 1
paths_file=docs/plans/wip/PROGRESS-p431b.md 1
paths_file=docs/plans/wip/PROGRESS-p433.md 1
paths_file=docs/plans/wip/PROGRESS-p437.md 1
paths_file=docs/plans/wip/PROGRESS-p45-resolve.md 2
paths_file=docs/plans/wip/PROGRESS-p570.md 1
paths_file=docs/plans/wip/PROGRESS-p579.md 1
paths_file=docs/plans/wip/PROGRESS-p593.md 1
paths_file=docs/plans/wip/PROGRESS-p616.md 1
paths_file=docs/plans/wip/PROGRESS-p617.md 1
paths_file=docs/plans/wip/PROGRESS-p790.md 2
paths_file=docs/plans/wip/PROGRESS-paz.md 2
paths_file=docs/plans/wip/PROGRESS-pchan.md 1
paths_file=docs/plans/wip/PROGRESS-pfc291.md 1
paths_file=docs/plans/wip/PROGRESS-pk2-fix.md 1
paths_file=docs/plans/wip/PROGRESS-pk2-probe.md 7
paths_file=docs/plans/wip/PROGRESS-plang.md 1
paths_file=docs/plans/wip/PROGRESS-pmono295.md 1
paths_file=docs/plans/wip/PROGRESS-ps1a2.md 1
paths_file=docs/plans/wip/PROGRESS-pvela.md 1
paths_file=docs/plans/wip/PROGRESS-pvela2.md 1
paths_file=docs/plans/wip/PROGRESS-pw2.md 1
paths_file=docs/plans/wip/PROGRESS-s1a.md 2
paths_file=docs/plans/wip/PROGRESS-s1b.md 1
paths_file=docs/plans/wip/PROGRESS-w1b.md 2
paths_file=docs/plans/wip/PROGRESS_p273.md 1
paths_file=docs/plans/wip/RECON-172.14-sum-stack.md 7
paths_file=docs/plans/wip/RECON-compile-phases.md 3
paths_file=docs/plans/wip/RECON-module-index.md 3
paths_file=docs/plans/wip/RECON-std-cache.md 3
paths_file=docs/plans/wip/RECON-value-placement-abi.md 4
paths_file=docs/plans/wip/boehm-eager-cost-notes.md 1
paths_file=docs/plans/wip/boehmret-design.md 1
paths_file=docs/plans/wip/boehmret-repro/wsl_all.sh 1
paths_file=docs/plans/wip/boehmret-repro/wsl_build.sh 1
paths_file=docs/plans/wip/boehmret-repro/wsl_fix.sh 1
paths_file=docs/plans/wip/boehmret-repro/wsl_matrix.sh 1
paths_file=docs/plans/wip/boehmret-repro/wsl_restore2.sh 1
paths_file=docs/plans/wip/boehmret-repro/wsl_sweep.sh 1
paths_file=docs/plans/wip/brief-196-gs-spike.md 2
paths_file=docs/plans/wip/brief-p458-desugar-f1.md 4
paths_file=docs/plans/wip/brief-p570-generic-refusal.md 4
paths_file=docs/plans/wip/brief-p576-bare-name.md 9
paths_file=docs/plans/wip/brief-p579-net-boundary.md 2
paths_file=docs/plans/wip/brief-p593-gc-premature.md 4
paths_file=docs/plans/wip/brief-p599-codegen-typing.md 4
paths_file=docs/plans/wip/brief-p601-std-tests.md 4
paths_file=docs/plans/wip/brief-p616-mode-modifiers.md 4
paths_file=docs/plans/wip/brief-p617-name-scope.md 4
paths_file=docs/plans/wip/closure-megacu-fix-notes.md 4
paths_file=docs/plans/wip/consume-a-notes.md 3
paths_file=docs/plans/wip/d376-peer-slow-notes.md 1
paths_file=docs/plans/wip/d55-coercion-notes.md 1
paths_file=docs/plans/wip/diag-dep-span-notes.md 4
paths_file=docs/plans/wip/ident-x-notes.md 1
paths_file=docs/plans/wip/lint-zero-notes.md 3
paths_file=docs/plans/wip/linux-mn-red-notes.md 2
paths_file=docs/plans/wip/linux-server-progress.md 2
paths_file=docs/plans/wip/lsp-write-fix-notes.md 6
paths_file=docs/plans/wip/mncrash-notes.md 3
paths_file=docs/plans/wip/net-b-notes.md 1
paths_file=docs/plans/wip/order-imports-notes.md 1
paths_file=docs/plans/wip/p200-17-rest-notes.md 1
paths_file=docs/plans/wip/rt-headers-notes.md 1
paths_file=docs/plans/wip/slice-ext-forin-notes.md 1
paths_file=docs/plans/wip/slice-ext-record-notes.md 1
paths_file=docs/plans/wip/style-lints-notes.md 1
paths_file=docs/plans/wip/try-narrowing-notes.md 1
paths_file=docs/plans/wip/untyped-let-notes.md 1
paths_file=docs/plans/wip/vr-binop-dce-notes.md 1
paths_file=docs/project-creation.txt 96
paths_file=editors/INSTALL.md 1
paths_file=editors/SMOKE_LOG.md 1
paths_file=editors/sublime/README.md 2
paths_file=editors/vim/README.md 3
paths_file=editors/vscode/README.md 1
paths_file=examples/flagship/aggregator/Dockerfile 1
paths_file=examples/flagship/aggregator/README.md 1
paths_file=examples/flagship/aggregator/loadtest.ps1 2
paths_file=examples/flagship/aggregator/tls-leak-repro.ps1 2
paths_file=nova-lsp/.cargo/config.toml 1
paths_file=scripts/claude-hooks/guard-git.py 1
paths_file=scripts/dev-env.sh 1
paths_file=scripts/gate.sh 1
paths_file=scripts/guards/accumulation.baseline 1
paths_file=scripts/guards/gate-budget.baseline 1
paths_file=scripts/guards/machine-paths.baseline 5
paths_file=scripts/guards/package-repos.txt 1
paths_file=scripts/guards/registry-rows.baseline 1
paths_file=scripts/guards/selftest/test-check-worktree-location.sh 1
paths_file=scripts/tools/controller-machine-watch.py 2
paths_file=spec_tests/conformance/neg/net_v2_ffi_type_direct_neg.nv 1
paths_file=spec_tests/conformance/standalone/m2217_16_detach_ctx_capture_value_ptr_mismatch.nv 1
paths_file=spec_tests/conformance/standalone/m2217_22_defer_captured_var_in_detach_undeclared.nv 1
paths_file=std/src/fs/d323_path_ops_test.nv 3
