# Baseline стража check-marker-registry-sync.sh (план 231, реестр 221.1 №155/№161).
# Долг: маркеры [M-...] в .nv-коде, для которых НЕТ записи ни в одном реестре/плане.
# Замер 2026-07-30 (первый прогон стража): 59. Ручные аудиты нашли 8 из них —
# на порядок меньше, потому что 332 ссылки только в std вручную не отследить.
# ХРАПОВИК: расти нельзя, снижать — можно и нужно (заводи запись -> опускай число).
unregistered=59
