# Храповик ЧИСЛА SKIP мега-CU (spec_tests/conformance одним CU).
# Реестр 221.1 №453(б). Читается scripts/gate.sh; ЖЁСТКИЙ (роняет гейт при росте).
#
# ЗАЧЕМ: гейт ассертил ТОЛЬКО `PASS: N  FAIL: 0`, и число SKIP не проверял
# вовсе (грепом подтверждено: ноль вхождений `SKIP` в gate.sh/nova-gate.yml
# до этой правки). Уехавшая из корпуса фикстура НЕ даёт ни PASS, ни FAIL —
# единственный сигнал, который её ловит, это рост числа SKIP. Ровно так
# незамеченными прожили: (1) `EXPECT_TIMEOUT_MS` матчился подстрочно как
# `EXPECT_TIMEOUT` и уводил 7 фикстур в некроемый timeout-лейн (закрыто
# отдельно, до этого окна); (2) бестестовый folder-module падал без `else`
# и исчезал молча — 31 каталог (закрыто этим же слиянием, №453а,
# `LaneExclusion::NoLocalTests`).
#
# В ОТЛИЧИЕ от mega-cu-time.baseline (там рост = шум машины, только
# предупреждение) — здесь рост SKIP ЖЁСТКО роняет гейт: снижение (фикстуру
# осознанно убрали/перевели в другой лейн) принимается молча, база
# обновляется вручную с летописью ниже; рост без объяснения — это ровно
# класс дефекта №453 и должен быть виден и остановлен.
#
# `skips` — эталонное число SKIP.
#
# ИСТОРИЯ:
# 2026-08-08: заведён (№453б, окно p453-skip-visible), ПОСЛЕ фикса №453(а)
#   (LaneExclusion::NoLocalTests + else-ветка). Полный мега-CU-прогон
#   (`nova test --positive --compile-error spec_tests/conformance`, компиляция
#   всех фикстур) в этом окне СОЗНАТЕЛЬНО не запускался — авторитетный гейт
#   ведёт координатор отдельным окном, ресурсная дисциплина (см. dev-workflow).
#   Число ниже получено ДЕШЁВЫМ прогоном БЕЗ компиляции: прямой вызов
#   `walk_nv_selected_ex` (тот же код, которым реально пользуется `nova test`
#   на этапе discovery) на РЕАЛЬНОМ дереве `spec_tests/conformance` с
#   default-селекцией (Positive-only) — `excluded.len() == 574` (out.len() ==
#   206), прогон 6.97s, без cc/link/run. Это ПОЛ (floor): считает только
#   lane-exclusion SKIP (`LaneExclusion::Type`/`Slow`/`NoLocalTests`), НЕ
#   считает compile-time SKIP (`AllocBackend`/`SmtBackend`/`NoEntryPoint`/
#   `FfiLibNotFound`) — те требуют реальной компиляции и в дешёвом прогоне
#   не видны. Точечная проба на `spec_tests/conformance/standalone` (106
#   PASS/4 FAIL/17 SKIP) показала 0 таких skip'ов из 17 — весь корпус,
#   вероятно, тоже даёт близкий к нулю остаток, но это НЕ доказано полным
#   прогоном. Если первый настоящий прогон авторитетного gate.sh покажет
#   число НЕМНОГО больше 574 (на compile-time skip'ы) — это ОЖИДАЕМЫЙ артефакт
#   методики измерения, не регресс: обнови `skips=` фактическим числом из
#   лога этого прогона одной строкой летописи, без розыска пропавших фикстур.
#   Существенный скачок (не на единицы) — то самое, что этот храповик обязан
#   ловить.
skips=574
