# База храповика — scripts/guards/check-no-mojibake.sh
#
# Считаются СТРОКИ с подписью порчи «UTF-8 прочитан как CP1251»: буквы
# сербско-македонского ряда (Ђ Ѓ ђ ѓ ћ ќ љ њ ї ѕ) и одиночная нижняя кавычка
# перед кириллицей. В правильном русском тексте их не бывает вовсе.
# Рост запрещён; снижение свободно — база опускается той же правкой.
#
# ЗАЧЕМ. Класс известен давно: под него написан ремонтный инструмент
# `scripts/tools/demojibake.py` (GitHub issue #1). Но СТРАЖА не было, и
# 2026-08-13 порча прошла в `main` дважды за смену — запись реестра №635
# лишилась всех трёх обязательных полей, а правило «Отправляй то, что
# проверял» уехало на три зеркала нечитаемым. Ни один имевшийся механизм не
# видит этого по построению: `check-no-control-chars` смотрит управляющие
# БАЙТЫ, а мохибейк состоит из законных символов; `doc-conventions` проверяет
# язык и парность, а не читаемость.
#
# ЗАМЕР 2026-08-13 — 145 строк, унаследованный долг. Это НЕ фон: каждая строка
# нечитаема для следующего, кто её откроет. Разбор отложен намеренно — правка
# 145 мест в комментариях фикстур не имеет отношения к тегу и делается
# отдельной волной инструментом `demojibake.py`, а не руками.
#
# Крупнейшие носители на день замера: комментарии conformance-фикстур
# (`spec_tests/conformance/*.nv`) — там `вЂ”` вместо тире и слова вроде `РІСЃРµ`
# вместо «все».
#
# ЧТО НЕ СЧИТАЕТСЯ: `scripts/tools/demojibake.py`, ядро `mojibake-scan.py` и
# самотест стража — они ХРАНЯТ образцы порчи как данные.
mojibake_lines=144
#
# ===== ВТОРАЯ МЕТРИКА: СИМВОЛ-ЗАМЕНА U+FFFD (заведена 2026-09-05, №972) =====
#
# Считаются СТРОКИ, содержащие символ-замену. Это ДРУГАЯ порча, не та, что
# выше, и разница определяет, что с ней делать: «UTF-8 как CP1251» текст
# СОХРАНЯЕТ (обратное преобразование возвращает его целиком, для того и написан
# `demojibake.py`), а символ-замена означает, что байты УТЕРЯНЫ — вернуть можно
# только из истории git, а если строка родилась испорченной, то и оттуда нельзя.
#
# ПОЧЕМУ ОТДЕЛЬНОЙ МЕТРИКОЙ, а не прибавкой к числу выше: у той цифры есть своя
# летопись, и молча сменив предмет счёта, я сделал бы её несравнимой с самой
# собой. Храповик, у которого предмет счёта поменялся без слов, мерит уже не то,
# что обещал, — и это ровно тот класс, который реестр ведёт отдельно.
#
# ЗАМЕР 2026-09-05: 550 строк, 6552 символа в восьми файлах. Пять файлов несли
# ровно по одному символу, и они ПОЧИНЕНЫ той же правкой (178-std-http,
# 222-http-framework, 221.1-bug-sweep, 274.5-read-own-source, wip/PROGRESS-p386
# — во всех пяти слово однозначно читается из контекста, и во всех пяти оно
# стоит внутри фразы капсом). Осталось 545 строк в ДВУХ файлах:
#   514  docs/history/simplifications-closed.md   (6204 символа)
#    31  docs/plans/45-nova-doc.md                ( 342 символа)
#
# СНАЧАЛА я решил их не чинить — там связный русский текст целыми абзацами, и
# это выглядело отдельной работой. Решение отменено в тот же час: см. блок
# «ОПУЩЕНА» ниже, восстановление оказалось МЕХАНИЧЕСКИМ и сделано. Строка
# реестра №972 ведёт остаток. Корень известен:
# `45-nova-doc.md` испорчен 2026-05-16, а батч 4 чистки упрощений (`fbea1b8e8`,
# 2026-07-18) СКОПИРОВАЛ уже испорченный текст в историю закрытых упрощений,
# удвоив его к батчу 6. Ремонтный проход `e504932dd` (2026-07-19) прошёл рядом
# и не изменил ни одного из этих чисел — инструмент искал другую подпись.
#
# ВОССТАНОВИМО ЛИ ЭТО — ДА, и это ЗАМЕРЕНО побайтово, а не предположено.
# В ревизии `714ab54b7` у `45-nova-doc.md` символов-замен НОЛЬ, а есть сырые
# байты CP1251 внутри UTF-8 файла (185 мест): `\xd4` читается как `Ф`,
# `\x97` как тире, и строка декодируется целиком. Замены появились ПОЗЖЕ,
# когда файл пересохранили, декодируя с заменой. То есть в рабочем дереве
# информации нет, а в истории она есть — оттуда и брать.
#
#
# ОПУЩЕНА 2026-09-05, ТЕМ ЖЕ ДНЁМ: 545 -> 418. Восстановление сделано, а не
# отложено. `45-nova-doc.md` закрыт ПОЛНОСТЬЮ (342 -> 0, 31 строка), в истории
# упрощений возвращено 1456 символов из 6204 (96 строк). Метод: у испорченной
# строки берётся её скелет (замены -> джокеры) и ищется среди строк истории,
# декодированных смешанным декодером; подстановка только при ЕДИНСТВЕННОМ
# непротиворечивом ответе, догадок о словах нет. Кандидаты индексируются по
# ДЛИНЕ строки — замена занимает ровно одну позицию, поэтому длина сохраняется.
#
# ПРИЁМКА ЭТОГО ПРОХОДА, и она сильнее «читается по-русски»: сверка рабочего
# файла с HEAD показала, что число строк не изменилось ни в одном файле, а
# КАЖДАЯ правка меняет только позицию, где стоял символ-замены, — правок,
# затронувших что-либо иное, НОЛЬ.
#
# ОСТАЛОСЬ 418 строк, все в `simplifications-closed.md`. Почему не больше:
# байты целы лишь в ТРЁХ ревизиях `docs/simplifications.md` (543aaf00f 499,
# 75539332e 1368, 6316abe51 465 мест, все 2026-05-16) плюс в чистых ревизиях
# до той волны; у остального текст попал в источник уже с заменами — то есть
# родился испорченным, и в git его целого нет. Проверено сканированием ВСЕХ
# 1275 ревизий источника: байт-целых три, полностью чистых 198.
#
# ПОЧЕМУ РОСТ ОТ НУЛЯ ЗАКОННЫЙ: метрика заведена сегодня и сразу мерит
# унаследованный долг. Ноль здесь означал бы не чистоту, а неизмеренность.

# 2026-09-20 — к обоим счётам добавлены НОСИТЕЛИ (`mojibake_file=`,
#   `fffd_file=`, по строке на файл с числом строк) и ЗНАМЕНАТЕЛЬ обхода
#   (`scanned_files=`).
#   ПОВОД. Счёт прячет ЗАМЕНУ: одну порчу вычистили, другая приехала слиянием —
#   итог прежний, храповик молчит. У символа-замены это особенно наглядно: все
#   418 строк живут в ОДНОМ файле (docs/history/simplifications-closed.md), и порча, заведённая в другом при
#   уборке в этом, была бы невидима вовсе.
#   ВТОРОЕ: счёт берётся обходом со списком расширений, списком пропусков и
#   фильтром по индексу git. Сузь любой из трёх — число упадёт, и падение
#   прочтётся как уборка. Знаменатель — сколько файлов ядро ПРОЧИТАЛО; он может
#   только расти. Исчезновение носителя иначе неотличимо от уборки по
#   построению: предмет — число строк, и «файл ушёл» равно «строк ноль».
#   ЗАМЕР ЗАСЕВА: подпись cp1251 — 144 строк в 39 файлах; символ-замена —
#   418 строк в 1 файлах; осмотрено файлов 7642.
fffd_lines=418
scanned_files=7642
mojibake_file=compiler-codegen/src/test_runner.rs 5
mojibake_file=docs/dev/simplifications.md 2
mojibake_file=docs/plans/138.2-vec-in-prelude-novarray-retirement.md 1
mojibake_file=docs/plans/139-str-as-nova-value-type.md 53
mojibake_file=docs/plans/221.1-bug-sweep.md 1
mojibake_file=nova_tests.old/plan108_4/neg/neg_mut_for_ro.nv 1
mojibake_file=nova_tests.old/plan124/neg/plan124_8_modifier_order_independence_ok.nv 1
mojibake_file=nova_tests.old/plan126/neg/p16_field_lacks_protocol_neg.nv 2
mojibake_file=nova_tests.old/plan126/neg/p17_hashable_field_lacks_neg.nv 2
mojibake_file=nova_tests.old/plan126/neg/p18_cloneable_field_lacks_neg.nv 2
mojibake_file=nova_tests.old/plan126/neg/p19_comparable_field_lacks_neg.nv 2
mojibake_file=nova_tests.old/plan126/neg/p20_printable_field_lacks_neg.nv 2
mojibake_file=nova_tests.old/plan144_inftype/neg_mutual_cycle.nv 3
mojibake_file=nova_tests.old/plan148/neg/mo_neg_priv_value.nv 1
mojibake_file=nova_tests.old/plan91_14/t10_pos_debug_in_concat_with_display.nv 4
mojibake_file=nova_tests.old/plan91_14/t1_pos_parse_debug_spec_ok.nv 4
mojibake_file=nova_tests.old/plan91_14/t5_pos_debug_struct_memberwise.nv 8
mojibake_file=nova_tests.old/strings/neg/plan131_vec_clone_pos.nv 1
mojibake_file=nova_tests.old/strings/neg/plan131_vec_eq_pos.nv 1
mojibake_file=spec_tests/conformance/loop_iteration_ok.nv 3
mojibake_file=spec_tests/conformance/m2_v5_4_1_nested_region_ok.nv 4
mojibake_file=spec_tests/conformance/m5_v2_1_licm_weighted_ok.nv 1
mojibake_file=spec_tests/conformance/m6_v2_1_dyn_range_ok.nv 3
mojibake_file=spec_tests/conformance/m6_v2_1_dyn_small_range_neg.nv 4
mojibake_file=spec_tests/conformance/neg/n1_no_impl_no_autoderive_neg.nv 1
mojibake_file=spec_tests/conformance/neg/n2_field_lacks_protocol_neg.nv 1
mojibake_file=spec_tests/conformance/neg/n2_ro_binding_deep_chain_mut_neg.nv 2
mojibake_file=spec_tests/conformance/p4_deep_chain_mut_ok.nv 4
mojibake_file=spec_tests/conformance/plan123_1_2_v1_2_negative_below_threshold_nested_ok.nv 3
mojibake_file=spec_tests/conformance/plan123_7_5_v7_5_var_method_invalidates_neg_ok.nv 3
mojibake_file=spec_tests/conformance/plan123_7_7_v7_7_chain_receiver_sibling_safe_ok.nv 1
mojibake_file=spec_tests/conformance/plan123_7_7_v7_7_depth_3_chain_ok.nv 1
mojibake_file=spec_tests/conformance/plan123_followups_2026_06_05_m2_v5_4_1_nested_region_ok.nv 4
mojibake_file=spec_tests/conformance/plan123_followups_2026_06_05_m5_v2_1_licm_weighted_ok.nv 1
mojibake_file=spec_tests/conformance/plan123_followups_2026_06_05_m6_v2_1_dyn_range_ok.nv 3
mojibake_file=spec_tests/conformance/plan123_followups_2026_06_05_m6_v2_1_dyn_small_range_neg.nv 4
mojibake_file=spec_tests/conformance/v7_5_var_method_invalidates_neg_ok.nv 3
mojibake_file=spec_tests/conformance/v7_7_chain_receiver_sibling_safe_ok.nv 1
mojibake_file=spec_tests/conformance/v7_7_depth_3_chain_ok.nv 1
fffd_file=docs/history/simplifications-closed.md 418
