# scripts/guards/novac-emission.baseline — объём C, который ВЫДАЁТ novac на
# принятые файлы корпуса (план 274.2 §1б.2; страж check-novac-emission-size.sh).
# Формат: <файл> <строк C всего> — оболочка рантайма входит в число.
#
# Зачем храповик. Раздувание эмиссии — главный резерв скорости сборки: у
# оракула 47 192 строки C на 5 381 строку .nv (×7.6), и лишь 7 % из них —
# собственный код. novac обязан быть лучше, а «лучше» без числа не проверяется.
# Снято 2026-08-17. Рост требует объяснения В КОММИТЕ; падение — опустить базу
# той же волной (иначе следующий рост до прежней цифры пройдёт молча).
#
# Оболочка рантайма (6045 строк) одинакова во всех файлах и составляет львиную
# долю: собственная эмиссия novac на файл — это разница. Когда на Э2-б2
# появится mono, здесь же появится вторая колонка: доля собственного кода.
#
# 2026-08-21, +1 СТРОКА КАЖДОМУ: `shell.tpl.c` перегенерирован под новый
# oracle-pin (5de8f26bf → 2803de2d9) и вырос 6044 → 6045 строк. Рост НЕ в
# эмиссии novac — она не менялась: все четыре числа поднялись на одно и то же
# единица, потому что оболочка одна. Смоуки всех четырёх прошли байт-в-байт
# после перегенерации.
# ВСЕ ЧЕТЫРЕ ЧИСЛА ОПУЩЕНЫ НА 23 (2026-08-23): оболочка пересобрана свежим
# оракулом и сама стала короче на 23 строки (6045 -> 6022) — суммы без
# полезной нагрузки перестали быть боксированными объявлениями (атом A4).
# Эмиссия примера включает оболочку целиком, поэтому вычиталось одно и то же
# число из каждого. Опущено, а не оставлено с запасом: иначе следующий рост
# до прежней цифры прошёл бы молча.
match_demo 6137
records 6067
# strings 6082 -> 6073 (2026-08-18, Э2-б2): заработал коллектор достижимого.
# Девять строк -- это ровно те функции фикстуры, до которых из `main` нет
# пути. Храповик двусторонний, и опускать базу СНИЖЕНИЕМ обязательно: иначе
# следующий рост до прежней цифры пройдёт молча, а он будет означать, что
# коллектор перестал работать.
# strings СНЯТ 2026-08-20: файл больше не принимается (методы std зовутся своим
# именем, а тел novac не эмитит -- отказ по имени, решение владельца; база
# корпуса опущена 11/5 -> 10/4 той же волной). Записать «strings 1» значило бы
# записать ОТКАЗ как объём эмиссии -- число, измеряющее не то, что называет.
# Строка вернётся вместе с файлом на вехе «компилируются простые std-модули».
arithmetic 6057
hello 6028
