# scripts/guards/novac-surface.baseline — публичная поверхность каждого модуля novac
# (план 274 §10.4; страж check-novac-surface.sh). Формат: <модуль> <число export-строк>.
# Храповик В ОБЕ СТОРОНЫ: рост без поднятия базы — красный (обоснуй в коммите),
# сужение без опускания — красный (протухшая база пропустит следующий рост).
# Снято 2026-08-16. Заметь sem: широчайшая дверь наружу — до-дженериковый реестр.
# Пересъём 2026-08-16 (хвост Э2-б1, канал чекера): sem 54 -> 53. Рост НЕ отменяет
# требования сузить, а исполняет его иначе: +11 — это КАНАЛ (`CheckOut`,
# `CalleeRef`, `SubstRef` и их двери), новый публичный контракт модуля, ради
# которого волна и делалась; +2 — толерантные половины пар (`is_bound`,
# `has_field`), которыми check отказывает ПЕРВЫМ этажом вместо ice; −6 — решётка
# типов (`Scope`, `type_of` и спутники) УЕХАЛА в `check` и больше наружу не
# видна: это и есть обещанное сужение, и именно оно отняло у бэкенда
# возможность спросить тип второй раз.
# check остаётся 1: канал возвращается ИЗ ТОЙ ЖЕ двери парой, а переехавшая
# решётка (`Scope`, `type_of`) наружу не видна — она приватна в модуле.
# tree 19 -> 7: `id_of` — единственная дверь к идентичности узла (ключ канала).
# builtins 9 -> 10 (2026-08-19): `EQUAL_METHOD` — имя метода языка, к
# которому сводится `==`. Живёт здесь по П5: эмиттер не пишет std-имена
# сам, он спрашивает реестр по имени языка.
# builtins 10 -> 12 (2026-08-21): `COERCE_ATTR` (слово атрибута D429) и
# `is_contextual_mode_word` (контекстные слова режимов). Оба — ИМЕНА ЯЗЫКА, и по
# П5 у них один дом. Второй завёл ребро `parse -> builtins`: режим ресивера
# читает парсер, и до 2026-08-21 он знал ровно `mut` — все `consume`-методы std
# были для novac невидимы. Заодно снялась третья копия набора: параметрический
# режим в parse.nv сравнивал те же четыре слова руками.
# builtins 12 -> 13 (2026-08-21): `CONSUME_MODE` — написание режима, который
# забирает владение. Названо потому, что различают его ТРИ читателя (парсер
# читает квалифицированный ресивер и голову привязки, slots — параметр), а по П5
# написание слова языка живёт ровно в одном месте.
# builtins 13 -> 14 (2026-08-21): `SELF_TYPE` — написание `Self`, тип РЕСИВЕРА,
# названный по роли. Наружу нужно потому, что спрашивает его `harvest`: `Self` не
# значится ни в одной декларации и в реестре имён его нет по построению, поэтому
# дверь, спрашивавшая только `defs`, выбрасывала ВСЮ сигнатуру — 264 употребления
# в 50 файлах std уходили молча (замер 2026-08-21).
# builtins 14 -> 15 (2026-08-21): `ALIAS_MARKER` — слово, которое превращает
# объявление типа в АЛИАС вместо newtype. Имя языка, и читает его ПАРСЕР (хвост
# `type X ...`), поэтому по П5 дом у него один — рядом с `enum`, другим словом,
# решающим, что значит объявление `type`.
# builtins 15 -> 16: `is_runtime_abi_sum` — семь имён, закреплённых рукописным
# рантаймом (атом A4); П5 держит ЛЮБОЕ имя языка/std в этом реестре, и мэнгл
# спрашивает, а не пишет.
# builtins 16 -> 17: `prim_name` — ИСХОДНОЕ имя примитива по ординалу. Рядом
# давно живёт `prim_c_name` (имя рантайма), и они расходятся почти всюду
# (`u8` -> `nova_byte`, `i32` -> `int32_t`): диагностика волны В2 называет
# типы конфликтующих аргументов, и печатать в ней ABI-имя значило бы назвать
# человеку тип, которого он не писал. Дверь понадобилась ровно тогда, когда
# сообщение впервые захотело имя, — до этого её заводить было незачем (П35).
# builtins 17 -> 18: `PROTOCOL_MARKER` -- the word that marks the protocol form
# (`type Sized protocol { ... }`). A contextual word like `alias` and `enum`,
# and P5 keeps every name of the language in this one registry: the parser and
# `shape_of_decl` ASK for it, neither spells it.
# builtins 18 -> 20: два имени приёмника, и оба по спросу (П35).
# `RECV_BINDING` = "@" — под этим именем приёмник лежит в области видимости,
# и `@field` становится обычным доступом к полю биндинга: второй механизм не
# нужен, а столкнуться с ним нельзя (лексер не делает `@` идентификатором).
# `RECV_C_NAME` = "_novac_self" — имя параметра-приёмника в НАШЕЙ эмиссии;
# оно не переходит ABI (это параметр функции, которую novac называет сам),
# и П24 держит выдуманные нами имена в нашей приставке.
# builtins 20 -> 21: `UNIT_TYPE_NAME` = "()" — исходное написание единицы.
# Имя-пунктуация, которым не может быть идентификатор, поэтому его нельзя
# затенить программой, и реестр держит единицу как обычный тип (П5).
# builtins 21 -> 19 (2026-08-23, вопрос владельца «а KwConsume ты не завёл?»).
# СУЖЕНИЕ на два имени, и это ответ на вопрос, а не уборка. Замер: оракул
# отвергает `fn consume() -> int` («expected identifier, got `consume`») и
# `ro consume = 3` («expected pattern»), а novac ПРИНИМАЛ оба — расхождение в
# сторону вседозволенности, то есть пропускал программу, которую поставляемый
# компилятор не берёт. Причина: `consume` читалось по НАПИСАНИЮ, как контекстное
# слово, которым оно не является.
# Теперь слово лексится в `KwConsume`, и вместе с этой предпосылкой ушли ОБА
# имени, которые её обслуживали: `is_contextual_mode_word` и `CONSUME_MODE`.
# Спрашивать написание больше некому — вопрос «это слово режима?» отвечает
# `sem.mode_of_leaf` по токену, а единственное место, где написание вообще нужно,
# это таблица лексера «слово -> токен».
# Промежуточный шаг (константы `MUT_MODE`/`RO_MODE` в builtins и они же в
# образцах match'а лексера) ЗАМЕРЕН И ОТВЕРГНУТ: `nova check` его принимает, а
# кодоген оракула эмитит для `match` по `str` с образцами-константами код суммы
# («no member named 'tag' in 'nova_str'»). Записано в реестр.
# builtins 19 -> 20 (2026-08-23): `VALUE_MARKER` — слово `value`. Оно меняет
# РАЗМЕЩЕНИЕ (запись по значению против GC-указателя), то есть C-тип, доступ к
# полю и конструирование, — значит это имя языка, и живёт оно там, где живут
# имена языка (П5). Спрашивают его парсер (читает маркер в его позиции по D241) и
# `sem` (дверь `decl_is_value`).
# builtins 20 -> 21 (2026-08-23): `SUM_MARKER` — слово `enum`. Оно стояло голым
# литералом в парсере, и это увидела дверь: когда четыре маркера объявления
# (`protocol`, `value`, `enum`, `alias`) свелись к одному вопросу
# `@peek_ident(word)` — по вопросу владельца «не хочешь завернуть?» — стало видно,
# что три слова приезжают из builtins, а четвёртое написано на месте (П5).
builtins 21
# check 1 -> 2 (2026-08-20): `check_instance` -- one instance of a generic
# body, typed under its substitution into its OWN channel (Go stenciling).
# Наружу нужна потому, что зовёт её конвейер: он собирает инстансы и типизирует
# каждый отдельно, а сам `check` не знает ни про mono, ни про эмиссию.
check 2
diag 6
# emit_c 1 -> 2 (2026-08-21, E2-b2): `Instantiation` -- one already-typed
# instance crossing the pipeline -> emitter boundary as DATA (declaration,
# row, substitution, CONCRETE types, its own channel). It must be public
# because the PIPELINE builds these values: mono decides which instances
# exist, check types each body, and the emitter renders them -- so the type
# of that hand-off belongs to the module that receives it.
emit_c 2
# lex 4 -> 6 (2026-08-18): paren_delta и bracket_delta — таблица глубины
# скобок вышла наружу как ОДНА дверь вместо трёх if-цепочек в парсере
# (владелец: «в match»). Наружу они обязаны выйти потому, что TokenKind
# живёт в lex, а спрашивают о нём в parse; держать таблицу у спрашивающего
# значило бы снова её размножить — три копии уже разошлись, одна из них
# считала `[`/`]` вместо `(`/`)`.
# lex 6 -> 7 (2026-08-18): brace_delta — третья таблица глубины, той же
# формы и по той же причине: список `import a.{X, Y}` читается
# сбалансированным пробегом, и знание «что такое скобка» обязано жить
# там же, где TokenKind, а не размножаться по читателям (три копии уже
# однажды разошлись — одна считала не те скобки).
lex 7
main 0
# mono -- НОВЫЙ модуль (2026-08-18, Э2-б2): коллектор достижимого.
# Наружу три имени: тип Reach, вопрос @has (эмиттер спрашивает про каждую
# функцию) и дверь reachable. @count -- для одной строки вывода конвейера.
# mono 4 -> 5 (2026-08-21, Э2-б2): тип `Instance` — «строка плюс подстановка».
# Наружу обязан выйти потому, что он ПОЛЕ публичного `Reach` (`inst []Instance`):
# эмиттер обходит этот вектор, чтобы выпустить по функции на инстанс, и без типа
# поле нечитаемо. Вопрос «этот инстанс уже в множестве» дверью наружу НЕ вышел:
# спрашивает его только сам обход, пока строит множество, а эмиттер обходит
# вектор, а не опрашивает его — дверь без вызывающего здесь уже была ошибкой.
# mono 5 -> 8 (2026-08-21, E2-b2): three doors the PIPELINE calls --
# `instances` (the vector it walks), `subst_of` and `ptypes_of` (views into
# the pools, per instance). All three have a named caller by construction:
# the pipeline types one body per element and hands the emitter the result.
# The parameter and return types they answer with are CONCRETE, rewritten in
# mono -- the architecture's boundary, so no backend substitutes.
# mono 8 -> 7 (2026-08-22, П35): `Reach.count` удалена — экспортирована и не
# спрошена. Её собственная запись выше говорила, зачем она: «для одной строки
# вывода конвейера» — а конвейер эту строку больше не печатает, и дверь пережила
# своего читателя, чего никто не заметил. Пятый носитель П35 за сессию; шестым
# был `DefTable.type_decl_of`, и с них двоих правило получило стража.
mono 7
# names 6 -> 10 (2026-08-22, волна В8): здесь ЖИВЁТ пространство `DeclId` —
# «какое объявление», плюс его двери `raw_decl`/`no_decl`/`is_decl`. Пятой была
# `same_decl` — обход дефекта ro-launder по образцу `types.same_ty`, — и она
# удалена тем же днём: ни одного вызывающего (подробнее у строки `sem`). Дом здесь,
# а не в `sem`, потому что имя нужно ДВУМ модулям и ни один не выше другого:
# `sem` индексует им таблицу деклараций, а `types` держит его ГОЛОВОЙ
# номинального терма (`Record(DeclId)`, `Sum(DeclId)`) — ровно rustc
# `TyKind::Adt(AdtDef, _)`. Слой 3 карты именно это и обещает: «имя →
# объявление, у декларации стабильный DeclId».
names 10
parse 1
pipeline 2
# sem 54 -> 56 (2026-08-18): наружу вышли ДВЕ двери параметра,
# param_name_at и param_type_at. Имя и тип параметра больше не берутся
# индексом pk[0]/pk[1]: индекс сдвигается, как только у параметра
# появляется режим (mut/consume), и сдвиг трижды за сутки давал дефект --
# последний раз молча: `int` в `fn take(mut v int)` отвергался как
# неизвестный тип. Дверей две, а не одна: тип ищется ОТ имени, и звать
# его отдельно нужно и чекеру, и эмиттеру.
# sem 56 -> 57 (2026-08-18): arm_body_at — тело плеча match ищется дверью.
# Однострочная форма пишет запятую ПОСЛЕ тела, и три читателя, бравшие
# `ak[ak.len() - 1]`, спросили у чекера тип запятой (ICE «expression kind
# without a type rule»). Наружу дверь обязана выйти потому, что читателей
# трое и они в трёх модулях: typing, type_of и эмиттер.
# sem 57 -> 58 (2026-08-18, Э2-б2): `CheckOut.has_callee` — ТЕРПИМЫЙ вопрос
# к каналу. Коллектор достижимого обходит каждый узел тела, и почти ни один
# из них никого не зовёт: «здесь вызова нет» — это ОТВЕТ, а не дыра, и
# спрашивать его тотальным `callee_of` значило бы падать на нормальном узле.
# sem 58 -> 60 (2026-08-18): две ДВЕРИ реестра — `DefTable.fn_row` и
# `decl_fn_row`. Рост поверхности здесь СНИМАЕТ дубли, а не добавляет их:
# вопрос «строка вызываемого» жил десятью копиями в трёх модулях, две из них
# совпадали тело в тело. Дверь ищут по имени — не нашёл, написал свою.
# sem 60 -> 61 (2026-08-20): `FnTable.compiles_body` — граница «эмитит ли novac
# тело этой строки». Наружу нужна потому, что спрашивает её ЧЕК, чтобы отказать
# вызову по имени, а таблица живёт в sem. Мэнглинг её не спрашивает: имя у нас
# одно и своё (разбор владельца, снявший ветку `foreign`).
# sem 61 -> 62 (2026-08-20): `tparam_slot` — «какой слот связывает это имя»,
# спрошенное во время СБОРКИ, когда строки у вызываемого ещё нет и
# `FnTable.tparam_index` спросить нельзя. Наружу нужна потому, что спрашивает её
# `collect_types` в sem.nv, а живёт она в slots.nv — там, где позиции в дереве.
# sem 62 -> 63 (2026-08-20): `declares_receiver` — «объявляет ли эта декларация
# получателя». Вопрос ОДИН, а считался двумя циклами в разных модулях: типизация
# отказывает объявлению метода до того, как `leaf_text` встретит ветку и ляжет
# ассертом, а правило позиции дженериков отличает `fn[T] []T @map` от `fn box[T]`.
# sem 63 -> 64 (2026-08-20): `CallForm` — форма вызова (`f(x)` против `x.f()`)
# входит в запрос к реестру. Наружу нужна потому, что спрашивают чек и эмиттер,
# а решает таблица. Найдено пробой: без формы `byte_len("abc")` попадал в
# `str @byte_len()` по одной арности, и novac принимал то, что оракул отвергает.
# sem 64 -> 65 (2026-08-21, Э2-б2): `CheckOut.callee_subst_of` — подстановка, с
# которой написан ВЫЗОВ. Наружу нужна потому, что спрашивает её mono: множество
# достижимого ключуется `(строка, подстановка)`, и аргументы лежат в канале, в
# `CalleeRef.subst_off/cnt`. Дверей две, а не одна: `subst_of` отвечает про узел
# ИНСТАНЦИИРОВАНИЯ, эта — про вызов, и узел по построению либо тот, либо этот.
# sem 65 -> 67 (2026-08-21, E2-b2): `subst_type` and `decl_name_at`. Both
# REMOVE copies instead of adding rules. `subst_type` is THE door that applies
# a substitution: the rule lived inside `type_tag` and again in check as
# `Checker.concrete`, and mono wanted it third. `decl_name_at` answers "where
# is this declaration's name" -- the first identifier leaf, not child one,
# because a Generics branch or a receiver group stands between; the typing walk
# had that loop written out and the emitter was about to write it a third time.
# sem 67 -> 69 (2026-08-21, D429): `CoercePair` and `coerce_row` -- the registry
# of DECLARED implicit conversions and the one door that asks it ("what turns
# this type into that one"). Наружу нужны потому, что спрашивает их CHECK: пара
# делает вызов ЗАКОННОЙ Nova, и отказ обязан назвать причину «novac не эмитит
# тело метода», а не «ничего не подходит». Пары читаются из ДЕКЛАРАЦИЙ -- D429
# запрещает хардкодить хотя бы одну, и слово атрибута живёт в builtins (П5).
# sem 69 -> 78 (2026-08-21, Р14): ось РЕЖИМА — и это девять имён, потому что это
# правило с двумя сторонами, а не поле. Типы: `ParamMode` (ro/mut/consume — три,
# по замеру: `uninit` режимом не является), `ParamDef` (параметр это тип И режим
# одной строкой), `ArgClass` и `ArgSpec` (чем является АРГУМЕНТ и ключ из него).
# Двери: `mode_admits` (само правило Р14 — берёт ли этот режим этот класс),
# `ParamMode.specificity` (consume специфичнее mut, mut — ro), плюс три двери
# «где режим НАПИСАН»: `param_mode_at`, `recv_mode_at`, `bind_mode_at`.
#
# Наружу нужны потому, что спрашивает их CHECK: класс аргумента считается в
# чекере, ключ вызова несёт его в реестр, Scope хранит режим привязки. Без этого
# `fn tag(c Cel)` и `fn tag(mut c Cel)` для реестра одна строка дважды — и
# эмиссия писала два определения с ОДНИМ C-именем (замер 2026-08-21).
# sem 78 -> 82 (2026-08-21, newtype): четыре имени со стороны `TkNewtype` —
# `representation_of` (один уровень: чем этот newtype ВЫЛОЖЕН), `carrier_of`
# (снятый до конца: что рантайм реально держит), `ReprSpec` и `repr_of_decl`
# (что говорит ХВОСТ объявления типа и алиас ли это).
#
# Наружу нужны потому, что спрашивают их ЧЕК и ЭМИТТЕР: конструктор судится в
# чеке (аргумент обязан быть представлением), а печать берёт носителя — newtype
# печатается как то, что в нём лежит, ровно как у оракула. Двери две, а не одна:
# `type_tag` держит РАЗЛИЧИЕ в C-имени, `carrier_of` отвечает про ЗНАЧЕНИЕ.
# sem 82 -> 85 (2026-08-21, §9.1г): пространство СТРОКИ вызываемого стало ТИПОМ —
# `FnRow`, плюс две двери к нему: `raw_row` (индекс, для единственного, зачем
# строка нужна — адресовать вектор) и `no_row` («строки нет» как СТРОКА, а не как
# число, которое вызывающий обязан узнать).
#
# Наружу нужны потому, что строку вызываемого носят ВСЕ: чек резолвит, эмиттер
# пишет имя, mono собирает достижимое. Замер энфорса того же дня объясняет, зачем
# заворачивать ПАРУ, а не одно пространство: голый `int` в параметр newtype
# оракул принимает (неявная обёртка), а `TyId` в параметр `Row` и `Row` в
# биндинг `int` — E7301. То есть защиту даёт скрещивание двух ЗАВЁРНУТЫХ
# пространств; `TyId` — следующая волна.
# sem 85 -> 88 (2026-08-21, бунды): `names_of_generics` (одно ИМЯ на запись
# списка параметров), `generics_have_consume` и `generics_have_protocol_bound` —
# две половины констрейнта: линейность и диспетч.
#
# Наружу нужны потому, что спрашивает их ЧЕК. Полная форма записи —
# `T [consume] [Protocol + ...]` (слово владельца 2026-08-21), а до этого дня
# сборщик считал бунд ВТОРЫМ параметром типа: законный вызов `pick[int](3)`
# отвергался как «другое число type-аргументов». Дверей две, потому что причины
# разные — линейность novac не отслеживает вовсе (D133/D156), диспетч ждёт
# Э2-б3 (D122), и одно сообщение на оба называло бы неустановленную причину.
# sem 88 -> 89 (2026-08-21): `CalleeRef.callable_row` — ПРОВЕРЯЕМОЕ скрещивание
# из полиморфного `target_row` в пространство строки, спрашиваемое только там,
# где `kind` говорит «функция» (предусловие, а не комментарий). Наружу нужна
# эмиттеру, и она же — польза заворачивания: сужение D55 в main назвало четыре
# места, где голый `int` тёк в параметр `FnRow`, и все четыре были ровно этим
# скрещиванием.
# sem 89 -> 90 (2026-08-21): `CalleeTarget` — вопрос владельца «почему не
# `target_row FnRow`» вскрыл, что обёртка тут не форма ответа: поле полиморфно
# по `kind`, и `FnRow` был бы ложью на двух ветках из трёх. Нагрузка уехала
# ВНУТРЬ дискриминанта, пара `kind`+`target_row` стала одним `target`, и «строка
# варианта прочитана как строка вызываемого» перестала быть представимой. Тип
# нужен наружу двум писателям канала (`check/typing`, `check/calls`); имя
# `DefKind` при этом ушло из двух импортов — сумма несёт ответ сама.
# sem 90 -> 89 (2026-08-21, волна В1): СУЖЕНИЕ, и оба имени ушли по делу.
# `UNKNOWN_TYPE` был `-1` под именем, в модуле, который пространством типов не
# владеет — его заменила дверь `types.no_ty()` там, где id выдают. А
# `candidates_from` был экспортирован, импортирован тремя файлами и НЕ ВЫЗЫВАЛСЯ
# ни разу, причём с off-by-one: курсор цепочки продвигался, и в набор
# «кандидатов» ложился СЛЕДУЮЩИЙ за кандидатом, а на последнем — −1. Дверь без
# вызывающего удаляется, а не типизируется: дать ей `[]FnRow` значило бы придать
# дефекту вид отревьюенного. Взамен пришла `decl_of_ty` (+1), поэтому 90 - 2 + 1.
# sem 89 -> 95 (2026-08-22, волна В8): шесть имён, и все шесть — ДВА ШАГА вместо
# одного, потому что шагов действительно два (rustc: `Res::Def(_, def_id)`, затем
# `tcx.type_of(def_id)`). Имя резолвится в ОБЪЯВЛЕНИЕ (`type_decl`,
# `type_decl_of` — переименованные `type_id`/`type_id_of`: они всегда отвечали
# объявлением, а назывались типом), объявление отдаёт ТЕРМ (`ty_of_decl`,
# `ty_of_row`), и для читателей с `Ctx` на руках это одна дверь
# (`ty_of_name`, `ty_of_name_or_ice`). Плюс `DeclShape`/`shape_of_decl` из
# slots.nv — вид объявления по ДЕРЕВУ, без реестра: прежняя дверь спрашивала
# реестр, и поэтому в первом проходе ссылка вперёд читалась как «запись». Эта
# дверь и вскрыла дефект с алиасом, теряющий типы.
# sem 95 -> 98 (2026-08-22): точка входа перестала быть НАПИСАНИЕМ. Три имени —
# `is_entry_fn` (правило: имя `main` И ноль параметров И нет получателя),
# `FnTable.is_entry_row` (тот же вопрос по строке — его задают typing и эмиттер) и
# `FnTable.entry_row` (корень обхода достижимости; ходит по цепочке имён, а не
# спрашивает `defs`, который отвечает ПОСЛЕДНЕЙ строкой этого имени). Наружу нужны
# потому, что спрашивают их четыре модуля, а до 2026-08-22 каждый сравнивал имя
# сам — шесть сравнений, и все шесть давали перегрузке `main` льготы точки входа.
# sem 98 -> 102 (2026-08-22, волна В2): пространство СТРОКИ ВАРИАНТА стало типом.
# ЧЕТЫРЕ имени: `VariantRow` плюс `raw_vrow` (индекс), `no_vrow` («варианта нет»
# как значение — голова паттерна чаще всего биндер и варианта не называет) и
# `is_vrow` (вопрос вместо сравнения с сентинелом).
#
# Пятой была `same_vrow` — обход дефекта ro-launder по образцу `types.same_ty`, —
# и она УДАЛЕНА тем же днём по вопросу владельца: у неё не оказалось ни одного
# вызывающего. Завёл я её «по симметрии» с `same_ty`, у которой вызывающих
# одиннадцать, и это ровно та ошибка, за которую в этот же день удалена
# `candidates_from`: дверь оправдывает вызывающий, а не симметрия. По той же
# причине и с тем же нулём удалена `names.same_decl` (база names 11 -> 10).
#
# Наружу нужны потому, что
# строкой варианта говорят ЧЕТЫРЕ модуля: две суммы несут её в плечах
# (`DefTarget.DefVariant`, `CalleeTarget.CalleeVariant`), две двери мэнглинга
# именуют по ней тег и мейкер, а чек и эмиттер ходят по `variant_rows`. Это
# последнее голое `int` в плечах обеих сумм.
# sem 102 -> 109 (2026-08-22, волна В5): СЕМЬ имён, и они делятся на две группы.
# Пространство строки ПОЛЯ: `FieldRow` + `raw_frow`/`no_frow`/`is_frow` — по
# критерию волны В4 это личность, а не шаг: `FieldDef.next_row` его ХРАНИТ, и
# цепочка одноимённых полей ходит по пространству, а не шагает мимо.
# И находка волны: `TypeRows` + двери `field_range_of`/`variant_range_of`. Пара
# `TypeDef.row_off/row_cnt` была ПОЛИМОРФНЫМ диапазоном (поля для записи, варианты
# для суммы, решал `kind`); пока оба пространства были `int`, это было невидимо, а
# как только они стали типами — диапазон перестал типизироваться, и нагрузка уехала
# в плечо. Двери наружу нужны потому, что спрашивают их ЧЕК (исчерпаемость match) и
# ЭМИТТЕР (структура записи, тэги и мейкеры суммы) — три читателя, и ни один не
# должен писать два невозможных плеча руками.
# sem 109 -> 108 (2026-08-22, П35): `DefTable.type_decl_of` удалена — тотальная
# половина `type_decl`, у которой волна В8 забрала единственного вызывающего
# (`Ctx.ty_of_name_or_ice` отвечает ТИПОМ и второго поиска не требует). Половина
# осталась экспортированной и никем не спрошенной — ровно тот след, который
# оставляет привычка «дополнить набор».
# sem 108 -> 110: `is_value_sum` (предикат размещения A4 — его спрашивают и
# мэнгл, и эмиттер) и `c_tag_enum` (имя тег-enum: `Nova_X_Tag` даже когда
# структура `NovaValue_X`; иначе эмиттер выводил бы его из имени структуры и
# получал `NovaValue_X_Tag`, которого в оболочке нет).
# sem 110 -> 124: реестр ПРОТОКОЛОВ волны 3б (§9.1е) и то, что его читает.
# Наружу вышли: `ProtoTable` с тремя дверями (`new`, `add`, `row_of`), строки
# `ProtoDef`/`ProtoSig`, предикат `missing_sig_of` и `FnTable.has_method_for`,
# три двери чтения подписи из дерева (`proto_method_name`, `ty_of_param_node`,
# `ty_of_ret_node`), читатели границ (`bounds_of_generics`, `generic_bounds`) и
# одна общая дверь имени типа для сообщений (`ty_source_name`, вместо копии в
# `check`). Каждое имя названо спросом: предикат зовут чекер и модульный тест,
# двери чтения -- два прохода сбора, границы -- отказ объявления и фильтр
# вызова. Дверей ради симметрии здесь нет (П35).
# sem 124 -> 125: `fill_proto_sigs` — заполнение подписей протокола уехало из
# sem.nv к самому реестру (sem.nv перешагнул тысячу строк, решение 12), и
# заодно встало на своё место: проходы сбора ЗОВУТ дверь, а не держат её тело.
# sem 125 -> 128: три двери чтения ПОЛЯ записи. Поле может нести режим
# (`mut n int`), и читать его по индексам стало нельзя: индекс нуль оказался
# режимом, поле молча исчезало из реестра, а отказ говорил «unknown field»
# о поле, написанном прямо там. `field_name_at`/`field_type_at` спрашивают
# позицию, `is_mode_word` отвечает на вопрос «это слово — режим?», который
# задают три места (парсер, читатель параметра, читатель поля) — П5/П18.
# sem 129 -> 130: `ret_is_unit` — дверь «этот возврат есть единица?». Вопрос
# задают ДВА читателя возврата (сбор и harvest) и правило формы, которое
# обязано не путать `()` с кортежем; три места — одна дверь (П18).
# sem 131 -> 144 (2026-08-23, волна В4 — умолчания и именованная передача).
# Тринадцать имён наружу, и все тринадцать спрашивают ДРУГИЕ модули:
#   * `check` строит ключ вызова из дерева — `is_arg_node`, `arg_expr_of`,
#     `arg_name_of`, `arg_count` (именованный аргумент — это узел-обёртка, и
#     прежнее `is_expr_kind` считало `f(1, by: 2)` одним аргументом);
#   * `check` записывает и отказывает — `bind_fault`, `bind_slots`,
#     `identity_slots`, `param_default_slot`, `FnTable @only_row_of`
#     (отказ имеет право назвать параметр только у ЕДИНСТВЕННОЙ строки имени);
#   * `emit_c` читает решение — `CheckOut @callee_slots_of`, `call_arg_at`,
#     `slot_default_of`;
#   * тип отказа `BindFault` — им отвечает дверь, значит он на поверхности.
# ЧТО НАРУЖУ НЕ ВЫШЛО, и это тоже замер: `positional_run`, `bind_slot_of`,
# `slot_is_required`, `param_name_of` остались приватными — со-равные файлы
# одного модуля видят друг друга без `export`, а поштучный слот `check` больше
# не спрашивает: на пути отказа он берёт всё связывание одной дверью.
# sem 144 -> 150 (2026-08-23, волна В5 — объявленная коэрсия D429). Шесть имён,
# и каждое спрашивают снаружи модуля:
#   * `SlotBind` — строка связывания слота: её читает эмиттер (что стоит в слоте
#     и через какую дверь), и она же ездит в канале;
#   * `coerce_marked` и `is_coerce_marked` — одна дверь «кого метит атрибут» на
#     ДВА сборщика (std и компилируемый файл); до этой волны файл не читался
#     вовсе, а второе чтение того же позиционного правила — второе место для его
#     расхождения;
#   * `attr_kids_name` — то же слово атрибута, но спрошенное из ОТКРЫТОГО узла:
#     `check` судит форму изнутри обхода, сборщики — снаружи;
#   * `harvest_coerce_pair` — регистрация пары: её зовёт теперь и сборщик файла;
#   * `FnTable @first_row_of` и `@next_row_of` — ЦЕПОЧКА кандидатов, которая
#     нужна второй ступени D429 R5 и не нужна точной. Здесь было ОДНО имя
#     (`@rows_of`, отдающее вектор), и страж П18 отверг его в ту же минуту:
#     дверь таблицы не строит. Он был прав не формально — `lookup` ходит по этой
#     цепочке на каждый вызов, и ответ-множеством положил бы аллокацию на горячий
#     путь ради вызывающего, который бежит один раз вне него. Два имени вместо
#     одного — это +1 к поверхности и −1 к цене поиска.
# sem 151 -> 150 (2026-08-23): `is_mode_word` ушла вместе с последним читателем,
# у которого был только ТЕКСТ. Три слова режима — ключевые, значит вопрос о
# КИНДЕ, и его задаёт `mode_of_leaf`; дверь плюс три написания, которые кто-то
# обязан держать в согласии с лексером вручную, заменены одной дверью.
# sem 150 -> 151 (2026-08-23): `file_decls` — ОДНА дверь к объявлениям файла,
# и её спрашивают четыре модуля (sem, check, mono, emit_c), потому что `export fn`
# лежит внутри обёртки видимости. Имя наружу нужно ровно затем, чтобы сырого
# обхода не осталось нигде: пропущенный обход не краснеет, он молчит — замер того
# же дня дал ПЯТЬ обходов и пять разных аварий, из которых ни одна не назвала
# причину. Держит это страж `check-novac-file-decls-door.py`.
# sem 151 -> 152 (2026-08-23, §9.1д п.1/п.3): `module_path_c` — путь модуля файла
# в виде, который несёт C-имя. Наружу нужен потому, что спрашивает его СБОРЩИК
# (кладёт в `Ctx.module_c`), а прочитанное имя печатает мэнглинг: одно значение,
# один читатель на запись и один на чтение, и оба вне файла-двери. До этой правки
# путь модуля РАЗБИРАЛСЯ и не читался никем — novac обходился этим ровно потому,
# что компилирует один модуль, а в день появления второго два одноимённых
# объявления дали бы одно C-имя молча (страж `check-novac-emitted-unique`
# заведён на это той же волной, ДО правки имён).
# sem 152 -> 153 (2026-08-23): `decl_is_value` — несёт ли объявление маркер
# `value`. Наружу нужна потому, что спрашивает её `check`: форма ЧИТАЕТСЯ (шесть
# своих файлов перестали останавливаться на синтаксической лжи), но отказывается
# ПО ИМЕНИ до слоя размещения — замер того же часа: оракул печатает `11` и `1`,
# а novac печатал `11` и `11`, потому что эмитил запись GC-указателем и копия
# становилась алиасом. Принять форму и мискомпилировать хуже, чем назвать.
# sem 153 -> 156 (2026-08-23, слой размещения value-записи): три имени, и все
# три спрашивают ДРУГИЕ модули:
#   * `is_value_record` — по объявленному слову; спрашивают мэнглинг (C-тип и имя
#     структуры), эмиттер (конструирование на стеке, доступ точкой) и `check`
#     (отказ на методе, у которого приёмник передавался бы по значению);
#   * `recv_type_name` — имя типа приёмника; спрашивает `check`, чтобы назвать
#     этот отказ, а не отказать через «нет такого метода»;
#   * `CheckOut @type_if_known` — ТЕРПИМЫЙ читатель канала: строгий ицит на
#     отсутствии, и это правильно для потребителя, которому тип нужен дальше, а
#     здесь вопрос другой («это value-запись?»), и «нет ответа» значит «нет».
#     Замер: строгая дверь дала ICE на первой же записи, чей операнд чекер не
#     типизировал.
# sem 156 -> 160 (2026-08-24, типы переданных объявлений входят в реестр): четыре
# имени, и каждое спрашивают снаружи модуля `sem`.
#   * `harvest_types` — новый проход: типы того, что novac ПЕРЕДАЛИ, входят в тот
#     же реестр. До него собирались только сигнатуры МЕТОДОВ, и `fn take(xs
#     CharsIter)` отвечал «novac does not know this type yet» про тип, который std
#     объявляет тремя строками выше метода, его возвращающего;
#   * `collect_types_with` — сборщик, которому передают чужие объявления: граница
#     между чужим и своим ставится ВНУТРИ него (между входом чужих типов и
#     проходами файла), и вызывающий её поставить не может. Прежняя дверь
#     `collect_types` осталась тонкой обёрткой, поэтому модульные тесты не знают
#     о шве;
#   * `DefTable @seal_foreign` и `@declared_by_file` — сама граница и вопрос к ней.
#     Замер, из-за которого они есть: правило «дубликат имени не регистрируется»
#     (верное для повторов ВНУТРИ файла) приняло СВОЁ объявление за дубликат
#     чужого — файл с `type Pair { b int }` рядом с переданным
#     `type Pair value { a int }` компилировался против ЧУЖОГО размещения
#     (`NovaValue_Pair` в эмиссии). Это чужой тип под твоим именем.
sem 160
source 6
# tree 19 -> 21 (2026-08-20): `Node @is_ident` and `Node @ident_str`.
# Предложение владельца: двухчастный тест «это лист И это идентификатор» стоял в
# шести местах четырёх модулей, и в половине следом брался `leaf_text` того же
# узла — один вопрос на три строки. Текст отдаётся Option, а не пустой строкой:
# сентинел «не та форма» — тот самый класс #652, который проект вычищает.
# tree 21 -> 25 (2026-08-22, волна В3): здесь ЖИВЁТ пространство `NodeId` — ключ,
# которым индексируется каждая side-таблица канала чекера, — плюс `raw_node`
# (индекс и ОДИН счёт: `raw_node(file) + 1` есть число узлов, потому что узел
# файла куётся последним и его id наибольший), `no_node` (что отвечает ЛИСТ) и
# `is_node`. Дом здесь, потому что id куёт ПАРСЕР, а `Node` живёт в этом модуле:
# пространство принадлежит тому, кто выдаёт значения (rustc: `HirId` объявлен там,
# где lowering его и раздаёт). Наружу нужны всем читателям канала — check, mono,
# emit_c, pipeline: до заворачивания ключ был `int`, и знать о нём было незачем.
tree 25
# types 16 -> 17 (2026-08-21): `Interner.newtype` — терм ОТДЕЛЬНОГО типа над
# представлением. Представление лежит в args, в том же пуле, что аргументы
# приложения, потому что оно И ЕСТЬ аргумент терма; зовёт дверь `sem`, собирая
# `type Row int`.
# types 17 -> 21 (2026-08-21, волна В1 подплана 9.1г.1): пространство id типа
# стало ТИПОМ. Наружу вышли `TyId` и три двери — `raw_ty` (индекс: единственное,
# зачем id нужен вектору), `no_ty` («типа нет» как значение, а не как −1, которое
# вызывающий обязан узнать) и `is_ty` (вопрос вместо сравнения с сентинелом).
# Четыре имени, а не одно, потому что заворачивание без дверей нечитаемо: без
# `raw_ty` id нельзя отдать вектору, без `no_ty` отсутствие пишется числом.
# Имя нужно наружу ВСЕМ, кто говорит о типах (rustc: `Ty<'tcx>` живёт в
# `rustc_middle::ty` и импортируется каждым) — рёбра `emit_c`/`mono`/`pipeline`
# → `types` внесены в таблицу §3 с контрактом «течёт только имя и три двери».
# types 21 -> 22 (2026-08-21, волна В1): пятое имя — `same_ty`, и стоит оно здесь
# не по дизайну, а по дефекту оракула: `fn pass_int(v int) -> int => v`
# компилируется, а `fn pass_row(r Row) -> Row => r` над `type Row int` —
# E_READONLY_COERCE (замер на файле из трёх строк). ro-launder-анализ не снимает
# newtype до носителя, хотя newtype ЕСТЬ своё представление в рантайме, поэтому
# заворачивание любого примитивного пространства делает `return t` незаконным.
# `same_ty` — тот же id, пересобранный (в C то же целое), с маркером
# [LEGACY-#TBD-newtype-ro-launder]; когда оракул починят, каждый её вызов
# становится `t`, и имя уходит.
# types 22 -> 23 (2026-08-22, волна В8): `decl_head_of` — «какое ОБЪЯВЛЕНИЕ
# называет этот номинальный терм», с предусловием на вид. `head_id` полиморфен
# по `TypeKind` (ординал прима, индекс параметра, vid вывода, DeclId), и до этой
# двери скрещивание было неявным: вызывающий брал `head_of` и решал сам, что это
# значит. Три ненаминальных вида теперь говорят вслух, что декларации у них нет.
# types 23 -> 24 (2026-08-22, волна В7): голова терма полиморфна по виду (ординал
# прима, `DeclId`, слот параметра, vid вывода), и одна дверь `head_of` отдавала
# ЧИСЛО, оставляя вызывающему помнить, какое из четырёх он держит. Внутри интернера
# поле — ХЕШ-КЛЮЧ (`bucket_of` его умножает), поэтому суммой оно стать не может:
# лечится не строка, а ЧТЕНИЕ. Наружу вышли `prim_ordinal_of` и `param_slot_of`
# (+2), а `head_of` стала приватной (−1): «дай голову» больше не вопрос, который
# можно задать. `decl_head_of` была заведена волной В8.
#
# Двери ровно для тех видов, о которых СПРАШИВАЮТ: у vid вывода читателя нет,
# поэтому двери у него нет. Четвёртая «для симметрии» — это ровно та привычка,
# которая за сессию породила три двери без вызывающего.
# types 24 -> 25: `is_arg_anywhere` — ЗАБОР A4. Пул аргументов знает, стоит ли
# тип аргументом применения или носителем newtype; и то и другое запрещает
# менять размещение, иначе поменяется раскладка ВТОРОГО типа.
types 25
# builtins 7 -> 9 (2026-08-16): `is_bool_literal` и `bool_c_literal` — язык
# спрашивают ЗДЕСЬ. Вопрос владельца про список литералов вскрыл, что булев
# литерал в подмножестве вообще нельзя было написать: bool получался только из
# сравнения. Заодно страж имён сразу нашёл хардкод "true" в эмиттере.
# diag 5 -> 6 (2026-08-16): `json_escape` — одна дверь экранирования текста для
# §7-строки. Понадобилась, когда через границу супервизора пошли тексты assert
# и контрактов: они произвольны, а контракт ещё и цитирует условие, поэтому
# неэкранированная кавычка ломала бы машинную строку ровно там, где она нужнее
# всего. Ею же чинится латентный баг самого ice_json.
