# База храповика СЛОВА `tuple` в коде novac
# (страж scripts/guards/check-novac-tuple-no-second-door.py).
#
# Правило владельца (2026-09-03): слово tuple может встречаться в КОММЕНТАРИЯХ
# и в именах вариантов формы записи Record | ValueRecord | NamedTupleRecord |
# AnonymousTupleRecord -- больше нигде. Кортеж -- это запись на стеке; его
# конструктор -- это его декларация, обычная функция со всеми обычными
# возможностями, включая параметры по умолчанию (D102). Новое слово tuple в
# коде или в имени файла -- только с согласования владельца. Всё, что касается
# tuple сейчас, подлежит удалению.
#
# ЧИСЛО = строки кода (не комментариев) со словом tuple вне двух разрешённых
# идентификаторов + имена файлов со словом tuple.
#
# ХРАПОВИК В ОДНУ СТОРОНУ ВНИЗ: число может только падать, цель -- 0.
# Рост красный сразу, снижение без правки этой базы тоже красное (иначе
# следующий рост до прежней цифры пройдёт молча).
#
# История правила:
#   2026-09-02 -- первая редакция судила только эмиттер (двери с tuple в
#     имени, ветки TkTuple/is_tuple, свою механику умолчаний), база doors=6.
#     Урок первого прогона: границы слова не совпадают внутри идентификатора
#     (подчёркивание -- словесный символ), зелёный страж насчитал ноль дверей
#     при трёх существующих.
#   2026-09-03 -- владелец усилил правило до СЛОВА (см. выше); база переснята
#     прогоном: 100 строк кода в 23 файлах + 1 имя файла (emit_c/emit_tuple.nv).
#     Крупнейшие носители: sem/mangle.nv 15, emit_c/emit_c.nv 12,
#     check/typing.nv 9, types/types.nv 8, emit_c/emit_tuple.nv 7,
#     pipeline/subset_test.nv 7. Снижение расписано планом 274.6 (волны В1-В3).
#
# Сознательно НЕ исключён ABI-спеллинг оракула `_NovaTuple_...` в мангле:
# он в числе и давит вниз; его судьба -- открытый вопрос плана 274.6 §5
# (оракулово C-имя, интероп до собственной прелюдии), решает владелец.
#
#   2026-09-03 (274.6 V2b), 101 -> 102: РОВНО ОДНА строка --
#     `builtins.PAREN_RECORD_C_PREFIX = "NovaTuple_"`. Это C-имя ОРАКУЛА для
#     записи, объявленной скобочной формой (снято с его эмиссии: `struct
#     NovaTuple_Pair { nova_int x; nova_int y; }`); наша эмиссия линкуется в
#     его оболочку, поэтому написание -- неподвижной точки, а не наше (P25), и
#     переименовать его нельзя. По P5 ABI-имя живёт в builtins как данные,
#     написанное ОДИН раз; дверь манглинга его читает.
#
#     ПОЧЕМУ ПОДНЯТО ОКНОМ, А НЕ ПО СОГЛАСОВАНИЮ: правило владельца защищает от
#     того, чтобы у кортежа заводились СВОИ СУЩНОСТИ в нашем коде -- имена
#     функций, видов, файлов. Здесь не имя сущности, а ЦИТАТА чужого ABI, и
#     такой же случай (`_NovaTuple_` мономорфного имени) уже сидит в этой базе
#     как принятый. Строка помечена как ОТМЕНЯЕМАЯ: если владелец скажет нет,
#     она снимается вместе с эмиссией объявленной скобочной формы, и волна
#     останавливается на чекере до собственной прелюдии.
#     Условие конца, как у всякого интеропа: уходит, когда novac эмитит
#     прелюдию целиком (тогда имя становится нашим).
tuple_words=102
