# scripts/guards/novac-branch.baseline — храповик на НЕПОЛНЫЕ ветвления
# (конвенция П31; страж check-novac-branch-complete.sh).
#
# Число может только УБЫВАТЬ. Рост — красный: новое неполное ветвление
# добавлять нельзя. Снижение фиксируется опусканием этой строки ТЕМ ЖЕ
# коммитом, иначе следующий рост до прежней цифры пройдёт молча.
#
# Стартовое значение 191 — замер 2026-08-17, в день введения правила.
# Цель — ноль; порядок разбора: сначала цепочки `if kind == ...`, которые
# просятся в `match` (он исчерпаем по конструкции), потом одиночные.

incomplete-branches 45
