# База храповика СЛОВА `tuple` в коде novac
# (страж scripts/guards/check-novac-tuple-no-second-door.py).
#
# Правило владельца (2026-09-03): слово tuple может встречаться в КОММЕНТАРИЯХ
# и в именах вариантов формы записи Record | ValueRecord | NamedTupleRecord |
# AnonymousTupleRecord -- больше нигде. Кортеж -- это запись на стеке; его
# конструктор -- это его декларация, обычная функция со всеми обычными
# возможностями, включая параметры по умолчанию (D102). Новое слово tuple в
# коде или в имени файла -- только с согласования владельца. Всё, что касается
# tuple сейчас, подлежит удалению.
#
# ЧИСЛО = строки кода (не комментариев) со словом tuple вне двух разрешённых
# идентификаторов + имена файлов со словом tuple.
#
# ХРАПОВИК В ОДНУ СТОРОНУ ВНИЗ: число может только падать, цель -- 0.
# Рост красный сразу, снижение без правки этой базы тоже красное (иначе
# следующий рост до прежней цифры пройдёт молча).
#
# История правила:
#   2026-09-02 -- первая редакция судила только эмиттер (двери с tuple в
#     имени, ветки TkTuple/is_tuple, свою механику умолчаний), база doors=6.
#     Урок первого прогона: границы слова не совпадают внутри идентификатора
#     (подчёркивание -- словесный символ), зелёный страж насчитал ноль дверей
#     при трёх существующих.
#   2026-09-03 -- владелец усилил правило до СЛОВА (см. выше); база переснята
#     прогоном: 100 строк кода в 23 файлах + 1 имя файла (emit_c/emit_tuple.nv).
#     Крупнейшие носители: sem/mangle.nv 15, emit_c/emit_c.nv 12,
#     check/typing.nv 9, types/types.nv 8, emit_c/emit_tuple.nv 7,
#     pipeline/subset_test.nv 7. Снижение расписано планом 274.6 (волны В1-В3).
#
# Сознательно НЕ исключён ABI-спеллинг оракула `_NovaTuple_...` в мангле:
# он в числе и давит вниз; его судьба -- открытый вопрос плана 274.6 §5
# (оракулово C-имя, интероп до собственной прелюдии), решает владелец.
#
#   2026-09-03 (274.6 V2b), 101 -> 102: РОВНО ОДНА строка --
#     `builtins.PAREN_RECORD_C_PREFIX = "NovaTuple_"`. Это C-имя ОРАКУЛА для
#     записи, объявленной скобочной формой (снято с его эмиссии: `struct
#     NovaTuple_Pair { nova_int x; nova_int y; }`); наша эмиссия линкуется в
#     его оболочку, поэтому написание -- неподвижной точки, а не наше (P25), и
#     переименовать его нельзя. По P5 ABI-имя живёт в builtins как данные,
#     написанное ОДИН раз; дверь манглинга его читает.
#
#     ПОЧЕМУ ПОДНЯТО ОКНОМ, А НЕ ПО СОГЛАСОВАНИЮ: правило владельца защищает от
#     того, чтобы у кортежа заводились СВОИ СУЩНОСТИ в нашем коде -- имена
#     функций, видов, файлов. Здесь не имя сущности, а ЦИТАТА чужого ABI, и
#     такой же случай (`_NovaTuple_` мономорфного имени) уже сидит в этой базе
#     как принятый. Строка помечена как ОТМЕНЯЕМАЯ: если владелец скажет нет,
#     она снимается вместе с эмиссией объявленной скобочной формы, и волна
#     останавливается на чекере до собственной прелюдии.
#     Условие конца, как у всякого интеропа: уходит, когда novac эмитит
#     прелюдию целиком (тогда имя становится нашим).
#
#   2026-09-03 (274.6 V3-1), 102 -> 97: ХРАПОВИК ПОШЁЛ ВНИЗ впервые.
#     Снесена дверь `@emit_tuple_lit` -- анонимный кортеж строится ТОЙ ЖЕ
#     дверью, что запись (`@emit_record_ctor` с флагом позиционности), потому
#     что кортеж и есть запись на стеке. Порядок эффектов сохранён ПО
#     ПОСТРОЕНИЮ: это буквально тот же цикл с тем же хойстом перед каждой
#     строкой присваивания, и носитель `tuple_ctor_effect_order` совпадает с
#     оракулом побайтно (101|102|1|2).
#     Плюс переименование вариантов по решётке владельца (см. ниже) сняло
#     несколько употреблений слова из кода.
#
#   ИМЕНА ВАРИАНТОВ, решётка владельца 2026-09-03 (две оси: имя у ТИПА и
#   имена у ПОЛЕЙ), сокращены с его разрешения, потому что арм `match` обязан
#   быть одной строкой:
#       NamedTuple           type Pair(x int, y int)   -- объявлен, поля названы
#       PositionalTuple      type Point(f64, f64)      -- объявлен, поля по позиции
#       AnonNamedTuple       (file str, line int)      -- В ЯЗЫКЕ ЕЩЁ НЕТ
#       AnonPositionalTuple  (1, 2)                    -- структурный терм
#
#
#   2026-09-04 (274.6 V3-2), 97 -> 88. ОПУЩЕНО ПО ФУНКЦИИ, А НЕ ПО ИМЕНИ —
#     и это различение владелец потребовал в тот же день, поймав меня на
#     том, что я двинул число, когда работал ещё только парсер. Число
#     вернулось на 97 и опущено ТОЛЬКО теперь, когда носитель
#     `destructure_record.nv` совпадает с оракулом побайтно.
#     Что за этим стоит: узел разбора стал ОДНИМ на обе формы
#     (`DestructureBind`), фигурную форму читает парсер, чекер судит ФОРМУ
#     образца против типа и держит правило `..` словами D411, эмиссия
#     уехала в свой файл и связывает по имени поля. Слово ушло как
#     следствие того, что кортежной сущности в этом пути больше нет.
#   2026-09-04 (окно 274, волна В3-2), 88 -> 87: судья разбора спрашивает
#     `shape_of` и сравнивает с ИМЕНЕМ ВАРИАНТА вместо булева `is_tuple`.
#     Это не переименование: док самой двери `shape_of` объявляет сравнение с
#     именем варианта ЗАКОННОЙ формой вопроса, а таблица форм в `sem.nv`
#     делает `Anon*` признаком «декларации нет» -- значит арм
#     `AnonPositionalTuple` тождественен прежнему `is_tuple`, и снят именно
#     последний булев обёртыватель на этом пути, а не имя.
#     Поводом был РОСТ: разрез `typing.nv` (его потребовал страж размера)
#     продублировал импорт `is_tuple` во второй файл, 88 -> 89. Заводить
#     согласование владельца на такой рост было бы честно по букве и пусто по
#     сути -- новой бухгалтерии кортежа не появилось; вместо этого убран сам
#     повод.
#
tuple_words=87
