# scripts/guards/novac-corpus.baseline — храповик НА ПРОГРЕСС (план 274 §10.4).
#
# Два монотонных числа; сверяет check-novac-differential.sh против машинной
# строки novac-diff-corpus.sh (корпус examples/). Оба могут только расти;
# рост фиксируется поднятием базы ТЕМ ЖЕ коммитом, что расширил подмножество
# (страж красный в обе стороны — «храповики, падающие в обе стороны», §10.4).
#
#   contract-match — файлы корпуса, где исход check совпал (принял/отверг).
#     План ужесточения записан: с ростом Э2 контракт дорастает до «код
#     диагностики + позиция» (bootstrap §3, ступень S2–S3) — ужесточение
#     придёт сознательным коммитом с пере-замером базы.
#   behavior-match — файлы, собранные ОБОИМИ компиляторами с побайтовым
#     совпадением stdout+exit (второе монотонное число §9/Э2; без него
#     регресс кодогена невидим до Э5).
#
# Корзины (вне-точки / заблокировано-оракулом / расстояние-до-самосборки)
# в базу НЕ входят — они не монотонные; раннер печатает их отдельными
# числами каждым прогоном.
#
# База заведена 2026-08-14 (Э1 закрыт): oracle-pin c5a0bc425, novac
# single-file, корпус examples/ (60 файлов).
# 2026-08-14 Э2-а strings: 8/2 -> 9/3 (strings.nv в подмножестве).
# 2026-08-14 Э2-а records: 9/3 -> 10/4 (records.nv в подмножестве).
# 2026-08-14 Э2-а match_demo: 10/4 -> 11/5 (суммы, match, гарды, f64).
contract-match 11
behavior-match 5
