# 2026-08-28: +8 строк на КАЖДОЙ фикстуре, и причина одна на все четыре — оболочка
# выросла с 6022 до 6030 строк, когда пробная программа получила геттер `cap()`
# (коммит `bd929fecb`, подплан Л: правило D239 о вместимости литерала
# сформулировано над наблюдаемым `[7, 8].cap()`, и без геттера в поверхности
# оболочки доказывать его было нечем). Эмиссия novac не менялась ни на строку:
# рост целиком оболочечный, поэтому он одинаков у всех фикстур.
# 2026-09-03 (окно 274): +8 строк на КАЖДОЙ фикстуре, и снова причина одна на
# все четыре — снимок оболочки `novac/src/emit_c/shell.tpl.c` регенерирован
# интегратором после Э1 плана 280 (коммит `6be057564`), где приехал D468:
# локация вызывающего как ОБЫЧНЫЙ параметр. Лишние строки — typedef
# `Nova_CallerLoc` и его обвязка. Эмиссия novac не менялась ни на строку:
# рост целиком оболочечный, поэтому одинаков у всех фикстур — тот же почерк,
# что у записи 2026-08-28 выше.
#
# ЛОВУШКА, названная чтобы её не переучивать: этот страж остаётся ЗЕЛЁНЫМ,
# пока novac не пересобран под новым шаблоном, — старый бинарь несёт старую
# оболочку и честно совпадает со старой базой. Краснота приходит только из CI,
# который собирает заново. Наступлено сегодня: сразу после слияния страж дал
# «совпадает с базой», и это ничего не значило. Порядок обязателен:
# слияние -> ПЕРЕСБОРКА novac -> замер.
#
# scripts/guards/novac-emission.baseline — объём C, который ВЫДАЁТ novac на
# принятые файлы корпуса (план 274.2 §1б.2; страж check-novac-emission-size.sh).
# Формат: <файл> <строк C всего> — оболочка рантайма входит в число.
#
# Зачем храповик. Раздувание эмиссии — главный резерв скорости сборки: у
# оракула 47 192 строки C на 5 381 строку .nv (×7.6), и лишь 7 % из них —
# собственный код. novac обязан быть лучше, а «лучше» без числа не проверяется.
# Снято 2026-08-17. Рост требует объяснения В КОММИТЕ; падение — опустить базу
# той же волной (иначе следующий рост до прежней цифры пройдёт молча).
#
# Оболочка рантайма (6045 строк) одинакова во всех файлах и составляет львиную
# долю: собственная эмиссия novac на файл — это разница. Когда на Э2-б2
# появится mono, здесь же появится вторая колонка: доля собственного кода.
#
# 2026-08-21, +1 СТРОКА КАЖДОМУ: `shell.tpl.c` перегенерирован под новый
# oracle-pin (5de8f26bf → 2803de2d9) и вырос 6044 → 6045 строк. Рост НЕ в
# эмиссии novac — она не менялась: все четыре числа поднялись на одно и то же
# единица, потому что оболочка одна. Смоуки всех четырёх прошли байт-в-байт
# после перегенерации.
# ВСЕ ЧЕТЫРЕ ЧИСЛА ОПУЩЕНЫ НА 23 (2026-08-23): оболочка пересобрана свежим
# оракулом и сама стала короче на 23 строки (6045 -> 6022) — суммы без
# полезной нагрузки перестали быть боксированными объявлениями (атом A4).
# Эмиссия примера включает оболочку целиком, поэтому вычиталось одно и то же
# число из каждого. Опущено, а не оставлено с запасом: иначе следующий рост
# до прежней цифры прошёл бы молча.
# match_demo 6515 -> 6637; records 6445 -> 6567; arithmetic 6435 -> 6557; hello 6406 -> 6528
# (2026-09-07, слияние окна 283: модуль `runtime.float_parse` выделен из `runtime.string`):
#   оболочка регенерирована интегратором (`novac-regen-shell`, 6400 -> 6522 строк шаблона),
#   потому что эмиссия оракула по probe принесла типы нового модуля: `Nova_DigitBuf`,
#   `Nova_ParseFloatError`, `NovaTuple_Number` и их helpers. РОСТ РОВНО НА ОБОЛОЧКУ И
#   ОДИНАКОВ ПО ВСЕМ ЧЕТЫРЁМ ФАЙЛАМ — +122 строки каждому, то есть собственная
#   эмиссия novac не менялась вовсе (разница одинакова — признак того, что вырос ОБЩИЙ
#   шаблон, а не код каждого файла).
match_demo 6637
records 6567
# strings 6082 -> 6073 (2026-08-18, Э2-б2): заработал коллектор достижимого.
# Девять строк -- это ровно те функции фикстуры, до которых из `main` нет
# пути. Храповик двусторонний, и опускать базу СНИЖЕНИЕМ обязательно: иначе
# следующий рост до прежней цифры пройдёт молча, а он будет означать, что
# коллектор перестал работать.
# strings СНЯТ 2026-08-20: файл больше не принимается (методы std зовутся своим
# именем, а тел novac не эмитит -- отказ по имени, решение владельца; база
# корпуса опущена 11/5 -> 10/4 той же волной). Записать «strings 1» значило бы
# записать ОТКАЗ как объём эмиссии -- число, измеряющее не то, что называет.
# Строка вернётся вместе с файлом на вехе «компилируются простые std-модули».
# все четыре +44 (2026-09-01, волна if-let): реген shell.tpl.c 6030 -> 6074
# строк — проба оболочки расширена вызовом `s.find(...)` (Nova_str_method_find
# и его хвост въехали в шаблон, который приклеен к каждому юниту). Рост
# ШАБЛОНА, не эмиссии novac: тела фикстур не менялись.
arithmetic 6557
hello 6528
# match_demo 6197 -> 6373, records 6127 -> 6303, arithmetic 6117 -> 6293, hello 6088 -> 6264 (2026-09-05, волна 274.7 В7): реген shell.tpl.c — проба оболочки получила
# `Vec[f64]` (`reals = [1.5, 2.5]`, ради `Vec[Meters]` -> `Nova_Vec____nova_f64`, №940), и в
# шаблон въехали инстанс Vec[f64] с его методами плюс всё, что оракул сам добавил в прелюдию с
# прошлого регена (его фиксы №944/#953 и др. — 1516/1340 строк диффа шаблона). Рост ШАБЛОНА, не
# эмиссии novac: тела фикстур не менялись.
# 2026-09-06 (окно 274, волна 274.7 W4 — конструирование Some/None): +53 строки на каждом
# носителе — оболочка выросла: probe получил Option[str], Option[f64], Option[bool] (fn opt_str/
# opt_f64/opt_bool с использованием через `??`), потому что novac теперь СТРОИТ эти инстансы
# литералами оболочки, а их typedef и helpers — оболочки (для типов файла typedef эмитит novac сам).
# match_demo 6373 -> 6426, records 6303 -> 6356, arithmetic 6293 -> 6346, hello 6264 -> 6317.
# match_demo 6426 -> 6515; records 6356 -> 6445; arithmetic 6346 -> 6435; hello 6317 -> 6406 (2026-09-06, план 274.7 W6 — свободные функции поданных модулей, №925):
#   оболочка регенерирована после роста probe (три вызова utf16: is_high_surrogate, is_low_surrogate,
#   decode_surrogate_pair), чтобы DCE оракула оставил их символы `nova_fn_8encoding5utf16…` в эмиссии;
#   объём каждого файла C растёт ровно на оболочку (+295/−206 строк шаблона), собственная эмиссия novac
#   по этим четырём файлам не менялась (дифф C корпуса до/после M2a пуст, W6 эмиттер печати не трогал).
