# scripts/guards/novac-branch.baseline — храповик на НЕПОЛНЫЕ ветвления
# (конвенция П31; страж check-novac-branch-complete.sh).
#
# ЧИСЛО ДОСТИГЛО НУЛЯ 2026-08-17, в день введения правила: 191 -> 0 за одну
# смену. С этого момента храповик работает как ЗАПРЕТ — любое неполное
# ветвление краснеет немедленно, потому что расти от нуля некуда.
#
# Строка остаётся числом, а не флагом, ровно по одной причине: если правило
# когда-нибудь придётся ослабить (новый файл, чужой код, временный ввоз),
# послабление будет ВИДНО цифрой в этом файле и в диффе, а не спрятано в
# исключении внутри стража.

incomplete-branches 0
