# scripts/guards/novac-surface.baseline — публичная поверхность каждого модуля novac
# (план 274 §10.4; страж check-novac-surface.sh). Формат: <модуль> <число export-строк>.
# Храповик В ОБЕ СТОРОНЫ: рост без поднятия базы — красный (обоснуй в коммите),
# сужение без опускания — красный (протухшая база пропустит следующий рост).
# Снято 2026-08-16. Заметь sem: широчайшая дверь наружу — до-дженериковый реестр.
# Пересъём 2026-08-16 (хвост Э2-б1, канал чекера): sem 54 -> 53. Рост НЕ отменяет
# требования сузить, а исполняет его иначе: +11 — это КАНАЛ (`CheckOut`,
# `CalleeRef`, `SubstRef` и их двери), новый публичный контракт модуля, ради
# которого волна и делалась; +2 — толерантные половины пар (`is_bound`,
# `has_field`), которыми check отказывает ПЕРВЫМ этажом вместо ice; −6 — решётка
# типов (`Scope`, `type_of` и спутники) УЕХАЛА в `check` и больше наружу не
# видна: это и есть обещанное сужение, и именно оно отняло у бэкенда
# возможность спросить тип второй раз.
# check остаётся 1: канал возвращается ИЗ ТОЙ ЖЕ двери парой, а переехавшая
# решётка (`Scope`, `type_of`) наружу не видна — она приватна в модуле.
# tree 19 -> 7: `id_of` — единственная дверь к идентичности узла (ключ канала).
# builtins 9 -> 10 (2026-08-19): `EQUAL_METHOD` — имя метода языка, к
# которому сводится `==`. Живёт здесь по П5: эмиттер не пишет std-имена
# сам, он спрашивает реестр по имени языка.
builtins 10
# check 1 -> 2 (2026-08-20): `check_instance` -- one instance of a generic
# body, typed under its substitution into its OWN channel (Go stenciling).
# Наружу нужна потому, что зовёт её конвейер: он собирает инстансы и типизирует
# каждый отдельно, а сам `check` не знает ни про mono, ни про эмиссию.
check 2
diag 6
emit_c 1
# lex 4 -> 6 (2026-08-18): paren_delta и bracket_delta — таблица глубины
# скобок вышла наружу как ОДНА дверь вместо трёх if-цепочек в парсере
# (владелец: «в match»). Наружу они обязаны выйти потому, что TokenKind
# живёт в lex, а спрашивают о нём в parse; держать таблицу у спрашивающего
# значило бы снова её размножить — три копии уже разошлись, одна из них
# считала `[`/`]` вместо `(`/`)`.
# lex 6 -> 7 (2026-08-18): brace_delta — третья таблица глубины, той же
# формы и по той же причине: список `import a.{X, Y}` читается
# сбалансированным пробегом, и знание «что такое скобка» обязано жить
# там же, где TokenKind, а не размножаться по читателям (три копии уже
# однажды разошлись — одна считала не те скобки).
lex 7
main 0
# mono -- НОВЫЙ модуль (2026-08-18, Э2-б2): коллектор достижимого.
# Наружу три имени: тип Reach, вопрос @has (эмиттер спрашивает про каждую
# функцию) и дверь reachable. @count -- для одной строки вывода конвейера.
mono 4
names 6
parse 1
pipeline 2
# sem 54 -> 56 (2026-08-18): наружу вышли ДВЕ двери параметра,
# param_name_at и param_type_at. Имя и тип параметра больше не берутся
# индексом pk[0]/pk[1]: индекс сдвигается, как только у параметра
# появляется режим (mut/consume), и сдвиг трижды за сутки давал дефект --
# последний раз молча: `int` в `fn take(mut v int)` отвергался как
# неизвестный тип. Дверей две, а не одна: тип ищется ОТ имени, и звать
# его отдельно нужно и чекеру, и эмиттеру.
# sem 56 -> 57 (2026-08-18): arm_body_at — тело плеча match ищется дверью.
# Однострочная форма пишет запятую ПОСЛЕ тела, и три читателя, бравшие
# `ak[ak.len() - 1]`, спросили у чекера тип запятой (ICE «expression kind
# without a type rule»). Наружу дверь обязана выйти потому, что читателей
# трое и они в трёх модулях: typing, type_of и эмиттер.
# sem 57 -> 58 (2026-08-18, Э2-б2): `CheckOut.has_callee` — ТЕРПИМЫЙ вопрос
# к каналу. Коллектор достижимого обходит каждый узел тела, и почти ни один
# из них никого не зовёт: «здесь вызова нет» — это ОТВЕТ, а не дыра, и
# спрашивать его тотальным `callee_of` значило бы падать на нормальном узле.
# sem 58 -> 60 (2026-08-18): две ДВЕРИ реестра — `DefTable.fn_row` и
# `decl_fn_row`. Рост поверхности здесь СНИМАЕТ дубли, а не добавляет их:
# вопрос «строка вызываемого» жил десятью копиями в трёх модулях, две из них
# совпадали тело в тело. Дверь ищут по имени — не нашёл, написал свою.
# sem 60 -> 61 (2026-08-20): `FnTable.compiles_body` — граница «эмитит ли novac
# тело этой строки». Наружу нужна потому, что спрашивает её ЧЕК, чтобы отказать
# вызову по имени, а таблица живёт в sem. Мэнглинг её не спрашивает: имя у нас
# одно и своё (разбор владельца, снявший ветку `foreign`).
# sem 61 -> 62 (2026-08-20): `tparam_slot` — «какой слот связывает это имя»,
# спрошенное во время СБОРКИ, когда строки у вызываемого ещё нет и
# `FnTable.tparam_index` спросить нельзя. Наружу нужна потому, что спрашивает её
# `collect_types` в sem.nv, а живёт она в slots.nv — там, где позиции в дереве.
# sem 62 -> 63 (2026-08-20): `declares_receiver` — «объявляет ли эта декларация
# получателя». Вопрос ОДИН, а считался двумя циклами в разных модулях: типизация
# отказывает объявлению метода до того, как `leaf_text` встретит ветку и ляжет
# ассертом, а правило позиции дженериков отличает `fn[T] []T @map` от `fn box[T]`.
# sem 63 -> 64 (2026-08-20): `CallForm` — форма вызова (`f(x)` против `x.f()`)
# входит в запрос к реестру. Наружу нужна потому, что спрашивают чек и эмиттер,
# а решает таблица. Найдено пробой: без формы `byte_len("abc")` попадал в
# `str @byte_len()` по одной арности, и novac принимал то, что оракул отвергает.
sem 64
source 6
# tree 19 -> 21 (2026-08-20): `Node @is_ident` and `Node @ident_str`.
# Предложение владельца: двухчастный тест «это лист И это идентификатор» стоял в
# шести местах четырёх модулей, и в половине следом брался `leaf_text` того же
# узла — один вопрос на три строки. Текст отдаётся Option, а не пустой строкой:
# сентинел «не та форма» — тот самый класс #652, который проект вычищает.
tree 21
types 16
# builtins 7 -> 9 (2026-08-16): `is_bool_literal` и `bool_c_literal` — язык
# спрашивают ЗДЕСЬ. Вопрос владельца про список литералов вскрыл, что булев
# литерал в подмножестве вообще нельзя было написать: bool получался только из
# сравнения. Заодно страж имён сразу нашёл хардкод "true" в эмиттере.
# diag 5 -> 6 (2026-08-16): `json_escape` — одна дверь экранирования текста для
# §7-строки. Понадобилась, когда через границу супервизора пошли тексты assert
# и контрактов: они произвольны, а контракт ещё и цитирует условие, поэтому
# неэкранированная кавычка ломала бы машинную строку ровно там, где она нужнее
# всего. Ею же чинится латентный баг самого ice_json.
