# База стража check-novac-table-one-filler.py (план 274.5 §3-пред62, реестр
# 221.1 №TBD). По строке на таблицу: `<имя>=<число мест записи>:<модули через
# запятую>`, плюс ключ `total=N`. Храповик судит ВНИЗ только `total`; строки
# нужны, чтобы движение было видно поимённо, а не одним числом.
#
# ЭТО ФОТОГРАФИЯ, А НЕ ИДЕАЛ. Замер 2026-09-04 (окно 274), команда — сам страж:
#   python scripts/guards/check-novac-table-one-filler.py .
# Считались вызовы `.add(`/`.put(`/`.push(` на полях объявления
# `export type Ctx` (novac/src/sem/sem.nv:248) во всех `novac/src/**/*.nv`
# кроме `*_test.nv`; комментарии не считались.
#
# ЧТО ПОКАЗАЛ ЗАМЕР. Все 28 мест записи лежат в ОДНОМ модуле — `sem`. То есть
# сегодня правило «один наполнитель на таблицу» соблюдено, и страж заведён не
# по долгу, а как ЗАМОК: класс дня (наполнитель и спрашивающий разошлись молча,
# три носителя — 249 диагностик у вариантов, 361 у свободных функций, плюс
# канал-против-манглированного-имени у оракула) начинается ровно с того, что в
# таблицу начинает класть второй модуль. Появление второго модуля краснит СРАЗУ,
# без базы и без разрешения — база тут не при чём.
#
# ЧЕГО ЭТОТ ЗАМЕР НЕ ВИДИТ, и это названо, а не умолчано. Четыре поля `Ctx`
# (`module_c`, `prims`, `tys`, `interop`) в отчёте отсутствуют: их наполняют не
# тремя судимыми глаголами. `tys` — интернер, он растёт через `prim(`/`intern(`;
# `interop` читается из встроенной оболочки один раз за процесс; `module_c` и
# `prims` — не таблицы вовсе. Расширять список глаголов на `intern(` значило бы
# судить чтение вместе с записью (интернер отвечает id и на уже известный
# терм), поэтому граница проведена по трём глаголам коллекций и здесь записана.
#
# ДВИЖЕНИЕ. Вниз — со строкой летописи здесь (что убрано и почему). Вверх —
# только вместе с решением, что в реестре появилась новая запись; строку
# таблицы поправить тем же коммитом.
builtin_names=1:sem
coerces=1:sem
consts=1:sem
defs=9:sem
fields=1:sem
fn_decl_rows=2:sem
fns=3:sem
payload_types=1:sem
protos=1:sem
types=7:sem
variant_rows=1:sem
total=28
