# База храповика — scripts/guards/check-nova-expect-ratchet.sh
#
# Считаются `.nv` в spec_tests/conformance с файловым `EXPECT_COMPILE_ERROR`
# маркером и БЕЗ хотя бы одной построчной `// nova:expect E_CODE -- причина`
# пометки (twin `nova:allow`, план 262 Часть Б). Рост запрещён; снижение
# свободно — база опускается той же правкой, когда волна размечает старую
# фикстуру попутно.
#
# ЛЕТОПИСЬ
# 2026-08-10 — база заведена значением 550 (окно p262-b-expect, план 262
#   Часть Б). Первый замер: `bash scripts/guards/check-nova-expect-ratchet.sh`
#   сразу после появления самого механизма `nova:expect` — ни одна
#   существующая фикстура ещё не мигрирована (нулевая точка отсчёта).
#   ДОЛГ: 550 негативных фикстур в spec_tests/conformance несут только
#   файловый маркер. Снижать по мере разбора; каждая волна, трогающая
#   старую негативную фикстуру, обязана довести её до построчной пометки.
unpinned_neg_fixtures=550
