# База стража check-novac-table-one-filler.py (план 274.5 §3-пред62, реестр
# 221.1 №TBD). По строке на таблицу: `<имя>=<число мест записи>:<модули через
# запятую>`, плюс ключ `total=N`. Храповик судит ВНИЗ только `total`; строки
# нужны, чтобы движение было видно поимённо, а не одним числом.
#
# ЭТО ФОТОГРАФИЯ, А НЕ ИДЕАЛ. Замер 2026-09-04 (окно 274), команда — сам страж:
#   python scripts/guards/check-novac-table-one-filler.py .
# Считались вызовы `.add(`/`.put(`/`.push(` на полях объявления
# `export type Ctx` (novac/src/sem/sem.nv:248) во всех `novac/src/**/*.nv`
# кроме `*_test.nv`; комментарии не считались.
#
# ЧТО ПОКАЗАЛ ЗАМЕР. Все 28 мест записи лежат в ОДНОМ модуле — `sem`. То есть
# сегодня правило «один наполнитель на таблицу» соблюдено, и страж заведён не
# по долгу, а как ЗАМОК: класс дня (наполнитель и спрашивающий разошлись молча,
# три носителя — 249 диагностик у вариантов, 361 у свободных функций, плюс
# канал-против-манглированного-имени у оракула) начинается ровно с того, что в
# таблицу начинает класть второй модуль. Появление второго модуля краснит СРАЗУ,
# без базы и без разрешения — база тут не при чём.
#
# ЧЕГО ЭТОТ ЗАМЕР НЕ ВИДИТ, и это названо, а не умолчано. Четыре поля `Ctx`
# (`module_c`, `prims`, `tys`, `interop`) в отчёте отсутствуют: их наполняют не
# тремя судимыми глаголами. `tys` — интернер, он растёт через `prim(`/`intern(`;
# `interop` читается из встроенной оболочки один раз за процесс; `module_c` и
# `prims` — не таблицы вовсе. Расширять список глаголов на `intern(` значило бы
# судить чтение вместе с записью (интернер отвечает id и на уже известный
# терм), поэтому граница проведена по трём глаголам коллекций и здесь записана.
#
# ДВИЖЕНИЕ. Вниз — со строкой летописи здесь (что убрано и почему). Вверх —
# только вместе с решением, что в реестре появилась новая запись; строку
# таблицы поправить тем же коммитом.
# ДВИЖЕНИЕ ВВЕРХ total 28 -> 29 (2026-09-06, окно 274) — ПО СЛАГАЕМЫМ против снимка базы (коммит
# стража 037b326d7, main до слияния W4):
#   W4 (859bf4e26): `collect.nv:91 defs.add(vname, DefVariant)` снято — варианты ушли из `defs`: defs 9 -> 8
#     (-1); заведена таблица `variant_names` с одним местом `collect.nv:135 variant_names.put` (+1); нетто 0;
#   W6 (74ed374cd, №925): `harvest.nv:372 defs.add(mname, DefFn)` — имя СВОБОДНОЙ функции поданного модуля
#     входит в `defs` (носитель 2 из шапки стража, закрыт этой волной): defs 8 -> 9 (+1).
#   Итого 28 - 1 + 1 + 1 = 29 = факт. Строки таблиц ниже — то же состояние по таблицам.
builtin_names=1:sem
coerces=1:sem
# 2026-10-01, cloud session p274-carina-cloud (registry 1518): consts 1 -> 2, defs 11 -> 12,
#   total 36 -> 38. The handed constants: `harvest_consts` (sem/harvest.nv) registers a
#   constant another module exports, beside `harvest_types`, in the same module as the
#   file's own constants (sem/collect.nv). Growth by design, not a second filler.
# consts 2 -> 3, defs 12 -> 13 (2026-10-02, cloud session p274-carina-k1, part 6): a HANDED
#   MODULE VALUE with a written type is registered by `harvest_module_value` (sem/harvest.nv),
#   beside `harvest_consts` in the same module -- one name row and one constant row, the same
#   pair the file's own module values get in sem/collect.nv. Growth by design, not a second filler.
consts=3:sem
# 2026-09-23, integrator (acceptance of the nova-kim E4 wave, 274.11):
# defs 9->11, types 7->10, total 29->34. Five new write sites, all in
# sem (one filler module per table still holds): an effect declaration
# registers its name and its TkEffect row in sem/collect.nv, the second
# pass re-reads its shape in sem/harvest.nv, and sem/sem.nv seeds the
# builtin `Effect` (defs + types). Growth by design, not a second filler.
defs=13:sem
fields=1:sem
fn_decl_rows=2:sem
fns=3:sem
payload_names=1:sem
payload_types=1:sem
protos=1:sem
# types 10 -> 11 (2026-10-01, окно Карины): терм ПЕРЕДАННОГО нового типа пишется своим проходом
#   (sem/harvest.nv `fill_handed_newtype`) -- переданная половина второго прохода собственных
#   новых типов; до этого переданный `type FnRow int` регистрировался записью.
types=11:sem
variant_names=1:sem
variant_rows=1:sem
# total 35 -> 36 (2026-10-01, Carina window, record-form variants): a NEW table `payload_names`
#   (plan 274 s10.3b row) -- one filler, `register_sum_variants`, beside `payload_types`.
# total 38 -> 40 (2026-10-02, part 6 of p274-carina-k1): the handed module value pair above.
total=40
