# 2026-08-18, №730 — ЧИСЛА ИСПРАВЛЕНЫ, а не достигнуты работой.
#   Строки несли по два вердикта и два статуса, а сканер читает ПЕРВОЕ
#   вхождение — то есть судил по устаревшему ответу. После сведения
#   каждой строки к ОДНОМУ действующему ответу:
#     blockers  67 -> 62  — три строки со СНЯТЫМ вердиктом числились
#                          блокерами (№443, №568, №488, №611).
#     no_route  10 -> 0   — шесть маршрутов проставлено ревизией (№639,
#                          №656, №672, №674, №677, №682); три (№611, №660, №662)
#                          оказались давно ЗАКРЫТЫ.
#     no_caveat 33 -> 37  — РОСТ ЗДЕСЬ ЧЕСТНОСТЬ, А НЕ РЕГРЕССИЯ:
#                          четыре ПЕРЕОТКРЫТЫХ строки (№446, №447, №452,
#                          №465) машина считала закрытыми и НЕ ПОКАЗЫВАЛА.
# База стража scripts/guards/check-registry-routes.sh.
# Три числа по реестру docs/plans/221.1-bug-sweep.md, все — ТОЛЬКО ВНИЗ.
#
# ЛЕТОПИСЬ (менять числа можно только с записью строки сюда):
#
# 2026-08-16, заведение. Замер на a23ad2918 + маршруты сегодняшней волны:
#   no_route=20   — открытых K1 без строки `ЧИНИТСЯ` (маршрута к плану/окну).
#                   Шести записям смены (693,694,699,700,701,702) маршрут
#                   проставлен в тот же день; остались 14 старых:
#                   611 639 656 660 662 672 674 676 677 679 680 682 684-692.
#   no_caveat=33  — открытых K1 без оговорки «фикс носителя приёмкой не
#                   считается»; все — записи до 2026-08-11 (441-502 и др.),
#                   заведённые до введения оговорки как нормы.
#   blockers=56   — ОТКРЫТЫХ БЛОКЕРОВ ТЕГА. Тренд, измеренный по истории
#                   реестра: 08-11: 43, 08-12: 46, 08-13: 47, 08-14: 41,
#                   08-15: 45, 08-16: 56. Выжигание НЕ началось; число росло,
#                   и видно это было только вручную. Теперь — гейту.
#                   Из 56 около тринадцати маршрутизированы в чекер-канал
#                   плана 196 (476 534 547 559 567 570 572 598 617 628 633
#                   634) — четверть блокеров в одном окне.
#
# ПОЧЕМУ РОСТ ЗАКОНЕН, НО НЕ МОЛЧА: найти новый блокер — работа реестра, а не
# ошибка. Правило то же, что у arch-ratchet: подняв число, объясни строкой
# ЗДЕСЬ, что именно нашли. Молча растущее число снова станет невидимым.
# 2026-08-16, тот же день, +1 блокер: blockers=56 -> 57. Найдено окном 274 и
# подтверждено интегратором независимо: №703 — `match` по сумме НЕ проверяется
# на исчерпаемость; непокрытый вариант даёт ТИХО неверный результат и код 0
# (`-> str` возвращает пустое на законном входе). Тег блокирует: тихая порча на
# форме языка, которую пишут каждый день. Число выросло НЕ от ухудшения кода —
# от того, что дефект наконец увидели; ровно для этого строка здесь и пишется.
# №704 (`%=`) в том же дне закрыт и в счёт не идёт.
# 2026-08-17, сверка по требованию владельца («всё ли в плане, у всех ли класс,
# приоритет и маршрут»). Два движения, оба вниз-по-долгу:
#   no_route 20 -> 10. Десяти открытым K1 проставлен маршрут, и не поштучно, а
#   ГРУППАМИ ПО КОРНЮ (требование «фиксить класс через одно окно»):
#     * «разрешение имени по строке» — №688, №705 (+ закрытый №696) → 196 W6;
#     * «модель линейности расходится с исполнением» — №685, №686 → окно consume;
#     * «отказ теряет информацию на границе» — №679, №680, №692 → план 173.4,
#       №680 первым (на нём стоит Ф.3);
#     * «LSP строит свою модель имён» — №684, №687 → окно резолвера LSP;
#     * №690 (вердикт до рубежа) и №691 (опора на необещанное стандартом) —
#       свои классы, окна не требуют.
#   blockers 57 -> 58: №706 — остаток исчерпаемости (type-set, is T,
#   generic-инстансы). Число выросло не от ухудшения, а от ЧЕСТНОСТИ: №703 был
#   помечен «ЗАКРЫТ ЧАСТИЧНО», и эта пометка читалась ядром как ЗАКРЫТО —
#   остаток исчезал и из счёта блокеров, и из счёта маршрутов разом. Ядро
#   поправлено (ЧАСТИЧНО ≠ закрыто), остаток выделен в свою запись. То есть
#   58 — это то, сколько было и вчера; 57 было ошибкой измерения.
# 2026-08-17, +1 блокер: 58 -> 59. №709 — inlay-подсказки LSP рисуются не там:
# имя параметра въезжает ВНУТРЬ СЛОВА («Recovery ins**v:** ide») и в комментарий.
# Замечено владельцем на novac/src/parse/parse.nv. Блокирует тег, потому что
# расширение VS Code входит в поставку v0.1 (решение владельца), а файл с
# кириллицей в комментариях — почти любой наш. Улика: 28085 байт против 28029
# символов; функция отображения корректна, фильтр по файлу на месте — значит
# расходится ЕДИНИЦА измерения смещения между производителем и потребителем.
# Маршрут — группа «LSP» (№684, №687, №709), одно окно.
# 2026-08-17, +2 блокера: 59 -> 61. Обе находки — пробы к вопросу владельца
# «дженерики в эффекты не добавляем — не ломает ли это `Fail[E]`». Сам вопрос
# закрыт отрицательно (отказ №570/№614 стоит на объявлении ПОЛЬЗОВАТЕЛЬСКОГО
# эффекта, `Fail` из него исключён), но проба по дороге вскрыла две вещи:
#   №710 — нагрузка `Fail[E]` в обработчике БЕЗ аннотации типизируется как
#   `str` и чекером, и кодогеном: запись `ParseErr` проходит через строковый
#   заголовок, `byte_len()` на ней компилируется и печатает 16. Зелено на
#   неверном — хуже, чем красный СИ.
#   №711 — generic-функция с хвостовым `throw` и не-unit возвратом
#   мономорфизуется в `return NOVA_UNIT`; `check` зелёный, `build` красный.
# Оба числа выросли не от ухудшения кода, а от того, что дефекты наконец
# увидели — и увидели ПРОБОЙ, а не рассуждением о спеке. Маршрут у обоих один
# (канал 196, одно окно): корень общий — подпись операции эффекта и mono-
# возврат берутся не из места использования.
# 2026-08-17, +2 блокера: 61 -> 63. Обе — из разбора вопросов владельца, не из планового обхода:
#   №712 — предложенный владельцем blanket-комбинатор `fn[T] T @m[U]` роняет
#   кодоген в [INTERNAL-PANIC] на ЛЮБОМ пользовательском типе, а на встроенных
#   работает. Четыре пробы по одной переменной отделили получателя от имени.
#   №713 — ПУБЛИКУЕМОЕ руководство учит `?` внутри Fail-функции: 20
#   функций в четырёх файлах, форма проверена сборкой — E_TRY_IN_FAIL_FN.
#   Класс №442, но зона хуже: это читает пользователь на сайте.
# 2026-08-17, +1 блокер: 63 -> 64. №714 — функция с не-unit возвратом,
# чьё тело заканчивается биндинг-формой `consume X = e { body }`, собирается и
# возвращает НЕИНИЦИАЛИЗИРОВАННУЮ память (три запуска — три разных числа
# вместо 41). Норма D188 однозначна: биндинг-форма — statement, выражением
# объявлена только re-consume форма. Дефект вскрылся ИЗ ДОКУМЕНТАЦИИ —
# при починке №713, что само по себе довод в пользу №442.
# №715 (loop-invariant не видит переменную цикла) — К2, в блокеры не идёт.
# 2026-08-17, МИНУС один: 64 -> 63. Первое СНИЖЕНИЕ числа с заведения базы.
# №709 понижен с К1 до К2 и снят с блокеров НЕ потому, что стало удобнее,
# а потому что мой собственный диагноз проверен и ОПРОВЕРГНУТ: диагностический
# прогон по файлу владельца дал 255 подсказок и 0 плохих; единица смещения
# ни при чём. Настоящий дефект (подсказка повторяла `ro` биндинга) найден
# по второму снимку, починен и закреплён тестом, умеющим падать.
# Снижение числа требует такой же строки, как рост: иначе следующий рост
# спрячется в освободившемся зазоре.
# 2026-08-17, +2 блокера: 63 -> 65. Разбор окна 274 (novac), оба номера
# назначены интегратором по запросу окна (окно номера само не берёт):
#   №716 — идентификаторы Nova попадают в .c дословно; пятый экземпляр
#   класса О-1 (эмиссия ветвится по ВИДУ узла, когда решение уже в канале).
#   №717 — `ro` течёт через ОБЁРТКУ возврата (кортеж): запись в got.0
#   меняет массив вызывающего при зелёной сборке (родня №325).
# №718 (правило `_opt` без судьи) — К3, в блокеры не идёт.
# Оба роста — от того, что дефекты УВИДЕЛИ пробой во время обычной
# работы над novac, а не от ухудшения кода.
# 2026-08-17, +2 блокера: 65 -> 67. Вторая передача окна 274, обе записи
# проверены интегратором собственными пробами, номера назначены интегратором:
#   №719 — чекер принимает ПОЗИЦИОННЫЙ разбор record-варианта (из ошибочного
#   примера D54), кодоген выпускает невалидный СИ (`no member named '_0'`).
#   Поправка к отчёту окна: «собирается, ноль ошибок» не воспроизвелось —
#   почти наверняка в их пробе функцию никто не вызывал и её выбросил DCE,
#   то есть класс №573 («доказывает лишь то, что парсится»).
#   №720 — `never` лоуэрится как целое и подставляется ИНИЦИАЛИЗАТОРОМ
#   возвращаемого временного. Обе половины проверены: `-> str` падает,
#   `-> int` собирается и ПЕЧАТАЕТ 10. Громкий отказ — совпадение типов, а
#   не дефект; настоящий корень `[LEGACY-#677]`, мимо которого прошли
#   №711 (лишний return) и №714 (отсутствующий): здесь возврат ЕСТЬ, а тип
#   у него чужой.
# №721 (`use` как второй ввоз имён) — К2, в блокеры не идёт.
no_route=0
no_caveat=37
# №728 (`type Bytes []u8` молча значит newtype над `u8`) — новый блокер,
#   найден 2026-08-18 по дороге к №723. Скобка после имени типа — список
#   generic-параметров (D52), и парсер принимает его пустым без
#   диагностики: написано одно, получено другое, молча.
#   Подтверждено пробой: `ro a Bytes = 7` принимается.
# №716 закрыт 2026-08-18 — квалифицированный конструктор варианта
#   generic-суммы нормализуется в голую форму. Класс О-1 остаётся
#   открыт, но блокером тега был именно носитель.
# №729 — новый блокер, найден 2026-08-18: вызов несуществующего
#   СТАТИЧЕСКОГО метода проходит `nova check` кодом 0, а отказ
#   приходит от линковщика. Соседние формы (свободная функция,
#   метод экземпляра) ловятся — дыра очерчена контролем.
# №728 закрыт 2026-08-18 по решению владельца: пустой `[]` в
#   позиции generic-списка отвергается парсером. Радиус нулевой:
#   единственное срабатывание во всём корпусе — сама neg-фикстура.
# 2026-08-19, №731 — 62 -> 57. ПЯТЬ строк были закрыты УЧЁТОМ, а не работой:
#   их правка давно слита и приколота фикстурой, а статус остался OPEN, потому
#   что коммит-правка обновил ДРУГИЕ строки того же файла.
#     №677 — приёмка («never в хвосте для str/int/record») была выполнена
#            фикстурой №720 `d720_never_tail_typed_pos.nv`, покрывающей и
#            `-> Box`; не хватало не фикстуры, а ДОКАЗАТЕЛЬСТВА её силы.
#     №711 — `28a601274`; обратное применение коммита даёт CC-FAIL.
#     №714 — `28a601274`; `neg/d188_missing_return_neg.nv` без правки FAIL.
#            Правило взято ОБЩЕЕ: все statement-формы в хвосте, не один
#            `consume`.
#     №719 — `e83ad3676`; `neg/d54_record_variant_positional_neg.nv` без
#            правки FAIL, и пример D54, учивший неверному, исправлен.
#     №720 — выключатель `NOVA_KILL_720` на том же бинаре: CC-FAIL.
#   ВСЕ ПЯТЬ проверены тем, что фикстура УМЕЕТ ПАДАТЬ, а не тем, что зелена.
#   Против повтора поставлен страж `check-fixed-but-open` (№731).
blockers=57
