# 2026-08-18, №730 — ЧИСЛА ИСПРАВЛЕНЫ, а не достигнуты работой.
#   Строки несли по два вердикта и два статуса, а сканер читает ПЕРВОЕ
#   вхождение — то есть судил по устаревшему ответу. После сведения
#   каждой строки к ОДНОМУ действующему ответу:
#     blockers  67 -> 62  — три строки со СНЯТЫМ вердиктом числились
#                          блокерами (№443, №568, №488, №611).
#     no_route  10 -> 0   — шесть маршрутов проставлено ревизией (№639,
#                          №656, №672, №674, №677, №682); три (№611, №660, №662)
#                          оказались давно ЗАКРЫТЫ.
#     no_caveat 33 -> 37  — РОСТ ЗДЕСЬ ЧЕСТНОСТЬ, А НЕ РЕГРЕССИЯ:
#                          четыре ПЕРЕОТКРЫТЫХ строки (№446, №447, №452,
#                          №465) машина считала закрытыми и НЕ ПОКАЗЫВАЛА.
# База стража scripts/guards/check-registry-routes.sh.
# Три числа по реестру docs/plans/221.1-bug-sweep.md, все — ТОЛЬКО ВНИЗ.
#
# ЛЕТОПИСЬ (менять числа можно только с записью строки сюда):
#
# 2026-08-16, заведение. Замер на a23ad2918 + маршруты сегодняшней волны:
#   no_route=20   — открытых K1 без строки `ЧИНИТСЯ` (маршрута к плану/окну).
#                   Шести записям смены (693,694,699,700,701,702) маршрут
#                   проставлен в тот же день; остались 14 старых:
#                   611 639 656 660 662 672 674 676 677 679 680 682 684-692.
#   no_caveat=33  — открытых K1 без оговорки «фикс носителя приёмкой не
#                   считается»; все — записи до 2026-08-11 (441-502 и др.),
#                   заведённые до введения оговорки как нормы.
#   blockers=56   — ОТКРЫТЫХ БЛОКЕРОВ ТЕГА. Тренд, измеренный по истории
#                   реестра: 08-11: 43, 08-12: 46, 08-13: 47, 08-14: 41,
#                   08-15: 45, 08-16: 56. Выжигание НЕ началось; число росло,
#                   и видно это было только вручную. Теперь — гейту.
#                   Из 56 около тринадцати маршрутизированы в чекер-канал
#                   плана 196 (476 534 547 559 567 570 572 598 617 628 633
#                   634) — четверть блокеров в одном окне.
#
# ПОЧЕМУ РОСТ ЗАКОНЕН, НО НЕ МОЛЧА: найти новый блокер — работа реестра, а не
# ошибка. Правило то же, что у arch-ratchet: подняв число, объясни строкой
# ЗДЕСЬ, что именно нашли. Молча растущее число снова станет невидимым.
# 2026-08-16, тот же день, +1 блокер: blockers=56 -> 57. Найдено окном 274 и
# подтверждено интегратором независимо: №703 — `match` по сумме НЕ проверяется
# на исчерпаемость; непокрытый вариант даёт ТИХО неверный результат и код 0
# (`-> str` возвращает пустое на законном входе). Тег блокирует: тихая порча на
# форме языка, которую пишут каждый день. Число выросло НЕ от ухудшения кода —
# от того, что дефект наконец увидели; ровно для этого строка здесь и пишется.
# №704 (`%=`) в том же дне закрыт и в счёт не идёт.
# 2026-08-17, сверка по требованию владельца («всё ли в плане, у всех ли класс,
# приоритет и маршрут»). Два движения, оба вниз-по-долгу:
#   no_route 20 -> 10. Десяти открытым K1 проставлен маршрут, и не поштучно, а
#   ГРУППАМИ ПО КОРНЮ (требование «фиксить класс через одно окно»):
#     * «разрешение имени по строке» — №688, №705 (+ закрытый №696) → 196 W6;
#     * «модель линейности расходится с исполнением» — №685, №686 → окно consume;
#     * «отказ теряет информацию на границе» — №679, №680, №692 → план 173.4,
#       №680 первым (на нём стоит Ф.3);
#     * «LSP строит свою модель имён» — №684, №687 → окно резолвера LSP;
#     * №690 (вердикт до рубежа) и №691 (опора на необещанное стандартом) —
#       свои классы, окна не требуют.
#   blockers 57 -> 58: №706 — остаток исчерпаемости (type-set, is T,
#   generic-инстансы). Число выросло не от ухудшения, а от ЧЕСТНОСТИ: №703 был
#   помечен «ЗАКРЫТ ЧАСТИЧНО», и эта пометка читалась ядром как ЗАКРЫТО —
#   остаток исчезал и из счёта блокеров, и из счёта маршрутов разом. Ядро
#   поправлено (ЧАСТИЧНО ≠ закрыто), остаток выделен в свою запись. То есть
#   58 — это то, сколько было и вчера; 57 было ошибкой измерения.
# 2026-08-17, +1 блокер: 58 -> 59. №709 — inlay-подсказки LSP рисуются не там:
# имя параметра въезжает ВНУТРЬ СЛОВА («Recovery ins**v:** ide») и в комментарий.
# Замечено владельцем на novac/src/parse/parse.nv. Блокирует тег, потому что
# расширение VS Code входит в поставку v0.1 (решение владельца), а файл с
# кириллицей в комментариях — почти любой наш. Улика: 28085 байт против 28029
# символов; функция отображения корректна, фильтр по файлу на месте — значит
# расходится ЕДИНИЦА измерения смещения между производителем и потребителем.
# Маршрут — группа «LSP» (№684, №687, №709), одно окно.
# 2026-08-17, +2 блокера: 59 -> 61. Обе находки — пробы к вопросу владельца
# «дженерики в эффекты не добавляем — не ломает ли это `Fail[E]`». Сам вопрос
# закрыт отрицательно (отказ №570/№614 стоит на объявлении ПОЛЬЗОВАТЕЛЬСКОГО
# эффекта, `Fail` из него исключён), но проба по дороге вскрыла две вещи:
#   №710 — нагрузка `Fail[E]` в обработчике БЕЗ аннотации типизируется как
#   `str` и чекером, и кодогеном: запись `ParseErr` проходит через строковый
#   заголовок, `byte_len()` на ней компилируется и печатает 16. Зелено на
#   неверном — хуже, чем красный СИ.
#   №711 — generic-функция с хвостовым `throw` и не-unit возвратом
#   мономорфизуется в `return NOVA_UNIT`; `check` зелёный, `build` красный.
# Оба числа выросли не от ухудшения кода, а от того, что дефекты наконец
# увидели — и увидели ПРОБОЙ, а не рассуждением о спеке. Маршрут у обоих один
# (канал 196, одно окно): корень общий — подпись операции эффекта и mono-
# возврат берутся не из места использования.
# 2026-08-17, +2 блокера: 61 -> 63. Обе — из разбора вопросов владельца, не из планового обхода:
#   №712 — предложенный владельцем blanket-комбинатор `fn[T] T @m[U]` роняет
#   кодоген в [INTERNAL-PANIC] на ЛЮБОМ пользовательском типе, а на встроенных
#   работает. Четыре пробы по одной переменной отделили получателя от имени.
#   №713 — ПУБЛИКУЕМОЕ руководство учит `?` внутри Fail-функции: 20
#   функций в четырёх файлах, форма проверена сборкой — E_TRY_IN_FAIL_FN.
#   Класс №442, но зона хуже: это читает пользователь на сайте.
# 2026-08-17, +1 блокер: 63 -> 64. №714 — функция с не-unit возвратом,
# чьё тело заканчивается биндинг-формой `consume X = e { body }`, собирается и
# возвращает НЕИНИЦИАЛИЗИРОВАННУЮ память (три запуска — три разных числа
# вместо 41). Норма D188 однозначна: биндинг-форма — statement, выражением
# объявлена только re-consume форма. Дефект вскрылся ИЗ ДОКУМЕНТАЦИИ —
# при починке №713, что само по себе довод в пользу №442.
# №715 (loop-invariant не видит переменную цикла) — К2, в блокеры не идёт.
# 2026-08-17, МИНУС один: 64 -> 63. Первое СНИЖЕНИЕ числа с заведения базы.
# №709 понижен с К1 до К2 и снят с блокеров НЕ потому, что стало удобнее,
# а потому что мой собственный диагноз проверен и ОПРОВЕРГНУТ: диагностический
# прогон по файлу владельца дал 255 подсказок и 0 плохих; единица смещения
# ни при чём. Настоящий дефект (подсказка повторяла `ro` биндинга) найден
# по второму снимку, починен и закреплён тестом, умеющим падать.
# Снижение числа требует такой же строки, как рост: иначе следующий рост
# спрячется в освободившемся зазоре.
# 2026-08-17, +2 блокера: 63 -> 65. Разбор окна 274 (novac), оба номера
# назначены интегратором по запросу окна (окно номера само не берёт):
#   №716 — идентификаторы Nova попадают в .c дословно; пятый экземпляр
#   класса О-1 (эмиссия ветвится по ВИДУ узла, когда решение уже в канале).
#   №717 — `ro` течёт через ОБЁРТКУ возврата (кортеж): запись в got.0
#   меняет массив вызывающего при зелёной сборке (родня №325).
# №718 (правило `_opt` без судьи) — К3, в блокеры не идёт.
# Оба роста — от того, что дефекты УВИДЕЛИ пробой во время обычной
# работы над novac, а не от ухудшения кода.
# 2026-08-17, +2 блокера: 65 -> 67. Вторая передача окна 274, обе записи
# проверены интегратором собственными пробами, номера назначены интегратором:
#   №719 — чекер принимает ПОЗИЦИОННЫЙ разбор record-варианта (из ошибочного
#   примера D54), кодоген выпускает невалидный СИ (`no member named '_0'`).
#   Поправка к отчёту окна: «собирается, ноль ошибок» не воспроизвелось —
#   почти наверняка в их пробе функцию никто не вызывал и её выбросил DCE,
#   то есть класс №573 («доказывает лишь то, что парсится»).
#   №720 — `never` лоуэрится как целое и подставляется ИНИЦИАЛИЗАТОРОМ
#   возвращаемого временного. Обе половины проверены: `-> str` падает,
#   `-> int` собирается и ПЕЧАТАЕТ 10. Громкий отказ — совпадение типов, а
#   не дефект; настоящий корень `[LEGACY-#677]`, мимо которого прошли
#   №711 (лишний return) и №714 (отсутствующий): здесь возврат ЕСТЬ, а тип
#   у него чужой.
# №721 (`use` как второй ввоз имён) — К2, в блокеры не идёт.
no_route=0
# 2026-08-19, №445 — no_caveat 37 -> 36. Запись закрыта: все три её пункта
#   выполнены. (а) шаг гейта `conformance-full` гонит `--full` и сверяет
#   МНОЖЕСТВО упавших со списком; (б) храповик роста SKIP стоял с №453(б);
#   (в) ревизия пропусков «нечего запускать» сделана замером — все 57 законны.
#   Условие самой записи («включать нельзя, пока дорожка красна больше чем
#   №692») выполнено: PASS 840 / FAIL 1 / SKIP 57.
# 2026-08-19, No.471 -- no_caveat 36 -> 35 with the same closure.
# 2026-08-21 -- no_caveat 35 -> 34. Measured, not attributed: the core
#   prints 34 on HEAD content and 34 on the working tree, so some row
#   gained its carrier caveat in an earlier wave and the ratchet was left
#   where it was. Third stale number in this one file today (blockers,
#   incomplete_entries, this) -- the pattern is not carelessness about
#   any single count, it is that lowering a ratchet has no external
#   caller either: the guard prints the drop and passes, and a passing
#   step is one nobody reads. Rule G8 applies to the baselines too.

# 2026-08-30 — no_caveat 27 -> 26. Опущено НЕ закрытием строки, а замером: при
#   заведении №844/№845 сканер показал 26 при базе 27 — то есть где-то
#   оговорка про носителя была дописана раньше, а храповик остался высоким.
#   Оставленная высокой база разрешает откатиться на столько, на сколько
#   продвинулся, и никто не заметит, — поэтому опускается тем же слиянием.
# 2026-08-27 — no_caveat 28 -> 27. Закрыта №483 (бесконечный цикл в
#   хвостовой позиции ломал кодоген при записи в `Ok`). Премиса не воспроизводится
#   ни в одной из четырёх форм нагрузки, которых требовала её же приёмка, и теперь
#   есть фикстура на восемь случаев с доказанной краснотой. Счёт блокеров НЕ
#   меняется: у строки не было поля статуса, и в blockers она не числилась —
#   заявлять «одним блокером меньше» было бы неверно.
no_caveat=26
# №728 (`type Bytes []u8` молча значит newtype над `u8`) — новый блокер,
#   найден 2026-08-18 по дороге к №723. Скобка после имени типа — список
#   generic-параметров (D52), и парсер принимает его пустым без
#   диагностики: написано одно, получено другое, молча.
#   Подтверждено пробой: `ro a Bytes = 7` принимается.
# №716 закрыт 2026-08-18 — квалифицированный конструктор варианта
#   generic-суммы нормализуется в голую форму. Класс О-1 остаётся
#   открыт, но блокером тега был именно носитель.
# №729 — новый блокер, найден 2026-08-18: вызов несуществующего
#   СТАТИЧЕСКОГО метода проходит `nova check` кодом 0, а отказ
#   приходит от линковщика. Соседние формы (свободная функция,
#   метод экземпляра) ловятся — дыра очерчена контролем.
# №728 закрыт 2026-08-18 по решению владельца: пустой `[]` в
#   позиции generic-списка отвергается парсером. Радиус нулевой:
#   единственное срабатывание во всём корпусе — сама neg-фикстура.
# 2026-08-19, №731 — 62 -> 57. ПЯТЬ строк были закрыты УЧЁТОМ, а не работой:
#   их правка давно слита и приколота фикстурой, а статус остался OPEN, потому
#   что коммит-правка обновил ДРУГИЕ строки того же файла.
#     №677 — приёмка («never в хвосте для str/int/record») была выполнена
#            фикстурой №720 `d720_never_tail_typed_pos.nv`, покрывающей и
#            `-> Box`; не хватало не фикстуры, а ДОКАЗАТЕЛЬСТВА её силы.
#     №711 — `28a601274`; обратное применение коммита даёт CC-FAIL.
#     №714 — `28a601274`; `neg/d188_missing_return_neg.nv` без правки FAIL.
#            Правило взято ОБЩЕЕ: все statement-формы в хвосте, не один
#            `consume`.
#     №719 — `e83ad3676`; `neg/d54_record_variant_positional_neg.nv` без
#            правки FAIL, и пример D54, учивший неверному, исправлен.
#     №720 — выключатель `NOVA_KILL_720` на том же бинаре: CC-FAIL.
#   ВСЕ ПЯТЬ проверены тем, что фикстура УМЕЕТ ПАДАТЬ, а не тем, что зелена.
#   Против повтора поставлен страж `check-fixed-but-open` (№731).
# 2026-08-19, No.639 -- 57 -> 56. Both remaining acceptance points met.
#   (1) The number is NAMED by measurement: the compiler can emit 421
#       diagnostic codes; 79 appear as a bare literal, 364 in the canonical
#       bracketed form, 342 ONLY in the canonical one. 211 are named by at
#       least one neg fixture -- 210 are named by none. The broken pattern
#       had been guarding 19% of the surface.
#   (2) The selftest now exercises BOTH spellings, plus the second half of
#       the same defect (a code already on the base must not be called new).
#       Controlled: reverting the pattern turns case A3 red at once.
#   Beyond the acceptance: the number became a standing ratchet --
#   check-diag-fixture-coverage, baseline 210, selftest 9/9, gate step.
# 2026-08-19, No.729 -- 56 -> 55. The route this very row prescribed was
#   followed in order: FIRST the bare-name class (three W6 waves the same
#   day, 81 -> 16 bare reads, none by name left outside the accessors),
#   THEN the rule. The first attempt had been reverted precisely because
#   the collision made `does this type have such a member` a question
#   about the WRONG type.
#   Measured as the row demanded -- conformance as a SINGLE CU: 816/0
#   (814 plus the two new fixtures); zero hits on std/examples/novac;
#   lint 1459 files / 0 findings; crate 1250/0. Blast radius was exactly
#   one fixture, and that fixture had been documenting the defect as
#   normal (`EXPECT_CC_ERROR Nova_AtomicI32_static_from_bytes`).
# 2026-08-19, No.471 -- 55 -> 54. The carrier vanished on its own and the
#   rule was put in place. The row read 'std/src/net DOES NOT BUILD, any new
#   test beside it fails on a foreign [P67-LEGACY] error'. Measured today:
#   `nova test std/src/net` gives PASS 4 / FAIL 0 and [P67-LEGACY] does not
#   occur at all. Ninth stale row of the day (class No.731).
#   Its rule had two halves and only the first stood: CI runs std tests
#   against a NAMED failure list. The second was missing -- that list
#   guards FAILING tests and is blind to ABSENT ones. Now measured and
#   ratcheted: 39 module dirs, 3 with no test at all (std/src/ffi,
#   std/src/unicode, std/src/runtime/string -- the string runtime).
# 2026-08-19, No.634 -- 54 -> 53. The shipped SEGV is gone: bare `${date}`
#   crashed with 0xC0000005 printing nothing, on a green check and a green
#   build. Root: the checker looked for `display` BY NAME, so seven
#   `std/time/civil` methods survived the D422 migration in the old
#   `(mut w Write)` shape while codegen called them with a `FmtCtx`.
#   Migrated, and the checker now compares the SIGNATURE.
#   The row stays OPEN by its own acceptance (enumerate every ground by
#   which a value reaches an interpolation and prove each by running), and
#   the remaining half of the class is named: a type with BOTH a
#   wrong-shaped `display` AND a `to_str` is still swallowed by the D410
#   hatch -- verified by putting the old shape back and watching the SEGV
#   return. That half closes in codegen, not in the checker.
# 2026-08-19, No.598 -- 53 -> 52. The owner's own rule is enforced at last:
#   a BORROWING method may not consume its own receiver. The promise of
#   the consume system -- given away once -- was bypassed by moving the
#   consuming call INSIDE a borrowing method, and the carrier printed
#   `first=7 second=7 third=7`: one value handed out THREE times with no
#   word from the compiler.
#   Linearity is tracked by binding NAMES and `@` has no name, so the
#   receiver's consumption entered no state at all -- the rule was written
#   down and never enforced (class O-2). Now checked by the SHAPE of the
#   call in `consume_walk_expr`.
#   Blast radius measured at ZERO: no hits across std, examples, novac or
#   the whole conformance corpus; conformance 820/0, lint 1461/0, crate
#   1250/0. Its sibling #572 was probed the same hour and is ALIVE.
# 2026-08-19, No.674 -- 52 -> 51. TWELFTH stale row of the day, and the one
#   that proves the guard's stated boundary rather than its failure.
#   Both rules are enforced, verified by RUNNING: `_y` used after an
#   underscore binding gives [E_UNDERSCORE_NAME_USED], and `Ok(_)` over a
#   linear payload gives [E_LINEAR_PAYLOAD_DISCARDED].
#   They landed in `95c5655e8 lang(D461)`, which names 674 NEITHER in its
#   subject NOR anywhere in its body -- checked by grep. So
#   check-fixed-but-open could not have linked them by any mechanism; that
#   is the boundary No.731 wrote down on the day it was built, now met in
#   the wild. What found this row was the DISCIPLINE of running the
#   carrier first, not a scanner.
# 2026-08-19, No.710 -- 51 -> 50. The handler body written in `with`
#   position was not type-checked AT ALL, and the row is closed by two
#   fixes, not one.
#   Root isolated by a ONE-VARIABLE difference: the same handler literal
#   hoisted into a variable was caught as [E7301] on the same binary,
#   while inline in `with` position it gave PASS: 1 FAIL: 0. So the
#   checker always knew HOW to check handler bodies -- the `HandlerLit`
#   arm existed and worked -- and exactly one descent was missing:
#   `f1_expr_inner` destructured `With { body, .. }` and dropped
#   `bindings`.
#   The SECOND hole was found by not believing my own "closed": the
#   bound pass has its OWN `With` node and its OWN `HandlerLit` arm,
#   declared empty with no reason given. Control on the same binary:
#   `HashMap[UserId, int].new()` with a key lacking `hash()` OUTSIDE a
#   handler -> `does not satisfy `Hash` bound`; the same call INSIDE the
#   body -> silence. Descending into `bindings` alone was NOT enough
#   there: it reaches the literal node, which then returned silently.
#   The first attempt at that probe was written on a user generic fn with
#   a bound and its CONTROL came out green -- the probe could not fail and
#   would have proved nothing (class F1, No.645). The working shape was
#   taken from a LIVE failure, examples/real_world/orm_demo.nv.
#   Radius measured BEFORE landing, as the row itself demanded; 83 files
#   carry handler literals and none is rejected.
#   NOT closed by this row, stated plainly: the typeref walker still
#   destructures `With { body, .. }`. Its probe could not fail either --
#   the control outside a handler was also silent -- so no observable hole
#   can be named there and no edit is made without a measurement.
# 2026-08-19, No.441 -- 50 -> 49. The checker never compared the DECLARED
#   failure payload with the THROWN one -- not weakly, not at all.
#   Control first: `Fail[CommitErr]` throwing `WorkErr` gave PASS: 1
#   FAIL: 0, and so did the same function throwing `CommitErr`. Nothing
#   was comparing them.
#   The spec already carried the rule (handler chosen BY VARIANT TYPE;
#   `Fail[E']` compatible when E is a subset of E'), so this enforces
#   what was written and needed no D-amendment.
#   Radius measured BEFORE any compiler code, with a static estimate over
#   the .nv sources -- and its history matters more than its result: 64
#   suspects, then 36, then 16, every cut being a fix to MY OWN estimator
#   (it did not resolve a variant to its sum; then it kept one owner per
#   variant name while `UnexpectedChar` belongs to two). The residue was
#   estimator gaps and constructor calls the check does not judge. NOT ONE
#   real mismatch exists in the tree -- which is what made the check
#   landable at all.
#   Narrow by construction: only a syntactically visible thrown type (a
#   record literal) is judged; `throw e` and `throw V(...)` are not, and a
#   variant of the declared sum is legal.
#   check-bare-type-lookups (the No.705 ratchet) caught my own patch at 20
#   against a baseline of 16. Fixed on the merits rather than by raising
#   the baseline: both name resolutions moved to `types_get_here`, and the
#   whole-table scan was dropped together with the part of the check it
#   served. Back to 16.
# 2026-08-19, No.740 -- 49 -> 50. GROWTH, and it is measurement honesty rather
#   than a weakened rule: a NEW blocker was found, not an old one re-labelled.
#   `lint-no-silent-int-fallback` reports Cat A1 at 21 against a baseline of 7 --
#   fourteen fresh sites where `type_ref_to_c` fails and a fallback type is
#   emitted SILENTLY, i.e. wrong C with no diagnostic. The sites date from
#   2026-06-11, 2026-07-24 and 2026-08-06: two months of drift.
#   Nothing runs that guard -- 0 in gate.sh, 0 in every CI workflow, 0 in any
#   script. The count did not rise because the tree got worse today; it rose
#   because someone finally looked. Hiding that by leaving the ratchet at 49
#   would be the exact dishonesty these baselines exist to prevent.
# 2026-08-21, No.740 -- 50 -> 49. NOT a closure: the ratchet was set one too
#   high on the day it was written. Measured with the guard's own core against
#   the registry AS OF THAT COMMIT -- `registry-routes-scan.py` printed
#   blockers=49 there, and prints 49 today; the 50 was a hand count that no
#   scanner ever produced. A baseline nobody re-measures is a number that
#   drifts from the thing it guards, which is the failure this file exists to
#   record rather than repeat.
#   Same session found the mirror of it in the handoff prompt: its hand-rolled
#   recipe for the same count answered 47, missing a verdict written in bold
#   (No.712, No.713) and reading "POCHINENO" as open (No.694). The recipe was
#   replaced by a pointer to this core -- one home for one number.
# 2026-08-21, No.743 -- 49 -> 50. GROWTH, and honest: a new blocker, found
#   hours after this same file was lowered 50 -> 49 for a count that was
#   never measured. Multi-argument `println` has no printability gate on
#   its arguments. Measured in ONE built and RUN program: with
#   `#impl(Debug)` on the record, `println("interp = ${p:?}")` prints
#   `Point { x: 1, y: 2 }` while `println("multiarg = ", p)` prints
#   2017309056992 -- the raw pointer as an integer, no diagnostic, exit 0.
#   The same hole with a struct-shaped value is loud instead of silent:
#   `println("at = ", rows.get(1))` passes check and dies in C. Both
#   halves reproduce with no newtype in the file, which is what the probe
#   was actually about.
# 2026-08-21, No.743 withdrawn -- 50 -> 49. The growth an hour earlier was
#   MINE and it was a DUPLICATE: No.670 has owned this class since
#   2026-08-15 (print does not ask whether the type has a representation),
#   already carries the tag verdict and already routes to window D1 with
#   No.584 and No.634. I filed a second row because I searched the
#   registry for the C-level symptom (`NovaOpt_nova_int`) and not for the
#   behaviour (a pointer printed as a number), which is how a duplicate
#   gets past a registry with 699 rows.
#   The measurement itself was NOT wasted and is folded into No.670: the
#   silent half is alive in the MULTIARG form on a type that HAS a derived
#   Debug, while interpolation of the same value in the same program is
#   correct. No.670's 2026-08-19 recheck concluded "the silence is gone"
#   after re-running only the interpolation form -- so the duplicate row
#   was wrong, and the recheck it contradicted was incomplete.
# 2026-08-22, No.744 -- 49 -> 50. GROWTH by discovery. The right operand of
#   `==` on a sum is evaluated TWICE when the variant matches: measured in a
#   built and RUN program with a call counter -- 2 evaluations on a match, 1
#   on a mismatch (the second clause is short-circuited away). Equality is
#   emitted as a chain of && clauses and the right expression is substituted
#   into each one instead of being materialised once, so a side effect there
#   happens twice. `if next_token() == Tok.Eof` eats two tokens.
#   Found by the recon window p17214-sum-stack and RE-RUN by the integrator
#   before filing -- the window's first version of this finding ("equality
#   compares tags only") did not reproduce and was withdrawn by the window
#   itself; what stayed is what a run printed.
# 2026-08-22, No.744 CLOSED -- 50 -> 49. The blocker filed hours earlier is
#   fixed and the fix is proven both ways on one binary with the build cache
#   cleared: 1 evaluation with the fix, 2 with NOVA_KILL_744=1. Down, as this
#   file's own rule says a ratchet may only go.
# 2026-08-23, No.745 FILED -- 49 -> 50, and this is honest growth, not a slip.
#   CI ran scripts/gate.sh for the first time (plan 275 F.3) and the
#   panic/exit/timeout lane -- which until today only ever ran on the owner's
#   Windows box -- came back with two red fixtures on Linux:
#   standalone/fiber_stack_overflow and standalone/supervised_cancel_double_bind.
#   Both pass here, measured the same hour. A conformance red on the platform
#   we ship for blocks the tag until the failure mode is known, so the count
#   goes UP by one. A number rising because a new judge started judging is the
#   plan working, not the tree getting worse.
# 2026-08-23, No.740 CLOSED -- 50 -> 49. The row said in its own words that it
#   was waiting for one thing and not for another edit: "closes with phase F.3
#   of plan 275 (CI calls the gate tiers), and the row waits for it, not for a
#   new codegen change". F.3 landed, and the proof is a line in CI's own log --
#   the loop-tier job runs `no-silent-int-fallback` against
#   /home/runner/work/nova/nova/compiler-codegen/src. Guards without an external
#   caller, which this row quoted as unchanged at 56, are now 0 of 82.
# 2026-08-23, No.745 CLOSED -- 49 -> 48. Both fixtures of the row are green on
#   BOTH platforms now, measured on a clean Linux image with default arena
#   settings: fiber_stack_overflow PASS 1/0 in 12s (was TIMEOUT 64s),
#   supervised_cancel_double_bind PASS 1/0 in 1s (was TIMEOUT 84s); Windows
#   unchanged green. The second half was never about detection -- both paths
#   ended in a crash after their diagnostic was already printed, and a core of
#   Nova's reserved fiber arena is tens of gigabytes. #436's canon (a program
#   error is a controlled exit) simply had not been applied there.
# 2026-08-23, No.452 CONFIRMED CLOSED -- 48 -> 47, and the caveat count with it.
#   This one cost nothing to fix and twelve days to notice: the row was closed
#   by measurement on 14 August and recorded that as a past-tense sentence
#   rather than the `**Статус:**` field this scanner reads. Finding no field,
#   the scanner counts the row open -- so a blocker that was not one sat in the
#   release count for twelve days. Re-verified today on current main BEFORE
#   touching the wording: 15 runs of 15 green, 20 rounds each, 300 rounds of
#   the reported shape with no overflow.
#   The window's regression fixture, which had been sitting on the unmerged
#   branch p452-stack-overflow the whole time, is merged in the same commit:
#   the class had been "closed" with no judge in the corpus at all.
# 2026-08-23, No.717 CLOSED -- 47 -> 46. The last hole was (1) FORM, and the
#   route this row carried for it was dead: it named variant (v), "infer the
#   return as ro", which the owner's ruling of 22 August retracted -- there is
#   no inference, the author writes `ro`. So the hole closed by widening the
#   CHECK instead: `check_ro_launder_return_at` only ever matched `Ident` in
#   the return position, and `return (v, v.len())` is a TupleLit it never
#   looked inside.
#   Measured before the fix, carried to a running program rather than to a
#   checker verdict: `mut pair = wrap(src); pair.0[0] = 999` type-checked,
#   built, and printed src[0]=999 -- data handed in READ-ONLY, overwritten.
#   Radius measured, not estimated: across the whole corpus the fix refused
#   exactly one existing fixture, d354_generic_anon_tuple_mono, whose
#   signature was the very form the ruling forbids; its source moved to the
#   canon. Corpus in one CU after: PASS 247 FAIL 0.
# 2026-08-23, SIX PHANTOMS VERIFIED AND DECLARED -- 46 -> 42, caveats 33 -> 30.
#   #446, #447, #465, #517, #536 and #599 each stated their own closure in
#   prose and were counted open because the scanner reads the field (#753).
#   Every one was re-verified BEFORE the wording moved, by running the
#   evidence the row itself named:
#     446, 447 -- check-single-mco-resume ok (the guard the rows cite)
#     465      -- three m465 fixtures, PASS: 3 FAIL: 0
#     517      -- std/src/collections/index_map, PASS: 1 FAIL: 0
#     536      -- standalone/p576_modcall_probe, PASS: 1 FAIL: 0
#     599      -- std/src/time + encoding/serde, PASS: 7 FAIL: 0 (the row
#                 promised exactly seven)
#   Not a defect was touched: these rows were closed on 14 August and the
#   release count simply could not see it.
#   УТОЧНЕНИЕ: сначала счёт дал 42, потому что шесть строк несли ДВА
#   маркера `Статус:` — новое поле и старый литерал в прозе («Прежний
#   статус: Статус: …»). После того как проза перестала употреблять
#   маркерное слово, счёт стал 40 — ровно 46 минус шесть проверенных.
# 2026-08-23, No.370 CONFIRMED -- 40 -> 39. The last of the nine phantoms, and
#   the only one whose evidence had to be BUILT rather than re-run: the row was
#   closed on a "probe of three assertions" that was never committed, so the
#   class stood closed on a run nobody could repeat. The probe is now
#   standalone/m370_mut_param_and_clone_pos.nv, PASS: 1 FAIL: 0, and proven
#   both ways -- defect values give PASS: 0 FAIL: 1.
# 2026-08-23, No.381 CLOSED -- 39 -> 38. A protocol bound was enforced only for
#   LITERAL arguments; when the type came from a call the check did not run at
#   all, and the program then failed at the C stage. Fixed in the checker
#   channel in two halves (the call's declared return read from the signature
#   registry, and locals initialised from a call recorded in scope), with two
#   false refusals the corpus caught on the way -- a return mentioning a type
#   parameter, and a bare generic container (D135 carve-out) -- both excluded.
#   Corpus: conformance one CU PASS: 844 FAIL: 0, std PASS: 75 FAIL: 0.
# 2026-08-26 — БАЗА ОПУЩЕНА ПО ФАКТУ, А НЕ ИСПРАВЛЕНА.
#     blockers  38 -> 32 — закрыты №450, №520, №613, №679, №765 (починены),
#                          №534 и №567 перестали быть блокерами по замеру
#                          (достижимого неверного поведения не осталось, остаток
#                          архитектурный), заведён №756.
#     no_caveat 30 -> 29.
#   ПОЧЕМУ ЭТО ОТДЕЛЬНАЯ РАБОТА, А НЕ УБОРКА: страж краснеет только на
#   РОСТ, падение пропускает молча. База 38 при фактических 32 разрешала
#   откатиться на шесть строк без единого слова — то есть храповик провисает
#   ровно на величину продвижения. Зафиксировано в `.claude/commands/release.md`.
#
# 2026-08-26 — блокеры 32 -> 31, no_caveat 29 -> 28. Закрыта №476 (краш
#   рантайма на D196 форме-2 внутри Result-функции) — ПО ЗАМЕРУ, а не
#   по ревизии: три формы прошли check/build/запуск чисто, и тем же
#   слиянием закрыт пробел корпуса, из-за которого строка восемнадцать
#   дней числилась живой: форма-2 была приколочена только внутри Fail[E],
#   а Result-конфигурация — та, что крашила — ничем.
#
# 2026-08-26 (тот же день, второй шаг) — блокеры 31 -> 30. Закрыта №584
#   (интерполяция суммы с рукописным @display). Премиса не воспроизводилась
#   ещё с 2026-08-19; строку семь дней держала НЕНАПИСАННАЯ ФИКСТУРА, которую
#   требовала её же приёмка — то есть полчаса работы, а не открытый дефект.
#   Второй такой случай за день (первый — №476): строка числится блокером тега
#   не из-за дефекта, а из-за недостающего доказательства.
#
# 2026-08-26 (третий шаг за день) — блокеры 30 -> 29. Закрыта №713
#   (руководство учило коду, который чекер отвергает). Все три части её собственной
#   приёмки выполнены и проверены запуском, а не по записи в строке: форма со страницы
#   даёт PASS 1 FAIL 0 и ноль E_TRY_IN_FAIL_FN, страж класса стоит в ярусе loop и
#   держит docs/guide на нуле, стороны ru/en совпадают цифра в цифру.
#   Третья строка за день, числившаяся блокером без живого дефекта.
#
# 2026-08-26 (четвёртый шаг) — блокеры 29 -> 28. Закрыта №628
#   (`#impl(Index)` на кастомном типе не маршрутизировал `a[i]`): скобочная и прямая
#   формы дают один ответ, фикстура заведена, краснота доказана подменой значения.
#   Четвёртая строка за день из группы «ни разу не перегоняли»; из неё же №692
#   подтверждён ЖИВЫМ — группа даёт ответ в ОБЕ стороны, а не только закрытия.

# 2026-08-27 — блокеры 28 -> 29, И ЭТО РОСТ, А НЕ РЕГРЕСС УЧЁТА.
#   Заведена №782: один `throw` исполняет обработчик `Fail` ДВАЖДЫ.
#   Найдено побочно — при аудите обходов витрины (A-V8): проба к
#   `[M-flagship-spawn-throw-segfault]` показала, что паники больше нет, зато строка
#   обработчика печатается дважды. Замерено тремя формами, файберы отделены
#   (без `spawn` и `supervised` то же самое), и это НЕ общее свойство эффект-
#   обработчиков: cleanup-тесты корпуса утверждают `== 1` и зелены на том же
#   бинаре. Число поднято потому, что найден НОВЫЙ дефект, а не потому,
#   что старый вернулся: прятать его ради нерастущего числа значило бы
#   сделать храповик врать в ту сторону, где это опаснее всего.

# 2026-08-27 (vtoroy shag za den) -- blockers 29 -> 30, ROST OT NOVOGO DEFEKTA.
#   Zavedena N786: metod, pishushchiy v @-polya, ne obyazan obyavlyat sebya mut --
#   i etim obhodyatsya oba strazha ro-garantii (E_POINTER_RO_MUT_METHOD i
#   E_READONLY_FIELD sprashivayut 'eto mut-metod?', a otvet nikem ne proveryaetsya).
#   Naydeno razborom vozrazheniya vladeltsa k moemu zhe nevernomu zameru N387:
#   doslovnaya forma N387 LOVITSYA, proshlo drugoe. Chetyre proby na e118667ef.

# 2026-08-27 (третий шаг за день) — блокеры 30 -> 29. Закрыта №467, и закрыта
#   НЕ фиксом, а чтением нормы: её понятийный вопрос («что значит `ro` —
#   заимствование или копия») уже отвечен в D246 нормативно, дословно
#   «`ro` = ЭТО ИМЯ/ПУТЬ не пишет, НЕ объект заморожен» (02-types.md:11226),
#   дверь для независимой копии там же — явный `.clone()` (11357-11359), а
#   различитель алиаса дал сам владелец амендментом 2026-08-21 (реестр №717)
#   с таблицей форм инициализатора.
#   ЗАПИСЫВАЮ И СВОЮ ОШИБКУ, потому что она стоила двух суток чужого внимания:
#   я несколько раз утверждал, что решения «нет в спеке», и собирался писать
#   под него новый D-блок (номер D467 был уже взят). Искал ФОРМУЛИРОВКУ, а не
#   СМЫСЛ. Блок не написан — он расколол бы одно правило надвое.
#   И «каноническое репро», вписанное мною в №467 тем же утром, показывает не
#   дефект, а норму: `ro b = a` по таблице амендмента есть АЛИАС, а `ro` и не
#   обещал, что объект не изменится. Числа там верны, вывод из них был неверен.
#   Живой остаток темы не потерян — он стоит отдельной строкой №786 (метод
#   пишет в `@`-поля, не объявляя себя `mut`), и именно поэтому счёт за день
#   выглядит плоским: один блокер ушёл, другой пришёл.

# 2026-08-29 — блокеры 29 -> 30: ВОШЛА №790. Чтение боксированной mut-локали
#   после supervised(cancel:), отменённого на парковке в uv-accept(), падает в
#   фибро-арене (таймер в той же форме чист — потому все пробы со sleep()
#   проходили). Найдена ЗАВЕРШЕНИЕМ A-V9, не аудитом: smoke graceful shutdown
#   валился, бисекция serve() сузила до одного вызова available_permits().
#   Носитель обойдён в polaris той же волной (accept-цикл вынесен в функцию,
#   захвата в теле serve() нет; зона src/net+src/rt PASS 11 FAIL 0), но класс
#   живёт в кодогене/рантайме и блокирует тег: паттерн «accept-цикл с
#   admission-семафором и дренажем» — дословно код каждого пользовательского
#   сервера. Оговорка «accept() не доказан» из утреннего замера A-V9 оказалась
#   пророческой — мерили таймером, дыра была в uv-парковке.

# 2026-08-29 (второй шаг) — блокеры 30 -> 31: ВОШЛА №791. Отмена stop-токена из
#   фибры ОБРАБОТЧИКА гасит accept-цикл (порт закрыт, дренаж прошёл), но процесс
#   не выходит никогда; очевидный обход detach{cancel} в обработчике честно
#   отвергнут компилятором (E_DETACH_REQUIRES_EFFECT, D50) — то есть паттерн
#   «shutdown-эндпоинт» сегодня невыразим. Найдена ЖИВОЙ приёмкой витрины
#   09-graceful, а не чтением. Ручка останова при этом работает и доказана
#   двумя смоками (serve и serve_router, отмена из detach) — блокером остаётся
#   именно витринная демонстрация, требуемая приёмкой A-V9.

# 2026-08-29 (четвёртый шаг за день) — блокеры 31 -> 32. Вошла №799: вызов
#   функции с параметром-умолчанием ВНУТРИ тела spawn/detach не компилируется —
#   имена параметров вызываемой (их вводит callnorm как блок-локали, D102 Ф.2)
#   сканер захватов принимает за свободные переменные вызывающей.
#   Почему блокер: держит A-V9. `serve_router` получил `stop … = None` этим же
#   утром, и `src/rt/serve_policy_smoke` в polaris стал CC-FAIL; убрать умолчание
#   значит отменить решение владельца о keyword-only ручке останова.
#   ЗАПИСЫВАЮ СВОЮ ОШИБКУ: утром я объявил «дефект 2» старого баннера polaris
#   не воспроизводящимся — проба вызывала из ОБЫЧНОЙ функции. Ось «вызов внутри
#   тела spawn» не была взята, и именно она несёт класс. Снятие дефекта
#   доказывается матрицей осей, а не одной формой.

# 2026-08-29 (четвёртый шаг за день) — блокеры 32 -> 34, И ЭТО РОСТ ПО СЛОВУ
#   ВЛАДЕЛЬЦА, А НЕ ПО НАХОДКЕ. Он прочитал оба предложения дня и сказал:
#   «включи до тега в релиз». Перемечены №794 (сырой перевод строки в кавычках:
#   оракул принимает молча, novac отвергает — два компилятора расходятся в
#   базовом правиле языка) и №795 (голый backtick недоопределён: `${}` не
#   интерполируется, `\r` из CRLF уезжает в значение, набор escape — префикс
#   грамматики с многоточием). Обе стояли «НЕ БЛОКИРУЕТ ТЕГ» по МОЕЙ
#   маршрутизации, и это была именно маршрутизация, а не решение владельца.
#   Планы заведены тем же днём: 277 (строковые литералы, D467 + амендмент D48)
#   и 278 (агент-охотник); в 221 добавлены A-V16 и A-V17.
#   Храповик двигается ВВЕРХ осознанно и ровно один раз: расширен ОБЪЁМ тега,
#   а не пропущен дефект. Отсюда — только вниз.
# 2026-08-30: 34 -> 35. Заведён №813 — четыре шага яруса `push` судили бинарь,
#   который гейт ещё не собрал (на CI — бинарь из кеша: ключ кеша есть хеш
#   nova-cli/Cargo.lock и не меняется от правок compiler-codegen). Из-за этого
#   внешний авторитетный гейт красен с 2026-08-29 девятью отказами
#   check-oracle-nesting-depth, а локальный зелёный вердикт был слабее, чем
#   звучал. Блокер тега — тегать на красном CI нельзя. Порядок шагов исправлен
#   тем же слиянием (класс, все четыре носителя), но строка закрывается только
#   ЗЕЛЁНЫМ ночным прогоном, а не слиянием, — поэтому храповик двигается вверх
#   ОСОЗНАННО: дефект назван, а не пропущен.
# 2026-08-30: 35 -> 33. ДВА БЛОКЕРА ЗАКРЫТЫ, и оба — разные случаи.
#   №813 — ЗАКРЫТ ПО СВОЕМУ ЖЕ КРИТЕРИЮ: строка говорила «закрывается
#   ЗЕЛЁНЫМ прогоном, а не слиянием». Авторитетный nova-gate зелён ДВАЖДЫ
#   подряд (33313867189, 33315315456), и все СЕМЬ workflow зелены — сверено
#   `gh run list`. Хвост, названный в строке честно (механизма против
#   повторения нет), закрыт ТЕМ ЖЕ слиянием, а не отложен: заведён
#   check-gate-build-order.sh, и он в ПЕРВЫЙ ЖЕ ПРОГОН нашёл ПЯТОГО
#   носителя (check-clean-checkout-build на строке 633 при сборке на 866),
#   которого ручной перебор «всех шагов яруса push» пропустил.
#   №795 — ЗАКРЫТ ПОЧИНКОЙ, все четыре его пункта: голая форма
#   интерполирует (277 Ф.3), CRLF не уезжает в значение (Ф.5), escape ровно
#   три (Ф.4), расхождение грамматики и кода снято НОРМОЙ (D467 §6).
#   Приёмка замером: conformance ОДНИМ CU 266/0, проба обеих сторон по
#   каждой фазе. Оба числа НЕ «исправлены учётом»: в обоих случаях
#   сначала случилась РАБОТА, потом замер, потом число.
#   ТЕХНИЧЕСКАЯ ЗАМЕТКА, стоившая двух попыток: сканер читает ПЕРВОЕ
#   поле `Статус:`, поэтому дописать закрытие в хвост НЕДОСТАТОЧНО —
#   прежнее поле обязано стать летописью без маркера («Статус был:»),
#   как и требует check-registry-single-verdict.
# 2026-08-30 (тот же день, после снижения): 33 -> 38. РОСТ ПО НАХОДКЕ, ПЯТЬ НОВЫХ
#   БЛОКЕРОВ — и это ПЕРВАЯ ОХОТА ПО ОРАКУЛУ (план 278 Ф.7, пункт 221 A-V17).
#   До сегодня охот по оракулу не было ни одной: все пять охот дня ушли в novac,
#   а план 278 утверждал, что оракулу «положен один проход и он уже сделан (№800)».
#   Отсюда и вывод, который важнее самих чисел: число блокеров было низким не
#   потому, что оракул чист, а потому, что его никто не обстреливал с этой стороны.
#     №819 — операция эффекта с НЕОБЪЯВЛЕННЫМ тип-параметром проходит check и
#     даёт [INTERNAL-PANIC] на build — дыра в отказе №570 (он ключуется на ОБЪЯВЛЕННЫЙ
#     список генериков). Найдено НЕ охотой, а замером пункта A-E2: из 32 входов
#     examples собрался 31, и единственный отказ оказался живым носителем класса.
#     №821 — `nova doc file.txt` даёт rc=0 и печатает пустоту (тихий успех, класс №770),
#     а `HELLO.NV` отвергается на том же файле — одна дверь, два противоположных отказа.
#     №822 — без прелюда компилятор винит ВЕРНЫЙ исходник из собственного
#     quickstart'а, тогда как резолвер импортов на тот же дефицит отвечает громко.
#     №823 — кириллица в `--help`, в текстах ошибок и в ОПУБЛИКОВАННОЙ JSON-схеме
#     с внешним `$id` — против собственного правила `AGENTS.md` §Language.
#     №825 — BOM не снимается, против НОРМЫ D104, и сниппет при этом лжёт.
#   ЧЕТЫРЕ ИЗ ПЯТИ ПОМЕЧЕНЫ БЛОКЕРАМИ МОЕЙ МАРШРУТИЗАЦИЕЙ, А НЕ СЛОВОМ
#   ВЛАДЕЛЬЦА, и в каждой строке это сказано дословно — прецедент №794/№795,
#   где моя маркировка оказалась не решением владельца и была им пересмотрена.
#   Снять любую из них — его слово, и число тогда пойдёт вниз без единой правки кода.
# 2026-08-30 (третий сдвиг за день): 38 -> 40. ВТОРАЯ ОХОТА ПО ОРАКУЛУ
#   (клетка «строковые литералы против D467») — ещё 16 находок, из них ДВА новых
#   блокера. Клетка выбрана по правилу «самый свежий код — наименее обстрелянный»:
#   этот код переписан ТЕМ ЖЕ ДНЁМ по D467, и охота подтвердила правило.
#     №832 — `\` перед многобайтным символом РОНЯЕТ компилятор (`internal
#     error ... not a char boundary`) в ДВУХ формах литерала; класс назван ПО
#     СВОЙСТВУ («escape пропускается по БАЙТАМ»), три адреса — урок №815.
#     №833 — ЗНАЧЕНИЕ литерала зависит от того, CRLF или LF в файле (13 против
#     10 байт), хотя D467 §7 п.4 написан ИМЕННО против этого.
#   ТРЕТИЙ КРАХ ТОЙ ЖЕ ОХОТЫ В СЧЁТ НЕ ИДЁТ, ПОТОМУ ЧТО ПОЧИНЕН
#   ТЕМ ЖЕ ДНЁМ: №829 — вложенная интерполяция обходила предел глубины №800
#   (крах треда без диагностики), закрыт с фикстурой и conformance 266/0.
#   ДВЕ СТРОКИ ТОЙ ЖЕ ОХОТЫ — МОИ СОБСТВЕННЫЕ ОШИБКИ В НОРМЕ, и обе
#   закрыты амендментами того же дня: №830 (грамматика D48 осталась с
#   многоточием после того, как D467 §6 закрыл набор) и №831 (§2 называл `\xNN`
#   байтом и утверждал, что так уже реализовано, — оба утверждения неверны).
#   Урок второй стоит дороже строки: норма объявила себя «замеренной»,
#   не будучи замеренной СБОРКОЙ: `check` молчит, когда дефект в ЗНАЧЕНИИ.
# 2026-08-30 (четвёртый сдвиг за день): 40 -> 41. ОДИН НОВЫЙ БЛОКЕР, №839,
#   и нашёлся он НЕ ОХОТОЙ, а попыткой закрыть ПРОБЕЛ В СПЕКЕ, названный окном 274:
#   «нет E-кода на не-Option слева от `??`». Проба показала, что кода нет не потому,
#   что он не назван, а потому что ОТКАЗА НЕТ ВОВСЕ: `ro n = 5` и `n ?? 99`
#   собирается, запускается и печатает **99** — любое не-Option значение слева молча
#   считается `None`, и написанное теряется. Три свидетеля в одной программе, включая
#   литерал `42 ?? 77` → 77.
#   УРОК, РАДИ КОТОРОГО ЭТА СТРОКА ЗДЕСЬ: вопрос «какой здесь код ошибки»
#   задаётся ЗАПУСКОМ, а не грепом по спеке: греп отвечает «не назван», а запуск —
#   «не существует», и это разные диагнозы с разной ценой.
#   ТРИ СОСЕДНИЕ СТРОКИ ТОГО ЖЕ РАЗБОРА В СЧЁТ НЕ ИДУТ, потому что закрыты
#   тем же днём амендментами спеки: №840 (D38 отвергал `Vec[T].new()`, а D232/D239
#   ACTIVE его канонизировали), №841 (`??` и `!!` не имели записанного приоритета;
#   закрыто четырьмя замерами сборкой), №842 (D55 описывал состояние до собственного
#   расширения). Все три — ОДИН КЛАСС С №830: спека осталась позади своей же
#   реализации, и четырёх случаев за один день достаточно, чтобы считать это классом,
#   а не совпадением.
# 2026-08-31 — blockers 41 -> 40. Закрыта №799 (К1) ПОЧИНКОЙ, а не переклассификацией
#   и не фантомом: вторая половина (коллизия имени) починена в `callnorm.rs`
#   переименованием локалей фазы 2. Приёмка самой строки выполнена
#   дословно: polaris `src/net`+`src/rt` PASS 12 FAIL 0 (было 11/1), умолчание
#   `stop` на месте. Проба обеих сторон — ОДНО дерево, ДВА бинаря.
#   `spec_tests/conformance` — PASS 267 FAIL 0.
# 2026-08-31 — blockers 40 -> 41. РОСТ ЗДЕСЬ ЧЕСТНОСТЬ: заведена №852 (К1) —
#   восемь ПУБЛИЧНЫХ подписей std бросают СВОЮ ошибку вместо `Result[T, E]`
#   (D325 R1) плюс `try_exists` без инфаллибл-близнеца (R3). Гвард на это
#   СУЩЕСТВУЕТ и красен давно, но лежит в `compiler-codegen/tests/`, а и гейт,
#   и CI гоняют там только `--lib` — ограничение честно названо в шапке
#   `check-crate-tests.sh` и числится работой №723. Число выросло потому,
#   что блокер НАШЛИ, а не потому, что его создали: он стоял в std до
#   сегодня и уехал бы в тег молча. В том же слиянии число СНИЖЕНО на
#   единицу закрытием №799, то есть сальдо вечера — 41 -> 40 -> 41.
blockers=41
