# База храповика — scripts/guards/check-retracted-param-form.sh
#
# Исторический осадок снятой постфиксной формы параметра (D445 AMEND
# 2026-08-12, реестр №611). Замер 2026-08-16.
#
# docs/guide базы НЕ имеет: публикуемое руководство обязано быть чистым (0),
# и оно чисто с 2026-08-16.
#
# plans/dev — закрытые планы 100.x-123.x, написанные когда форма была живой;
# переписывать их значит подделать запись о том, что решалось тогда.
#
# spec — четыре штуки, все законные: два помеченных крестом контрпримера
# в 02-types.md, заметка про mut @zcollect_into и вопрос про ref mut
# в open-questions.
plans=80
dev=14
spec=4
