# База check-spec-code-home.py: пары «код блок» -- код диагностики назван в D-блоке, который не
# ссылается на ДОМ кода (новейший по номеру блок среди называющих этот код). Строка =
# «<E_/W_ код> D<номер блока без ссылки>».
# База ТОЛЬКО УБЫВАЕТ: поставил в блок указатель на дом -- вычеркни строку тем же диффом
# (страж краснеет на строке, за которой нарушения больше нет).
#
# ЗАСЕВ 2026-10-02 (слово владельца: «спека однозначно понятна из любого места»): всё, что
# нашлось на день заведения. Это не список ошибок: часть пар -- код, упомянутый мимоходом в
# старом блоке, и разбирается указателем, когда блок трогают; часть -- настоящие места
# старого правила, и им указатель нужен срочно (первыми -- коды с домом D486/D489).
E_ADDR_OF_MUT_REQUIRES_MUT_BINDING D296
E_ADDR_OF_REMOVED D296
E_AMP_RECORD_LITERAL D228
E_AUTO_DERIVE_FIELD_LACKS_PROTOCOL D109
E_AUTO_DERIVE_FIELD_LACKS_PROTOCOL D230
E_AUTO_DERIVE_UNKNOWN_PROTOCOL D109
E_BAD_FORMAT_SPEC D258
E_BARE_TYPEVAR_NEEDS_PREFIX D145
E_BLANKET_CONFLICT D296
E_BLANKET_CONFLICT D355
E_BLOCKING_SYNC_PARK D172
E_BOUND_NOT_PROTOCOL D145
E_BOUND_NOT_SATISFIED D310
E_BOUND_UNKNOWN D145
E_BREAK_VALUE_OUTSIDE_LOOP_EXPR D485
E_CALLBACK_THROWS_OVER_C_ABI D296
E_CALLBACK_THROWS_OVER_C_ABI D353
E_CLOSURE_HAS_ENV D296
E_CLOSURE_HAS_ENV D353
E_CMP_CHAIN_UNSUPPORTED D248
E_CODE D296
E_COERCE_GENERIC_PATTERN_UNSUPPORTED D145
E_CONCURRENT_MUT_CAPTURE D415
E_CONCURRENT_MUT_CAPTURE D50
E_CONCURRENT_MUT_CAPTURE D71
E_CONST_FN_DIV_ZERO D199
E_CONSUME_KEYWORD_MISSING D180
E_CONSUME_KEYWORD_MISSING D296
E_CONSUME_KEYWORD_MISSING D428
E_CONSUME_KEYWORD_MISSING D429
E_CONSUME_KEYWORD_MISSING D445
E_CONSUME_RECEIVER_RETURNS_AT D176
E_CONSUME_RECEIVER_RETURNS_AT D184
E_CONTRACT_MESSAGE_NOT_STRING D24
E_DETACH_REQUIRES_EFFECT D62
E_DUPLICATE_GENERIC_DECL D145
E_DUPLICATE_PROTOCOL_IMPL D296
E_EFFECT_GENERIC_UNSUPPORTED D456
E_EFFECT_OP_GENERIC_UNSUPPORTED D456
E_EXTENSION_METHOD_NEEDS_IMPORT D287
E_FFI_NON_C_ABI_TYPE D282
E_FFI_NON_C_ABI_TYPE D296
E_FFI_NON_C_ABI_TYPE D337
E_FFI_NON_C_ABI_TYPE D353
E_FIELD_MODULE_PRIVATE D281
E_FIELD_MODULE_PRIVATE D296
E_FORMAT_SPEC_UNKNOWN D258
E_FORMAT_SPEC_UNKNOWN D44
E_HANDLER_OP_RETURN_TYPE_MISMATCH D434
E_IMPL_NOT_A_PROTOCOL_METHOD D268
E_IMPL_SIGNATURE_MISMATCH D268
E_IMPL_UNKNOWN_PROTOCOL D268
E_IMPL_UNKNOWN_PROTOCOL D296
E_KW_REMOVED_LET D184
E_KW_REMOVED_LET D278
E_KW_REMOVED_READONLY D184
E_KW_REMOVED_READONLY D278
E_LINEAR_CAPTURE_IN_FIBER D180
E_LINEAR_CAPTURE_IN_FIBER D188
E_LINEAR_CAPTURE_IN_FIBER D415
E_LOCAL_NOT_MUT D175
E_LOCAL_NOT_MUT D200
E_LOCAL_NOT_MUT D215
E_LOCAL_NOT_MUT D246
E_LOCAL_NOT_MUT D296
E_LOCAL_NOT_MUT D33
E_LOCAL_NOT_MUT D36
E_METHOD_REDEFINITION D267
E_METHOD_REDEFINITION D296
E_MIXED_WIDTH_ARITH D216
E_MIXED_WIDTH_ARITH D405
E_MODIFIER_ORDER D216
E_NULL_PTR_RETRACTED_USE_OPTION D214
E_PARAM_NOT_MUT D176
E_PARAM_NOT_MUT D184
E_PARAM_NOT_MUT D296
E_PARAM_NOT_MUT D33
E_PARAM_NOT_MUT D374
E_POINTER_PREFIX_MODIFIER D176
E_POINTER_PREFIX_MODIFIER D2
E_POINTER_PREFIX_MODIFIER D246
E_POINTER_PREFIX_MODIFIER D32
E_POINTER_PREFIX_MODIFIER D36
E_POINTER_RO_ASSIGN D175
E_POINTER_RO_ASSIGN D246
E_PREFIX_SHADOWS_NAMED_TYPE D145
E_PREFIX_SHADOWS_NAMED_TYPE D30
E_PRIMITIVE_NO_PROTOCOL_METHOD D269
E_PRIV_FIELD_INIT D216
E_PRIV_FIELD_INIT D221
E_PRIV_FIELD_INIT D222
E_PRIV_FIELD_INIT D247
E_PRIV_FIELD_INIT_SPREAD D221
E_PRIV_FIELD_PATTERN D221
E_PRIV_FIELD_PATTERN D222
E_PRIV_FIELD_PATTERN D225
E_PRIV_FIELD_READ D221
E_PRIV_FIELD_READ D222
E_PRIV_FIELD_READ D224
E_PRIV_FIELD_WRITE D221
E_PRIV_PUB_CONFLICT D220
E_PRIV_PUB_CONFLICT D222
E_PRIV_QUALIFIER D281
E_PROTOCOL_EMBED_CYCLE D145
E_PROTOCOL_EMBED_DUPLICATE D145
E_PROTOCOL_EMBED_NOT_NAMED D145
E_PROTOCOL_EMBED_NOT_PROTOCOL D145
E_PROTOCOL_EMBED_UNKNOWN D145
E_PROTOCOL_RENAMED D237
E_PROTO_METHOD_NEEDS_AT D143
E_PTR_ARITHMETIC_BANNED D214
E_PTR_CAST_INVALID_TARGET D214
E_PTR_NO_DISPLAY_USE_DEBUG_STR D186
E_PTR_NO_DISPLAY_USE_DEBUG_STR D229
E_READONLY_COERCE D175
E_READONLY_COERCE D176
E_READONLY_COERCE D184
E_READONLY_COERCE D246
E_READONLY_COERCE D429
E_READONLY_COERCE D55
E_READONLY_CONTENT D175
E_READONLY_CONTENT D184
E_READONLY_CONTENT D246
E_READONLY_FIELD D175
E_READONLY_FIELD D184
E_READONLY_FIELD D36
E_REALTIME_SYNC_PARK D172
E_RECORD_PATTERN_NEEDS_REST D296
E_RECORD_PATTERN_NEEDS_REST D417
E_REDUNDANT_IMPORT_ALIAS D289
E_REDUNDANT_PARAM_RO D55
E_REDUNDANT_POINTER_RO D176
E_REDUNDANT_POINTER_RO D216
E_REDUNDANT_POINTER_RO D246
E_REDUNDANT_POINTER_RO D26
E_REDUNDANT_POINTER_RO D296
E_REDUNDANT_TYPE_MODIFIER D175
E_REDUNDANT_TYPE_MODIFIER D216
E_REDUNDANT_TYPE_MODIFIER D228
E_REDUNDANT_TYPE_MODIFIER D246
E_REDUNDANT_TYPE_MODIFIER D33
E_REFUTABLE_BINDING D296
E_REFUTABLE_BINDING D417
E_RELATIONAL_OPERAND_NOT_ORDERED D248
E_SERDE_BAD_ATTRIBUTE D382
E_SERDE_UNTAGGED_GATED D345
E_SERDE_UNTAGGED_GATED D382
E_SERDE_WIRE_NAME_COLLISION D382
E_SERDE_WIRE_NAME_COLLISION D435
E_STR_CONCAT_PLUS D216
E_STR_CONCAT_PLUS D46
E_STR_NO_INT_INDEX D238
E_STR_NO_INT_INDEX D249
E_STR_NO_INT_INDEX D250
E_STR_NO_INT_INDEX D26
E_STR_NO_LEN D249
E_STR_NO_LEN D26
E_STR_RAW_NEWLINE D44
E_STR_RAW_NEWLINE D467
E_TRY_IN_FAIL_FN D61
E_TRY_IN_FAIL_FN D62
E_TUPLE_POSITIONAL_ACCESS_ON_NAMED D215
E_TYPE_MISMATCH D55
E_TYPE_NAME_TOO_SHORT D30
E_TYPE_UNKNOWN D214
E_TYPE_UNKNOWN D216
E_UNDECLARED_TYPEVAR_IN_RECEIVER D145
E_UNKNOWN_STATIC_METHOD D54
E_UNSAFE_ATTR_DEPRECATED D2
E_UNSAFE_CALL_REQUIRES_WRAP D2
E_UNSAFE_CALL_REQUIRES_WRAP D231
E_UNUSED_PREFIX_TYPEVAR D145
E_UNUSED_PREFIX_TYPEVAR D156
E_VIEW_BINDING_FORBIDDEN D131
E_VIEW_BINDING_FORBIDDEN D157
E_VIEW_BINDING_FORBIDDEN D180
W_FFI_CANCEL_UNSAFE D188
W_FFI_CANCEL_UNSAFE D201
W_PRELUDE_SHADOW D125
W_PRELUDE_SHADOW D126
W_PRELUDE_SHADOW D13
W_PRELUDE_SHADOW D26
W_PRELUDE_SHADOW D267
W_PRELUDE_SHADOW D371
W_PRELUDE_SHADOW D78
W_REALTIME_TRY_LOCK_FOR_TIMER D169
W_REENTRANT_CONDVAR_RECOMMEND D169
W_TRY_WITHOUT_SIBLING D169
W_TRY_WITHOUT_SIBLING D317
