# База стража check-std-module-coverage: модули `std/src/**` без единого теста.
#
# Число может только УБЫВАТЬ. Каждое движение — со строкой летописи: какая
# волна закрыла модуль и чем.
#
# 2026-08-19, №471 — база заведена числом 3.
#   Папок-модулей с `.nv` в `std/src` — 45 (neg-каталоги не в счёт: у фикстур
#   на compile-error блока `test "…"` нет и быть не может). С тестами 42.
#   Без единого теста ТРИ:
#     std/src/ffi              — `cstr.nv`, обёртки C-строк;
#     std/src/unicode          — case / category / collate плюс их таблицы;
#     std/src/runtime/string   — chars, core, parse, search, slice, transform.
#
#   ПОСЛЕДНИЙ ЗАМЕТНЕЕ ПРОЧИХ: это строковый рантайм, самая ходовая часть
#   библиотеки, и рядом с ним нет ни одного теста. Его поведение видно через
#   conformance, но конвенция std требует теста РЯДОМ — иначе поломка
#   локализуется не там, где произошла.
#
#   ПОЧЕМУ ЭТО ЗАВЕДЕНО ИМЕННО СЕЙЧАС. Запись №471 требовала правила «модуль,
#   объявленный в std/**, обязан либо собираться в гейте, либо числиться в
#   храповике непокрытости с убывающим числом». Первая половина уже стоит —
#   `check-std-test-baseline` гоняет тесты std на CI против ИМЕНОВАННОГО
#   списка отказов. Второй половины не было: список сторожит падающие тесты и
#   слеп к отсутствующим.

bare=3
