# База храповика БЕССРОЧНЫХ долгов подмножества
# (страж scripts/guards/check-novac-subset-debt-dated.py).
#
# Долг подмножества — это отказ вида «... is not compiled yet». Он временный по
# смыслу, но выглядит правилом, и потому выпадал из обоих механизмов, которыми
# проект держит временное: `check-novac-temp-edges` (у ребра карты есть этап, до
# которого оно законно) и `check-novac-legacy-workarounds` (у обхода есть номер
# реестра). Ребро и обход ВЫГЛЯДЯТ временными; отказ — нет.
#
# ЗАСЕВ 2026-08-30 по вопросу владельца («разве временные решения не под
# запретом? их очень сложно потом вычищать»). Замер на день засева: долгов 13,
# из них с этапом 1, бессрочных 12. Засевается СЕГОДНЯШНИМ числом, а не нулём:
# страж, натравленный на историю, покраснел бы на всём написанном до него и был
# бы снят первым же окном (тот же урок, что при засеве сетки охоты и храповика
# закрытых записей реестра в тот же день).
#
# ХОДИТ ТОЛЬКО ВНИЗ. Новый бессрочный отказ краснеет сразу; закрыть долг или
# дописать ему этап — опустить число здесь той же правкой.
#
# ЗАКОННАЯ ФОРМА ДОЛГА: этап прямо в тексте отказа —
#   "outside the subset: a declared local type is not compiled yet (E2-b3)"
# Так читатель отказа узнаёт не только ЧТО не работает, но и КОГДА перестанет
# быть долгом; без этапа обещание «yet» ничем не обеспечено.
# 2026-09-02 — 12 -> 11 (окно 274, волна И1): интерполяционные отказы
# получили этап (E2-b3), бессрочных стало меньше — храповик опускается
# вслед за фактом, как его шапка и велит.
# 2026-09-13 — 11 -> 96 (окно 274). ЧИСЛО ВЫРОСЛО ОТ РОСТА ОБЛАСТИ, НЕ ОТ РОСТА ДОЛГА,
# и это усиление храповика, а не поблажка. Образец стража ловил одно написание —
# «not compiled yet», — а вторая формулировка того же предмета, «outside the subset: ...»,
# ему видна не была; ею записано большинство отказов. То есть 85 бессрочных упрощений не
# судились ВООБЩЕ и могли расти молча. Улика лежала прямо в этой шапке: образец законного
# долга двумя абзацами выше несёт ОБА написания, и ловился он только из-за второго.
# Теперь судятся все: отказов 122, с этапом 26, бессрочных 96 — и 97-й покраснеет.
#
# ЭТАПЫ 85 ОТКАЗАМ НЕ ДОПИСАНЫ НАРОЧНО. Этап — решение о том, когда упрощения не станет;
# проставить 85 таких решений росчерком значило бы поставить правдоподобные числа вместо
# продуманных. Разбор идёт волной (план 274, раздел о работе без упрощений), и храповик
# опускается вслед за каждой закрытой записью.
#
# ОТДЕЛЬНО, ЧТО ВСКРЫЛОСЬ РАСШИРЕНИЕМ: часть отказов НОСИТ формулировку подмножества, не
# будучи долгом, — например «a binding's initializer refers to the name it binds». Это
# постоянная ошибка языка, а не отставание, и звать её «outside the subset» неверно:
# читатель ждёт, что когда-нибудь заработает. Такие записи чинятся ПЕРЕФОРМУЛИРОВКОЙ, и
# каждая из них тоже опускает число здесь.
# 2026-09-13 — 96 -> 95 (окно 274, волна 1084). ПЕРВОЕ СНИЖЕНИЕ ПОСЛЕ ПОЧИНКИ ОБЛАСТИ:
# отказ `??` над не-контейнером перестал звать себя отказом подмножества (он постоянный:
# D86 даёт ровно два контейнера, и левая часть, не являющаяся ни одним, есть ошибка
# программы), а новый отказ `??` над `Result` заведён СО СРОКОМ (E2-b3). Итог: отказов
# по-прежнему 122, с этапом стало 27 вместо 26, бессрочных 95 вместо 96.
# 2026-09-13 — 95 -> 89 (окно 274). ШЕСТЬ ОТКАЗОВ БЫЛИ ДАТИРОВАНЫ ВСЁ ЭТО ВРЕМЯ, и
# читал их неверно ОБРАЗЕЦ, а не авторы: срок требовалось писать скобкой, содержащей
# ТОЛЬКО этап, поэтому `(E2-b2 multi-file)`, `(E2-b, with the numeric family)`,
# `(no arm coercion before E2-b3)`, `(planned for E2-b2)` не считались сроком вовсе.
# Чинится ФОРМА, а не сообщения: `(E2-b2 multi-file)` говорит читателю больше, чем
# `(E2-b2)` — не только КОГДА, но и ЧТО снимет отказ, — и заставлять автора вычёркивать
# пояснение ради регулярки значит портить сообщение ради удобства механизма.
#
# СКОБКА ОСТАЛАСЬ ОБЯЗАТЕЛЬНОЙ, и это вторая половина честности правки: этап, упомянутый
# в проходной фразе («arrives with E2-b3»), сроком не считается — таких в дереве один,
# `check/rules.nv:813`, и он остался бессрочным. Скобка есть авторский жест «я отвечаю
# на вопрос когда», а не «эти буквы встретились в предложении». Обе оси закрыты случаями
# самотеста, которых стало 17.
# 2026-09-13 — 89 -> 87 (окно 274). Два отказа перестали звать себя отставанием
# подмножества: спека делает обе формы ПОСТОЯННЫМИ ошибками программы, и реализовывать
# тут нечего, потому что novac уже прав. См. запись у `refusals=` ниже.
# 2026-09-13 — 87 -> 85 (окно 274). ДВА РАЗНЫХ СОБЫТИЯ, и смешивать их нельзя:
#   * исчерпаемость `match` перестала числиться отставанием — она ОШИБКА ЯЗЫКА
#     (амендмент 04-effects.md 2026-08-16, реестр №703, решение владельца); это же
#     снимает единицу и с общего числа, см. `refusals=` ниже;
#   * индекс не-`int` ПОЛУЧИЛ СРОК `(E2-b, with the numeric family)` — волна существует
#     (274.5:2916 «char-литерал + каст — одна волна с numeric family»), и соседний отказ
#     про касты уже датирован ею. Срок не выдуман: у предмета есть дом.
# 2026-09-13 — 85 -> 84 (окно 274). Отказ D347 («инициализатор ссылается на имя, которое
# связывает») получил срок `(274.7 B9)`: волну завёл интегратор, номер проверив независимо.
# Форма законна по спеке (D347 R3), и это был не постоянный отказ, а отставание — утренняя
# раскладка относила его к постоянным ПО ВИДУ, и спасло чтение D-блока.
# СРЕДА ЗАСЕВА И СПОСОБ ЕЁ ПЕРЕПРОВЕРКИ (добавлено 2026-09-13 по разбору интегратора).
#
# ПОВОД. Соседний храповик машинных путей оказался неверен С РОЖДЕНИЯ: засев снимали на
# дереве, где один файл нёс бит `skip-worktree`, страж грепал вычищенную локальную копию,
# а блоб в индексе публиковал два пути. Число было ниже правды с первой минуты, и храповик
# потом честно охранял неверное. Словами интегратора: «база, неверная при засеве,
# выглядит в точности как база, которую хорошо держат». Наши числа уязвимы так же — они
# снимаются ГРЕПОМ ПО РАБОЧЕЙ КОПИИ, которая меняется под тем же окном, что её считает.
#
# ГДЕ И ЧЕМ СНЯТО: worktree `nova-p274`, ветка `p274-novac`, 2026-09-13; счёт делает сам
# страж `check-novac-subset-debt-dated.py` через общий дом образца `novac_subset_debt.py`
# по `novac/src/**/*.nv` БЕЗ `_test.nv` и без строк-комментариев.
#
# КАК ПЕРЕСЕВАЮЩЕМУ ПРОВЕРИТЬ, ЧТО ОН ВОСПРОИЗВОДИТ ЗАМЕР, А НЕ СТАВИТ НОВЫЙ — три
# вопроса, у каждого команда, потому что запись среды без способа проверки остаётся словом:
#   1. нет ли битов, из-за которых рабочая копия расходится с индексом:
#      `git ls-files -v novac/src` — законен ТОЛЬКО флаг `H` (кэшировано); `S` есть
#      skip-worktree, строчные буквы — assume-unchanged. На 2026-09-13: 96 записей, все `H`.
#   2. чисто ли дерево: `git status --short novac/src` — на 2026-09-13 пусто.
#   3. совпадает ли множество файлов с тем, что знает git: сравнить `git ls-files` и обход
#      каталога — на 2026-09-13 по 69 файлов с обеих сторон, лишних и пропавших нет.
#
# ОСТОРОЖНО С ПЕРВЫМ ВОПРОСОМ: первая редакция этой проверки сочла аномалией флаг `H` и
# напечатала «среда отличается» на здоровом дереве. `H` — это НОРМА. Проверка, не знающая
# словаря своего предмета, ошибается в обе стороны одинаково громко.
undated=84

# ВТОРОЕ ЧИСЛО — ОБЩЕЕ, храповик ВНИЗ с целью НОЛЬ (274 §1.3а п. «г»). Заведено
# 2026-09-13 окном 274; предписано оно было ещё 2026-09-05 планом 274.7 §И («страж
# получает базу refusals=116 и красит РОСТ»), но ключа здесь не было НИ ОДНОГО ДНЯ:
# план назначил механизм, механизм не построили, а страж исправно печатал «ok» про
# другое число — бессрочные, — и отсутствие второго никого не тревожило.
#
# ПРАВИЛО СЧЁТА, без которого число несравнимо (и потому записано прямо здесь):
# считаются ЛИТЕРАЛЫ отказа в `.nv` под `novac/src`, оба написания («not compiled yet»
# и «outside the subset»), БЕЗ строк-комментариев и БЕЗ `_test.nv`. Число 116 из 274.7
# считало ДРУГОЕ — константы отказа (и 159 мест их употребления), — поэтому вычитать
# одно из другого нельзя: ни рост, ни убыль из этой пары не следуют.
#
# ЗАЧЕМ ВТОРОЕ ЧИСЛО, если есть первое: без него датированный долг мог расти вечно —
# этап проставлен, храповик бессрочных молчит, и отклонений от спеки становится больше.
# Решение владельца требует их УБИРАТЬ, а не датировать навсегда.
# 2026-09-13 — 122 -> 120 (окно 274). ПЕРВОЕ ПАДЕНИЕ ОБЩЕГО ЧИСЛА, и оно означает не
# «реализовали», а «это не было долгом»: `E_LIT_OUT_OF_RANGE` (03-syntax.md:10796 —
# «hard compile error, не silent truncation») и `E_DUP_DEFINITION`/D29 (02-types.md:16070
# — «коллизия как раньше») суть постоянные ошибки программы. Отказ, надевший формулировку
# подмножества, обещал читателю, что форма когда-нибудь заработает; она не заработает.
# В обоих случаях novac СТРОЖЕ оракула, и реестр это знает: #810 (эмитируемый C молча
# переполняется) и #811 (второе тело молча отбрасывается). Подстроки, на которые ссылаются
# `pipeline_test.nv:645` и `subset_test.nv:651`, сохранены — оба теста прогнаны, PASS 2.
# 2026-09-13 — 120 -> 119 (окно 274). Исчерпаемость `match` не была долгом подмножества:
# амендмент спеки снял прежнюю формулировку «через non-exhaustive match warning» как
# «ослабление, которое противоречило спеке и которое реализация не исполняла ВОВСЕ:
# непокрытый вариант проходил check и build и давал ТИХО неверный результат». То есть
# отказ novac — поведение, которого не хватало ОРАКУЛУ, и найдено оно было этим же окном.
# 2026-09-13, ОБЛАСТЬ ЭТОГО ЧИСЛА УЖЕ ЕГО ИМЕНИ — ЧИТАЙ ДО ТОГО, КАК ОПУСКАТЬ.
# Оба числа выше считаются ПО ДВУМ НАПИСАНИЯМ («not compiled yet», «outside the subset»).
# У предмета же есть МАШИННЫЙ КОД: всякий отказ подмножества выходит с `E_NOVAC_SUBSET`
# (одна дверь, `check/check.nv` `@refuse_span`). Эти множества НЕ СОВПАДАЮТ, и вот
# доказательство, найденное пробой `for x in <тип с iter()/next()>`: отказ
# `FOR_CALL_HEAD_MSG` (`check/rules.nv`) несёт код и не несёт ни одного написания —
# он настоящий долг подмножества (D58 требует `iter()`, novac требует `[]T`) и в счёте
# его НЕТ. Перепись того же дня: 43 текста с написанием, 29 без него, и среди этих 29
# есть и долги, и постоянные ошибки языка, носящие код подмножества.
#
# ЧИСЛА НЕ ТРОНУТЫ НАРОЧНО: работы не сделано, а храповик, чьё число подвинули без
# работы, перестаёт быть храповиком. Но опускать его, ДУМАЯ, что мерится предмет,
# нельзя: закроется работа, которой не было. Область чинится волной В11 плана 274.7
# (разделить код долга и код постоянной ошибки, считать ПО КОДУ), и база пересевается
# ОДИН раз после неё — со своим числом, а не с перенесённым отсюда.
#
# Это тот же класс, который эта база уже дважды ловила у себя (одно написание вместо
# двух; скобка вместо проходной фразы). Оба раза область проверки оказывалась УЖЕ
# предмета, и оба раза страж при этом печатал «ok».
# 2026-09-13 — 119 -> 120 (окно 274, В11-г). РОСТ СЧЁТА, А НЕ ДОЛГА, и это тот же случай,
# что 11 -> 96 выше, только в малом. `FOR_CALL_HEAD_MSG` («голове `for` нужен `[]T`»)
# стоял в дереве и вчера, отказывал так же и был долгом так же — невидим был СЧЁТ: текст
# не нёс ни одного из двух написаний, хотя нёс код `E_NOVAC_SUBSET`. Теперь называет себя
# долгом и несёт стадию `(274.7 B12)`, поэтому `undated` остаётся 84.
#
# СОВЕТ СТРАЖА СЮДА НЕ ПОДХОДИТ, и это стоит сказать прямо, чтобы следующий не искал
# подвоха: он предлагает «заменить прежний отказ, а не добавлять». Заменять нечего —
# отказ не новый. Выбор был между «оставить неназванным и сохранить красивое число» и
# «назвать и объяснить рост»; первое и есть болезнь, ради которой эта база заведена.
#
# СТАДИЯ НЕ ВЫДУМАНА: волна В12 (десугаринг `for` через `iter()`/`next()` по D58) заведена
# тем же ходом и стоит ПОСЛЕ закрытия M3 в 274.8 — работа лежит в понижении, которое M3
# как раз переносит. До сегодня у этого предмета не было дома ни в одном плане семьи 274.
# 2026-09-14 — 120 -> 121 (окно 274, В13 шаг ноль). ОТКАЗ ЗАМЕНИЛ ПРЕЖНИЙ, и здесь совет
# стража подходит — в отличие от записи 119 -> 120 выше, где заменять было нечего.
# `type X consume { ... }` до сегодня отвечал КОРЗИНОЙ ПАРСЕРА («novac did not parse
# this»), которая канонического написания не несёт и в счёт не входит. Теперь отвечает
# названный отказ со стадией `(274.7 B13)`: прежний ответ лгал о себе — форма не «не
# разобрана», а не реализована, — новый говорит, чего нет и когда появится.
#
# Долг НЕ вырос: форма не компилировалась и вчера. Вырос СЧЁТ, потому что прежний ответ
# был невидим для мерки. Третий раз за двое суток, когда честность отказа поднимает
# число, и каждый раз это усиление храповика, а не поблажка.
#
# ЗАЧЕМ ФОРМА ВООБЩЕ ЧИТАЕТСЯ, если всё равно отказ: без неё фикстуры на D133 писать
# НЕГДЕ — тип, которому нужна consume-семантика, не объявляется. Это шаг ноль волны В13,
# и он предусловие срочной работы по реестру №1099, а не самостоятельная правка.
# 2026-09-14 — 121 -> 125 (окно 274, срез третьего написания). РОСТ СЧЁТА, НЕ ДОЛГА, и
# причина названа выше по этому же файлу уже третий раз: четыре отказа писались «outside
# the **E1** subset» — написанием, которого список не знает, — и счёт не видел их вовсе.
# Теперь они несут каноническое написание И срок (горизонт Э2, процитированный из плана
# 274), поэтому видимы обеим меркам. Слово «E1» из текстов убрано: этап давно пройден, и
# запись о прошлом вводит читателя в заблуждение дважды — и о том, чего нет, и о том,
# когда появится.
refusals=125
# ТРЕТЬЕ ЧИСЛО — БЕССРОЧНЫЕ ПО ДВЕРИ (волна 274.7 В11-б, засев 2026-09-14, окно 274).
#
# Два числа выше мерят НАПИСАНИЕ текста отказа, а у предмета есть машинный признак:
# через какую ДВЕРЬ течёт текст, то есть какой код получит пользователь. После В11-а
# дверей две — `SubsetDebt` и `LangError`, — и счёт по ним видит отказ независимо от
# того, какими словами он написан.
#
# ЗАСЕВ И ЧТО ОН ПОКАЗАЛ:
#   по написанию: отказов 121, бессрочных 84;
#   по двери:     отказов 137, бессрочных 101, плюс 4 постоянные ошибки на своём коде;
#   из 101 бессрочного 43 НЕ несут канонического написания — счёт по написанию их не
#   видел вовсе;
#   и отдельная слепая зона: ДЕСЯТЬ отказов написаны «outside the E1 subset» — список из
#   двух написаний такого не знает; ни один из десяти не несёт срока.
#
# ТРЕТИЙ РАЗ ОДНА БОЛЕЗНЬ У ЭТОЙ БАЗЫ, и предыдущие два описаны выше: одно написание
# вместо двух (11 -> 96), скобка против проходной фразы (89 -> 83). Каждый раз область
# оказывалась УЖЕ предмета и каждый раз лечилась ДОБАВЛЕНИЕМ написания. Третий раз
# лечится иначе: признак сменён на машинный, и новых написаний можно заводить сколько
# угодно — счёт по двери увидит их все.
#
# ОБА ПРЕЖНИХ ЧИСЛА ОСТАЮТСЯ: они мерят, насколько отказ понятен ЧЕЛОВЕКУ, и это
# отдельное требование. Расхождение двух мерок страж печатает КАЖДЫЙ прогон — оно
# говорит, сколько отказов лгут читателю о своей природе.
#
# ЧЕГО ЗАМЕР ПО ДВЕРИ НЕ УМЕЕТ, названо в доме образца: текст, переданный в дверь через
# переменную или собранный конкатенацией, он не отследит. Сегодня таких нет.
# 2026-09-14 — 101 -> 98 (окно 274, срез разбора 43 невидимых). ТРИ отказа переехали на
# код постоянной ошибки, и КАЖДЫЙ проверен пробой обоих компиляторов ПЕРЕД переездом:
# char-литерал шире одного символа (оракул FAIL, novac отказывает — совпали) и проекция
# кортежа за границу (оракул `check` PASS, `build` падает clang'ом — novac прав).
#
# ДВА ПЕРЕЕЗДА ОТКАЧЕНЫ НАХОДКОЙ, и она важнее трёх удавшихся: «unknown name» и
# «unknown field» служат ДВУМ природам разом. В `examples/tour/modules_tour.nv` novac не
# разрешает импортированный `greet` (долг подмножества), связывание `g` не состоится, и
# «unknown name» на следующей строке — НИСХОДЯЩЕЕ СЛЕДСТВИЕ, а не ошибка программы;
# оракул файл принимает. Пометить такое постоянной ошибкой значит сказать автору, что его
# законная программа неверна навсегда.
#
# ОТСЮДА ПРЕДЕЛ ВСЕЙ РАБОТЫ ПО В11: сообщение НЕ есть единица классификации. Механизм,
# различающий причину и следствие, в схеме есть — поле `poisoned_by`, — но на этом
# каскаде оно `None`. Пока каскад не помечается, оставшиеся 40 невидимых разбираются по
# одному с пробой на КАЖДЫЙ, и быстрее не выйдет.
# 2026-09-14 - 98 -> 94 (okno 274, tot zhe srez). PADENIE: te zhe chetyre otkaza poluchili
# srok i bessrochnymi byt' perestali. OBE bazy dvinuty ODNOY pravkoy i V RAZNYE storony --
# esli by dvigalas' odna, eto znachilo by, chto merki meryat odno i to zhe; oni meryat
# raznoe, radi chego vtoroy schyot i zavedyon.
undated_by_door=94
