# Эталон для scripts/tools/cal-factor.sh — сколько миллисекунд занимает проба
# на СВОБОДНОЙ машине. Множитель = текущий_замер / этот_эталон, потолок 8.
#
# ЛЕТОПИСЬ (менять число можно только с записью строки сюда):
#
# 2026-08-17, заведение. Повод — прогон гейта 18: самотест
# `test-check-doc-conventions.sh`, идущий 46с в одиночку, убит пределом 300с
# под параллельной нагрузкой. Замер того же дня: набор самотестов под `-P 8`
# завершил 37 штук за 120с на свободной машине и 22 за те же 120с, когда
# параллельно шёл фоновой воркфлоу — падение на 40% без единой правки кода.
#
# 2026-08-17, ЗАМЕР НА СВОБОДНОЙ МАШИНЕ (заменил предварительное 1240).
# Пять прогонов пробы сразу после завершения фонового воркфлоу:
#   393, 349, 563, 438, 394 мс.
# Записан МИНИМУМ — 349. Довод тот же, что в шапке `cal-factor.sh`: нагрузка
# добавляет время и никогда не отнимает, поэтому минимум выборки — лучшая
# оценка стоимости на свободной машине; среднее поехало бы от одного всплеска
# (здесь такой всплеск виден — 563).
#
# ЧТО ЭТО ДАЁТ НА ПРАКТИКЕ. Под той самой нагрузкой, что уронила прогон 18,
# проба давала 1240 мс, то есть множитель 1240/349 → 4. Бюджет самотеста по
# умолчанию 120с превращается в 480с — а `test-check-doc-conventions.sh`,
# которому не хватило 300с, идёт 46с в одиночку и укладывается с запасом.
# На свободной машине множитель равен 1, и пределы остаются узкими, то есть
# зависший самотест по-прежнему ловится быстро.
#
# ПОЧЕМУ ЭТАЛОН НЕ ЗАНИЖАЮТ. Заниженное число раздувает все пределы разом и
# прячет зависшие самотесты — а именно против них сроки и заведены (№475).
# Если машину поменяют, перемерить и записать сюда строку; молча — нельзя.
#
# parallel — сколько процессов запускает проба. Должно совпадать с
# `-P` цикла самотестов в gate.sh (`NOVA_GATE_SELFTEST_JOBS`, по умолчанию
# ncpu/2), иначе проба меряет не ту конкуренцию.
ms=349
parallel=8
