# baseline 2026-07-26 (main 6a1a9c451, после влития №114/116/118 — ветвился ДО введения ratchet).
# Рост 62947→63096 / 346→348 осознан: resolved_type_clos_ptr_c (единый источник лоуэринга
# Option[fn], №116-когеренция) + ??-unit эмиссия (№118) — emit-слой по существу.
# ДОЛГ: вернуть lines<=62947 к 196-инвентаризации (231 трек Е/В) — только вниз отсюда.
# Рост 63096→63104 осознан (222.3 §5, окно p2223b): `ClosureFull` closure-arg
# return/param-typevar inference (~41372, emit_c.rs) НЕ ИМЕЛ АРМА ВООБЩЕ —
# только `ClosureLight` был обработан; закрывающий `_ => String::new()` молча
# терял T1/T2/R для method-level-generic сахара с 2+ независимо-связанными
# generic-параметрами closure-аргумента (Router-style extractor arity-сахар),
# КОГДА одновременно существует конкретный sibling того же имени (checker's
# `resolve_method_return_with_closure_args` — единственный производитель
# node_substs для ЭТОГО класса вызовов — архитектурно гейтится на разрешение
# ВНЕШНЕГО return-типа callee и никогда не вызывается, когда внешний return
# уже конкретен, т.е. канал для этого класса недостижим без более широкой
# перестройки producer'а; emit-слой — правильное место для симметричного
# ClosureFull-арма рядом с существующим ClosureLight-армом). Верифицировано:
# 4 изолированных репро (арность 1/2/3, с/без конкурирующего конкретного
# sibling) + мега-CU spec_tests/conformance 586/1/67 (единственный FAIL —
# документированный pre-existing intermittent a_q3_println_debug_record).
lines=63104
infer=348
